2025-01-31 17:26:15,823 - WDM - INFO - ====== WebDriver manager ======
2025-01-31 17:26:15,981 - WDM - INFO - Get LATEST chromedriver version for google-chrome
2025-01-31 17:32:46,853 - WDM - INFO - ====== WebDriver manager ======
2025-01-31 17:32:48,864 - WDM - INFO - Get LATEST chromedriver version for google-chrome
2025-01-31 17:32:49,159 - WDM - INFO - Get LATEST chromedriver version for google-chrome
2025-01-31 17:32:49,370 - WDM - INFO - There is no [win64] chromedriver "132.0.6834.159" for browser google-chrome "132.0.6834" in cache
2025-01-31 17:32:49,370 - WDM - INFO - Get LATEST chromedriver version for google-chrome
2025-01-31 17:32:49,906 - WDM - INFO - WebDriver version 132.0.6834.159 selected
2025-01-31 17:32:49,908 - WDM - INFO - Modern chrome version https://storage.googleapis.com/chrome-for-testing-public/132.0.6834.159/win32/chromedriver-win32.zip
2025-01-31 17:32:49,908 - WDM - INFO - About to download new driver from https://storage.googleapis.com/chrome-for-testing-public/132.0.6834.159/win32/chromedriver-win32.zip
2025-01-31 17:32:50,171 - WDM - INFO - Driver downloading response is 200
2025-01-31 17:32:51,938 - WDM - INFO - Get LATEST chromedriver version for google-chrome
2025-01-31 17:32:52,398 - WDM - INFO - Driver has been saved in cache [C:\Users\mdsmy\.wdm\drivers\chromedriver\win64\132.0.6834.159]
2025-01-31 17:32:53,516 - root - INFO - Open URL: https://the-internet.herokuapp.com/
2025-01-31 17:32:55,612 - elements.base_element - INFO - Waiting for button 'Main page -> Alerts page' to be clickable
2025-01-31 17:32:55,683 - elements.base_element - INFO - Clicking on button 'Main page -> Alerts page'
2025-01-31 17:32:55,944 - elements.base_element - INFO - Waiting for button 'JS alerts page -> Alerts button' to be clickable
2025-01-31 17:32:55,959 - elements.base_element - INFO - Clicking on button 'JS alerts page -> Alerts button'
2025-01-31 17:32:55,997 - root - INFO - Switch to alert
2025-01-31 17:32:55,997 - browser.browser - INFO - Switching to alert
2025-01-31 17:32:55,997 - browser.browser - INFO - Waiting for alert to appear with timeout 10 seconds
2025-01-31 17:32:55,998 - root - INFO - Get alert text
2025-01-31 17:32:55,999 - browser.browser - INFO - Accept alert
2025-01-31 17:32:55,999 - browser.browser - INFO - Waiting for alert to appear with timeout 10 seconds
2025-01-31 17:32:55,999 - browser.browser - INFO - Switching to alert
2025-01-31 17:32:55,999 - browser.browser - INFO - Waiting for alert to appear with timeout 10 seconds
2025-01-31 17:32:56,002 - browser.browser - INFO - Alert successfuly accept
2025-01-31 17:32:56,017 - elements.base_element - INFO - Waiting for button 'JS alerts page -> Confirm button' to be clickable
2025-01-31 17:32:56,032 - elements.base_element - INFO - Clicking on button 'JS alerts page -> Confirm button'
2025-01-31 17:32:56,066 - browser.browser - INFO - Switching to alert
2025-01-31 17:32:56,067 - browser.browser - INFO - Waiting for alert to appear with timeout 10 seconds
2025-01-31 17:32:56,068 - root - INFO - Switch to alert
2025-01-31 17:32:56,068 - browser.browser - INFO - Switching to alert
2025-01-31 17:32:56,068 - browser.browser - INFO - Waiting for alert to appear with timeout 10 seconds
2025-01-31 17:32:56,069 - root - INFO - Get alert text
2025-01-31 17:32:56,069 - browser.browser - INFO - Accept alert
2025-01-31 17:32:56,070 - browser.browser - INFO - Waiting for alert to appear with timeout 10 seconds
2025-01-31 17:32:56,070 - browser.browser - INFO - Switching to alert
2025-01-31 17:32:56,070 - browser.browser - INFO - Waiting for alert to appear with timeout 10 seconds
2025-01-31 17:32:56,073 - browser.browser - INFO - Alert successfuly accept
2025-01-31 17:32:56,081 - elements.base_element - INFO - Waiting for button 'JS alerts page -> Prompt button' to be clickable
2025-01-31 17:32:56,096 - elements.base_element - INFO - Clicking on button 'JS alerts page -> Prompt button'
2025-01-31 17:32:56,134 - browser.browser - INFO - Switching to alert
2025-01-31 17:32:56,134 - browser.browser - INFO - Waiting for alert to appear with timeout 10 seconds
2025-01-31 17:32:56,136 - root - INFO - Switch to alert
2025-01-31 17:32:56,136 - browser.browser - INFO - Switching to alert
2025-01-31 17:32:56,136 - browser.browser - INFO - Waiting for alert to appear with timeout 10 seconds
2025-01-31 17:32:56,138 - root - INFO - Get alert text
2025-01-31 17:32:56,138 - browser.browser - INFO - Switching to alert
2025-01-31 17:32:56,138 - browser.browser - INFO - Waiting for alert to appear with timeout 10 seconds
2025-01-31 17:32:56,139 - browser.browser - INFO - Sending keys in alert: done
2025-01-31 17:32:56,140 - browser.browser - INFO - Accept alert
2025-01-31 17:32:56,140 - browser.browser - INFO - Waiting for alert to appear with timeout 10 seconds
2025-01-31 17:32:56,140 - browser.browser - INFO - Switching to alert
2025-01-31 17:32:56,140 - browser.browser - INFO - Waiting for alert to appear with timeout 10 seconds
2025-01-31 17:32:56,143 - browser.browser - INFO - Alert successfuly accept
2025-01-31 17:32:56,155 - browser.browser - INFO - Quit browser session
2025-01-31 17:32:58,289 - WDM - INFO - ====== WebDriver manager ======
2025-01-31 17:33:00,242 - WDM - INFO - Get LATEST geckodriver version for 134.0 firefox
2025-01-31 17:33:00,550 - WDM - INFO - Get LATEST geckodriver version for 134.0 firefox
2025-01-31 17:33:00,791 - WDM - INFO - Get LATEST geckodriver version for 134.0 firefox
2025-01-31 17:33:01,027 - WDM - INFO - Getting latest mozilla release info for v0.35.0
2025-01-31 17:33:01,401 - WDM - INFO - About to download new driver from https://github.com/mozilla/geckodriver/releases/download/v0.35.0/geckodriver-v0.35.0-win64.zip
2025-01-31 17:33:02,658 - WDM - INFO - Driver downloading response is 200
2025-01-31 17:33:03,260 - WDM - INFO - Get LATEST geckodriver version for 134.0 firefox
2025-01-31 17:33:03,526 - WDM - INFO - Driver has been saved in cache [C:\Users\mdsmy\.wdm\drivers\geckodriver\win64\v0.35.0]
2025-01-31 17:34:30,517 - WDM - INFO - ====== WebDriver manager ======
2025-01-31 17:34:32,427 - WDM - INFO - Get LATEST chromedriver version for google-chrome
2025-01-31 17:34:32,663 - WDM - INFO - Get LATEST chromedriver version for google-chrome
2025-01-31 17:34:32,905 - WDM - INFO - Driver [C:\Users\mdsmy\.wdm\drivers\chromedriver\win64\132.0.6834.159\chromedriver-win32/chromedriver.exe] found in cache
2025-01-31 17:34:33,919 - root - INFO - Open URL: https://the-internet.herokuapp.com/
2025-01-31 17:34:35,352 - elements.base_element - INFO - Waiting for button 'Main page -> Alerts page' to be clickable
2025-01-31 17:34:35,353 - elements.base_element - ERROR - Timeout while waiting for button 'Main page -> Alerts page' to be clickable
2025-01-31 17:34:35,582 - browser.browser - INFO - Quit browser session
2025-01-31 17:34:37,636 - WDM - INFO - ====== WebDriver manager ======
2025-01-31 17:34:39,580 - WDM - INFO - Get LATEST geckodriver version for 134.0 firefox
2025-01-31 17:34:39,873 - WDM - INFO - Get LATEST geckodriver version for 134.0 firefox
2025-01-31 17:34:40,084 - WDM - INFO - Driver [C:\Users\mdsmy\.wdm\drivers\geckodriver\win64\v0.35.0\geckodriver.exe] found in cache
2025-01-31 17:34:45,099 - root - INFO - Open URL: https://the-internet.herokuapp.com/
2025-01-31 17:34:47,485 - elements.base_element - INFO - Waiting for button 'Main page -> Alerts page' to be clickable
2025-01-31 17:34:47,506 - elements.base_element - INFO - Clicking on button 'Main page -> Alerts page'
2025-01-31 17:34:47,745 - elements.base_element - INFO - Waiting for button 'JS alerts page -> Alerts button' to be clickable
2025-01-31 17:34:47,755 - elements.base_element - INFO - Clicking on button 'JS alerts page -> Alerts button'
2025-01-31 17:34:47,808 - root - INFO - Switch to alert
2025-01-31 17:34:47,808 - browser.browser - INFO - Switching to alert
2025-01-31 17:34:47,808 - browser.browser - INFO - Waiting for alert to appear with timeout 10 seconds
2025-01-31 17:34:47,810 - root - INFO - Get alert text
2025-01-31 17:34:47,811 - browser.browser - INFO - Accept alert
2025-01-31 17:34:47,811 - browser.browser - INFO - Waiting for alert to appear with timeout 10 seconds
2025-01-31 17:34:47,812 - browser.browser - INFO - Switching to alert
2025-01-31 17:34:47,812 - browser.browser - INFO - Waiting for alert to appear with timeout 10 seconds
2025-01-31 17:34:47,832 - browser.browser - INFO - Alert successfuly accept
2025-01-31 17:34:47,839 - elements.base_element - INFO - Waiting for button 'JS alerts page -> Confirm button' to be clickable
2025-01-31 17:34:47,846 - elements.base_element - INFO - Clicking on button 'JS alerts page -> Confirm button'
2025-01-31 17:34:47,872 - browser.browser - INFO - Switching to alert
2025-01-31 17:34:47,872 - browser.browser - INFO - Waiting for alert to appear with timeout 10 seconds
2025-01-31 17:34:47,874 - root - INFO - Switch to alert
2025-01-31 17:34:47,874 - browser.browser - INFO - Switching to alert
2025-01-31 17:34:47,874 - browser.browser - INFO - Waiting for alert to appear with timeout 10 seconds
2025-01-31 17:34:47,876 - root - INFO - Get alert text
2025-01-31 17:34:47,876 - browser.browser - INFO - Accept alert
2025-01-31 17:34:47,877 - browser.browser - INFO - Waiting for alert to appear with timeout 10 seconds
2025-01-31 17:34:47,877 - browser.browser - INFO - Switching to alert
2025-01-31 17:34:47,877 - browser.browser - INFO - Waiting for alert to appear with timeout 10 seconds
2025-01-31 17:34:47,899 - browser.browser - INFO - Alert successfuly accept
2025-01-31 17:34:47,904 - elements.base_element - INFO - Waiting for button 'JS alerts page -> Prompt button' to be clickable
2025-01-31 17:34:47,911 - elements.base_element - INFO - Clicking on button 'JS alerts page -> Prompt button'
2025-01-31 17:34:47,936 - browser.browser - INFO - Switching to alert
2025-01-31 17:34:47,937 - browser.browser - INFO - Waiting for alert to appear with timeout 10 seconds
2025-01-31 17:34:47,938 - root - INFO - Switch to alert
2025-01-31 17:34:47,938 - browser.browser - INFO - Switching to alert
2025-01-31 17:34:47,939 - browser.browser - INFO - Waiting for alert to appear with timeout 10 seconds
2025-01-31 17:34:47,940 - root - INFO - Get alert text
2025-01-31 17:34:47,941 - browser.browser - INFO - Switching to alert
2025-01-31 17:34:47,941 - browser.browser - INFO - Waiting for alert to appear with timeout 10 seconds
2025-01-31 17:34:47,943 - browser.browser - INFO - Sending keys in alert: done
2025-01-31 17:34:47,944 - browser.browser - INFO - Accept alert
2025-01-31 17:34:47,944 - browser.browser - INFO - Waiting for alert to appear with timeout 10 seconds
2025-01-31 17:34:47,945 - browser.browser - INFO - Switching to alert
2025-01-31 17:34:47,945 - browser.browser - INFO - Waiting for alert to appear with timeout 10 seconds
2025-01-31 17:34:47,965 - browser.browser - INFO - Alert successfuly accept
2025-01-31 17:34:47,974 - browser.browser - INFO - Quit browser session
2025-01-31 17:34:50,576 - WDM - INFO - ====== WebDriver manager ======
2025-01-31 17:34:52,584 - WDM - INFO - Get LATEST edgedriver version for Edge 132.0.2957
2025-01-31 17:34:52,937 - WDM - INFO - Get LATEST edgedriver version for Edge 132.0.2957
2025-01-31 17:34:53,265 - WDM - INFO - There is no [win64] edgedriver "132.0.2957.127" for browser edge "132.0.2957" in cache
2025-01-31 17:34:53,265 - WDM - INFO - Get LATEST edgedriver version for Edge 132.0.2957
2025-01-31 17:34:53,523 - WDM - INFO - About to download new driver from https://msedgedriver.azureedge.net/132.0.2957.127/edgedriver_win64.zip
2025-01-31 17:34:53,843 - WDM - INFO - Driver downloading response is 200
2025-01-31 17:34:57,012 - WDM - INFO - Get LATEST edgedriver version for Edge 132.0.2957
2025-01-31 17:34:57,616 - WDM - INFO - Driver has been saved in cache [C:\Users\mdsmy\.wdm\drivers\edgedriver\win64\132.0.2957.127]
2025-01-31 17:34:58,732 - root - INFO - Open URL: https://the-internet.herokuapp.com/
2025-01-31 17:35:00,930 - elements.base_element - INFO - Waiting for button 'Main page -> Alerts page' to be clickable
2025-01-31 17:35:00,966 - elements.base_element - INFO - Clicking on button 'Main page -> Alerts page'
2025-01-31 17:35:01,240 - elements.base_element - INFO - Waiting for button 'JS alerts page -> Alerts button' to be clickable
2025-01-31 17:35:01,259 - elements.base_element - INFO - Clicking on button 'JS alerts page -> Alerts button'
2025-01-31 17:35:01,304 - root - INFO - Switch to alert
2025-01-31 17:35:01,304 - browser.browser - INFO - Switching to alert
2025-01-31 17:35:01,305 - browser.browser - INFO - Waiting for alert to appear with timeout 10 seconds
2025-01-31 17:35:01,306 - root - INFO - Get alert text
2025-01-31 17:35:01,306 - browser.browser - INFO - Accept alert
2025-01-31 17:35:01,306 - browser.browser - INFO - Waiting for alert to appear with timeout 10 seconds
2025-01-31 17:35:01,307 - browser.browser - INFO - Switching to alert
2025-01-31 17:35:01,307 - browser.browser - INFO - Waiting for alert to appear with timeout 10 seconds
2025-01-31 17:35:01,310 - browser.browser - INFO - Alert successfuly accept
2025-01-31 17:35:01,329 - elements.base_element - INFO - Waiting for button 'JS alerts page -> Confirm button' to be clickable
2025-01-31 17:35:01,350 - elements.base_element - INFO - Clicking on button 'JS alerts page -> Confirm button'
2025-01-31 17:35:01,394 - browser.browser - INFO - Switching to alert
2025-01-31 17:35:01,395 - browser.browser - INFO - Waiting for alert to appear with timeout 10 seconds
2025-01-31 17:35:01,396 - root - INFO - Switch to alert
2025-01-31 17:35:01,396 - browser.browser - INFO - Switching to alert
2025-01-31 17:35:01,396 - browser.browser - INFO - Waiting for alert to appear with timeout 10 seconds
2025-01-31 17:35:01,397 - root - INFO - Get alert text
2025-01-31 17:35:01,398 - browser.browser - INFO - Accept alert
2025-01-31 17:35:01,398 - browser.browser - INFO - Waiting for alert to appear with timeout 10 seconds
2025-01-31 17:35:01,399 - browser.browser - INFO - Switching to alert
2025-01-31 17:35:01,399 - browser.browser - INFO - Waiting for alert to appear with timeout 10 seconds
2025-01-31 17:35:01,402 - browser.browser - INFO - Alert successfuly accept
2025-01-31 17:35:01,412 - elements.base_element - INFO - Waiting for button 'JS alerts page -> Prompt button' to be clickable
2025-01-31 17:35:01,430 - elements.base_element - INFO - Clicking on button 'JS alerts page -> Prompt button'
2025-01-31 17:35:01,474 - browser.browser - INFO - Switching to alert
2025-01-31 17:35:01,474 - browser.browser - INFO - Waiting for alert to appear with timeout 10 seconds
2025-01-31 17:35:01,476 - root - INFO - Switch to alert
2025-01-31 17:35:01,476 - browser.browser - INFO - Switching to alert
2025-01-31 17:35:01,476 - browser.browser - INFO - Waiting for alert to appear with timeout 10 seconds
2025-01-31 17:35:01,477 - root - INFO - Get alert text
2025-01-31 17:35:01,478 - browser.browser - INFO - Switching to alert
2025-01-31 17:35:01,478 - browser.browser - INFO - Waiting for alert to appear with timeout 10 seconds
2025-01-31 17:35:01,479 - browser.browser - INFO - Sending keys in alert: done
2025-01-31 17:35:01,480 - browser.browser - INFO - Accept alert
2025-01-31 17:35:01,480 - browser.browser - INFO - Waiting for alert to appear with timeout 10 seconds
2025-01-31 17:35:01,481 - browser.browser - INFO - Switching to alert
2025-01-31 17:35:01,481 - browser.browser - INFO - Waiting for alert to appear with timeout 10 seconds
2025-01-31 17:35:01,484 - browser.browser - INFO - Alert successfuly accept
2025-01-31 17:35:01,499 - browser.browser - INFO - Quit browser session
2025-01-31 17:35:03,622 - WDM - INFO - ====== WebDriver manager ======
2025-01-31 17:35:05,541 - WDM - INFO - Get LATEST chromedriver version for google-chrome
2025-01-31 17:35:05,762 - WDM - INFO - Get LATEST chromedriver version for google-chrome
2025-01-31 17:35:05,973 - WDM - INFO - Driver [C:\Users\mdsmy\.wdm\drivers\chromedriver\win64\132.0.6834.159\chromedriver-win32/chromedriver.exe] found in cache
2025-01-31 17:35:06,957 - root - INFO - Open URL: https://the-internet.herokuapp.com/
2025-01-31 17:35:09,069 - elements.base_element - INFO - Waiting for button 'Main page -> Alerts page' to be clickable
2025-01-31 17:35:09,090 - elements.base_element - INFO - Clicking on button 'Main page -> Alerts page'
2025-01-31 17:35:09,367 - browser.browser - INFO - Executing script: 
    document.querySelectorAll('button').forEach(function(button) {{
        if (button.textContent.includes("{keys}")) {{
            button.click();
        }}
    }});
 with arguments: {'keys': 'Click for JS Alert'}
2025-01-31 17:35:09,373 - browser.browser - INFO - Accept alert
2025-01-31 17:35:09,373 - browser.browser - INFO - Waiting for alert to appear with timeout 10 seconds
2025-01-31 17:35:09,373 - browser.browser - INFO - Switching to alert
2025-01-31 17:35:09,373 - browser.browser - INFO - Waiting for alert to appear with timeout 10 seconds
2025-01-31 17:35:09,376 - browser.browser - INFO - Alert successfuly accept
2025-01-31 17:35:09,426 - browser.browser - INFO - Executing script: 
    document.querySelectorAll('button').forEach(function(button) {{
        if (button.textContent.includes("{keys}")) {{
            button.click();
        }}
    }});
 with arguments: {'keys': 'Click for JS Confirm'}
2025-01-31 17:35:09,431 - browser.browser - INFO - Accept alert
2025-01-31 17:35:09,432 - browser.browser - INFO - Waiting for alert to appear with timeout 10 seconds
2025-01-31 17:35:09,432 - browser.browser - INFO - Switching to alert
2025-01-31 17:35:09,433 - browser.browser - INFO - Waiting for alert to appear with timeout 10 seconds
2025-01-31 17:35:09,435 - browser.browser - INFO - Alert successfuly accept
2025-01-31 17:35:09,447 - browser.browser - INFO - Executing script: 
    window.prompt = function(message, defaultValue) {{
        return '{keys}';
    }};
     with arguments: {'keys': 'done'}
2025-01-31 17:35:09,452 - browser.browser - INFO - Executing script: 
    document.querySelectorAll('button').forEach(function(button) {{
        if (button.textContent.includes("{keys}")) {{
            button.click();
        }}
    }});
 with arguments: {'keys': 'Click for JS Prompt'}
2025-01-31 17:35:09,467 - browser.browser - INFO - Quit browser session
2025-01-31 17:35:11,568 - WDM - INFO - ====== WebDriver manager ======
2025-01-31 17:35:13,597 - WDM - INFO - Get LATEST geckodriver version for 134.0 firefox
2025-01-31 17:35:14,001 - WDM - INFO - Get LATEST geckodriver version for 134.0 firefox
2025-01-31 17:35:14,239 - WDM - INFO - Driver [C:\Users\mdsmy\.wdm\drivers\geckodriver\win64\v0.35.0\geckodriver.exe] found in cache
2025-01-31 17:35:19,114 - root - INFO - Open URL: https://the-internet.herokuapp.com/
2025-01-31 17:35:21,445 - elements.base_element - INFO - Waiting for button 'Main page -> Alerts page' to be clickable
2025-01-31 17:35:21,462 - elements.base_element - INFO - Clicking on button 'Main page -> Alerts page'
2025-01-31 17:35:21,722 - browser.browser - INFO - Executing script: 
    document.querySelectorAll('button').forEach(function(button) {{
        if (button.textContent.includes("{keys}")) {{
            button.click();
        }}
    }});
 with arguments: {'keys': 'Click for JS Alert'}
2025-01-31 17:35:21,768 - browser.browser - INFO - Accept alert
2025-01-31 17:35:21,769 - browser.browser - INFO - Waiting for alert to appear with timeout 10 seconds
2025-01-31 17:35:21,770 - browser.browser - INFO - Switching to alert
2025-01-31 17:35:21,770 - browser.browser - INFO - Waiting for alert to appear with timeout 10 seconds
2025-01-31 17:35:21,781 - browser.browser - INFO - Alert successfuly accept
2025-01-31 17:35:21,795 - browser.browser - INFO - Executing script: 
    document.querySelectorAll('button').forEach(function(button) {{
        if (button.textContent.includes("{keys}")) {{
            button.click();
        }}
    }});
 with arguments: {'keys': 'Click for JS Confirm'}
2025-01-31 17:35:21,820 - browser.browser - INFO - Accept alert
2025-01-31 17:35:21,820 - browser.browser - INFO - Waiting for alert to appear with timeout 10 seconds
2025-01-31 17:35:21,822 - browser.browser - INFO - Switching to alert
2025-01-31 17:35:21,822 - browser.browser - INFO - Waiting for alert to appear with timeout 10 seconds
2025-01-31 17:35:21,832 - browser.browser - INFO - Alert successfuly accept
2025-01-31 17:35:21,839 - browser.browser - INFO - Executing script: 
    window.prompt = function(message, defaultValue) {{
        return '{keys}';
    }};
     with arguments: {'keys': 'done'}
2025-01-31 17:35:21,840 - browser.browser - INFO - Executing script: 
    document.querySelectorAll('button').forEach(function(button) {{
        if (button.textContent.includes("{keys}")) {{
            button.click();
        }}
    }});
 with arguments: {'keys': 'Click for JS Prompt'}
2025-01-31 17:35:21,847 - browser.browser - INFO - Quit browser session
2025-01-31 17:35:24,447 - WDM - INFO - ====== WebDriver manager ======
2025-01-31 17:35:26,454 - WDM - INFO - Get LATEST edgedriver version for Edge 132.0.2957
2025-01-31 17:35:26,717 - WDM - INFO - Get LATEST edgedriver version for Edge 132.0.2957
2025-01-31 17:35:26,974 - WDM - INFO - Driver [C:\Users\mdsmy\.wdm\drivers\edgedriver\win64\132.0.2957.127\msedgedriver.exe] found in cache
2025-01-31 17:35:28,041 - root - INFO - Open URL: https://the-internet.herokuapp.com/
2025-01-31 17:35:30,536 - elements.base_element - INFO - Waiting for button 'Main page -> Alerts page' to be clickable
2025-01-31 17:35:30,559 - elements.base_element - INFO - Clicking on button 'Main page -> Alerts page'
2025-01-31 17:35:30,822 - browser.browser - INFO - Executing script: 
    document.querySelectorAll('button').forEach(function(button) {{
        if (button.textContent.includes("{keys}")) {{
            button.click();
        }}
    }});
 with arguments: {'keys': 'Click for JS Alert'}
2025-01-31 17:35:30,828 - browser.browser - INFO - Accept alert
2025-01-31 17:35:30,828 - browser.browser - INFO - Waiting for alert to appear with timeout 10 seconds
2025-01-31 17:35:30,829 - browser.browser - INFO - Switching to alert
2025-01-31 17:35:30,829 - browser.browser - INFO - Waiting for alert to appear with timeout 10 seconds
2025-01-31 17:35:30,832 - browser.browser - INFO - Alert successfuly accept
2025-01-31 17:35:30,870 - browser.browser - INFO - Executing script: 
    document.querySelectorAll('button').forEach(function(button) {{
        if (button.textContent.includes("{keys}")) {{
            button.click();
        }}
    }});
 with arguments: {'keys': 'Click for JS Confirm'}
2025-01-31 17:35:30,875 - browser.browser - INFO - Accept alert
2025-01-31 17:35:30,875 - browser.browser - INFO - Waiting for alert to appear with timeout 10 seconds
2025-01-31 17:35:30,876 - browser.browser - INFO - Switching to alert
2025-01-31 17:35:30,876 - browser.browser - INFO - Waiting for alert to appear with timeout 10 seconds
2025-01-31 17:35:30,878 - browser.browser - INFO - Alert successfuly accept
2025-01-31 17:35:30,894 - browser.browser - INFO - Executing script: 
    window.prompt = function(message, defaultValue) {{
        return '{keys}';
    }};
     with arguments: {'keys': 'done'}
2025-01-31 17:35:30,899 - browser.browser - INFO - Executing script: 
    document.querySelectorAll('button').forEach(function(button) {{
        if (button.textContent.includes("{keys}")) {{
            button.click();
        }}
    }});
 with arguments: {'keys': 'Click for JS Prompt'}
2025-01-31 17:35:30,912 - browser.browser - INFO - Quit browser session
2025-01-31 17:35:33,040 - WDM - INFO - ====== WebDriver manager ======
2025-01-31 17:35:34,985 - WDM - INFO - Get LATEST chromedriver version for google-chrome
2025-01-31 17:35:35,200 - WDM - INFO - Get LATEST chromedriver version for google-chrome
2025-01-31 17:35:35,411 - WDM - INFO - Driver [C:\Users\mdsmy\.wdm\drivers\chromedriver\win64\132.0.6834.159\chromedriver-win32/chromedriver.exe] found in cache
2025-01-31 17:35:36,397 - root - INFO - Open URL: https://the-internet.herokuapp.com/
2025-01-31 18:01:40,679 - WDM - INFO - ====== WebDriver manager ======
2025-01-31 18:01:40,838 - WDM - INFO - Get LATEST chromedriver version for google-chrome
2025-01-31 18:31:39,738 - WDM - INFO - ====== WebDriver manager ======
2025-01-31 18:31:41,500 - WDM - INFO - Get LATEST chromedriver version for google-chrome
2025-01-31 18:31:41,777 - WDM - INFO - Get LATEST chromedriver version for google-chrome
2025-01-31 18:31:41,991 - WDM - INFO - Driver [C:\Users\mdsmy\.wdm\drivers\chromedriver\win64\132.0.6834.159\chromedriver-win32/chromedriver.exe] found in cache
2025-01-31 18:31:42,962 - root - INFO - Open URL: https://the-internet.herokuapp.com/
2025-01-31 18:31:45,069 - elements.base_element - INFO - Waiting for button 'Main page -> Alerts page' to be clickable
2025-01-31 18:31:45,088 - elements.base_element - INFO - Clicking on button 'Main page -> Alerts page'
2025-01-31 18:31:45,326 - elements.base_element - INFO - Waiting for button 'JS alerts page -> Alerts button' to be clickable
2025-01-31 18:31:45,339 - elements.base_element - INFO - Clicking on button 'JS alerts page -> Alerts button'
2025-01-31 18:31:45,373 - root - INFO - Switch to alert
2025-01-31 18:31:45,373 - browser.browser - INFO - Switching to alert
2025-01-31 18:31:45,373 - browser.browser - INFO - Waiting for alert to appear with timeout 10 seconds
2025-01-31 18:31:45,375 - root - INFO - Get alert text
2025-01-31 18:31:45,375 - browser.browser - INFO - Accept alert
2025-01-31 18:31:45,375 - browser.browser - INFO - Waiting for alert to appear with timeout 10 seconds
2025-01-31 18:31:45,376 - browser.browser - INFO - Switching to alert
2025-01-31 18:31:45,376 - browser.browser - INFO - Waiting for alert to appear with timeout 10 seconds
2025-01-31 18:31:45,378 - browser.browser - INFO - Alert successfuly accept
2025-01-31 18:31:45,391 - elements.base_element - INFO - Waiting for button 'JS alerts page -> Confirm button' to be clickable
2025-01-31 18:31:45,405 - elements.base_element - INFO - Clicking on button 'JS alerts page -> Confirm button'
2025-01-31 18:31:45,436 - browser.browser - INFO - Switching to alert
2025-01-31 18:31:45,436 - browser.browser - INFO - Waiting for alert to appear with timeout 10 seconds
2025-01-31 18:31:45,438 - root - INFO - Switch to alert
2025-01-31 18:31:45,438 - browser.browser - INFO - Switching to alert
2025-01-31 18:31:45,438 - browser.browser - INFO - Waiting for alert to appear with timeout 10 seconds
2025-01-31 18:31:45,439 - root - INFO - Get alert text
2025-01-31 18:31:45,439 - browser.browser - INFO - Accept alert
2025-01-31 18:31:45,439 - browser.browser - INFO - Waiting for alert to appear with timeout 10 seconds
2025-01-31 18:31:45,440 - browser.browser - INFO - Switching to alert
2025-01-31 18:31:45,440 - browser.browser - INFO - Waiting for alert to appear with timeout 10 seconds
2025-01-31 18:31:45,442 - browser.browser - INFO - Alert successfuly accept
2025-01-31 18:31:45,449 - elements.base_element - INFO - Waiting for button 'JS alerts page -> Prompt button' to be clickable
2025-01-31 18:31:45,463 - elements.base_element - INFO - Clicking on button 'JS alerts page -> Prompt button'
2025-01-31 18:31:45,494 - browser.browser - INFO - Switching to alert
2025-01-31 18:31:45,494 - browser.browser - INFO - Waiting for alert to appear with timeout 10 seconds
2025-01-31 18:31:45,495 - root - INFO - Switch to alert
2025-01-31 18:31:45,495 - browser.browser - INFO - Switching to alert
2025-01-31 18:31:45,495 - browser.browser - INFO - Waiting for alert to appear with timeout 10 seconds
2025-01-31 18:31:45,496 - root - INFO - Get alert text
2025-01-31 18:31:45,497 - browser.browser - INFO - Switching to alert
2025-01-31 18:31:45,497 - browser.browser - INFO - Waiting for alert to appear with timeout 10 seconds
2025-01-31 18:31:45,498 - browser.browser - INFO - Sending keys in alert: done
2025-01-31 18:31:45,498 - browser.browser - INFO - Accept alert
2025-01-31 18:31:45,498 - browser.browser - INFO - Waiting for alert to appear with timeout 10 seconds
2025-01-31 18:31:45,499 - browser.browser - INFO - Switching to alert
2025-01-31 18:31:45,499 - browser.browser - INFO - Waiting for alert to appear with timeout 10 seconds
2025-01-31 18:31:45,501 - browser.browser - INFO - Alert successfuly accept
2025-01-31 18:31:45,510 - browser.browser - INFO - Quit browser session
2025-01-31 18:31:47,593 - WDM - INFO - ====== WebDriver manager ======
2025-01-31 18:31:49,389 - WDM - INFO - Get LATEST geckodriver version for 134.0 firefox
2025-01-31 18:31:49,658 - WDM - INFO - Get LATEST geckodriver version for 134.0 firefox
2025-01-31 18:31:49,867 - WDM - INFO - Driver [C:\Users\mdsmy\.wdm\drivers\geckodriver\win64\v0.35.0\geckodriver.exe] found in cache
2025-01-31 18:31:53,919 - root - INFO - Open URL: https://the-internet.herokuapp.com/
2025-01-31 19:23:21,576 - WDM - INFO - ====== WebDriver manager ======
2025-01-31 19:23:21,712 - WDM - INFO - Get LATEST chromedriver version for google-chrome
2025-01-31 19:35:39,195 - WDM - INFO - ====== WebDriver manager ======
2025-01-31 19:35:41,032 - WDM - INFO - Get LATEST chromedriver version for google-chrome
2025-01-31 19:35:41,312 - WDM - INFO - Get LATEST chromedriver version for google-chrome
2025-01-31 19:35:41,522 - WDM - INFO - Driver [C:\Users\mdsmy\.wdm\drivers\chromedriver\win64\132.0.6834.159\chromedriver-win32/chromedriver.exe] found in cache
2025-01-31 19:35:42,516 - root - INFO - Open URL: https://the-internet.herokuapp.com/
2025-01-31 19:35:44,673 - elements.base_element - INFO - Waiting for button 'Main page -> Alerts page' to be clickable
2025-01-31 19:35:44,692 - elements.base_element - INFO - Clicking on button 'Main page -> Alerts page'
2025-01-31 19:35:44,932 - elements.base_element - INFO - Waiting for button 'JS alerts page -> Alerts button' to be clickable
2025-01-31 19:35:44,945 - elements.base_element - INFO - Clicking on button 'JS alerts page -> Alerts button'
2025-01-31 19:35:44,981 - root - INFO - Switch to alert
2025-01-31 19:35:44,981 - browser.browser - INFO - Switching to alert
2025-01-31 19:35:44,982 - browser.browser - INFO - Waiting for alert to appear with timeout 10 seconds
2025-01-31 19:35:44,983 - root - INFO - Get alert text
2025-01-31 19:35:44,983 - browser.browser - INFO - Accept alert
2025-01-31 19:35:44,983 - browser.browser - INFO - Waiting for alert to appear with timeout 10 seconds
2025-01-31 19:35:44,984 - browser.browser - INFO - Switching to alert
2025-01-31 19:35:44,984 - browser.browser - INFO - Waiting for alert to appear with timeout 10 seconds
2025-01-31 19:35:44,985 - browser.browser - INFO - Alert successfuly accept
2025-01-31 19:35:44,999 - elements.base_element - INFO - Waiting for button 'JS alerts page -> Confirm button' to be clickable
2025-01-31 19:35:45,013 - elements.base_element - INFO - Clicking on button 'JS alerts page -> Confirm button'
2025-01-31 19:35:45,043 - browser.browser - INFO - Switching to alert
2025-01-31 19:35:45,043 - browser.browser - INFO - Waiting for alert to appear with timeout 10 seconds
2025-01-31 19:35:45,044 - root - INFO - Switch to alert
2025-01-31 19:35:45,044 - browser.browser - INFO - Switching to alert
2025-01-31 19:35:45,044 - browser.browser - INFO - Waiting for alert to appear with timeout 10 seconds
2025-01-31 19:35:45,045 - root - INFO - Get alert text
2025-01-31 19:35:45,046 - browser.browser - INFO - Accept alert
2025-01-31 19:35:45,046 - browser.browser - INFO - Waiting for alert to appear with timeout 10 seconds
2025-01-31 19:35:45,047 - browser.browser - INFO - Switching to alert
2025-01-31 19:35:45,047 - browser.browser - INFO - Waiting for alert to appear with timeout 10 seconds
2025-01-31 19:35:45,048 - browser.browser - INFO - Alert successfuly accept
2025-01-31 19:35:45,057 - elements.base_element - INFO - Waiting for button 'JS alerts page -> Prompt button' to be clickable
2025-01-31 19:35:45,070 - elements.base_element - INFO - Clicking on button 'JS alerts page -> Prompt button'
2025-01-31 19:35:45,103 - browser.browser - INFO - Switching to alert
2025-01-31 19:35:45,103 - browser.browser - INFO - Waiting for alert to appear with timeout 10 seconds
2025-01-31 19:35:45,104 - root - INFO - Switch to alert
2025-01-31 19:35:45,104 - browser.browser - INFO - Switching to alert
2025-01-31 19:35:45,104 - browser.browser - INFO - Waiting for alert to appear with timeout 10 seconds
2025-01-31 19:35:45,105 - root - INFO - Get alert text
2025-01-31 19:35:45,106 - browser.browser - INFO - Switching to alert
2025-01-31 19:35:45,106 - browser.browser - INFO - Waiting for alert to appear with timeout 10 seconds
2025-01-31 19:35:45,107 - browser.browser - INFO - Sending keys in alert: done
2025-01-31 19:35:45,108 - browser.browser - INFO - Accept alert
2025-01-31 19:35:45,108 - browser.browser - INFO - Waiting for alert to appear with timeout 10 seconds
2025-01-31 19:35:45,108 - browser.browser - INFO - Switching to alert
2025-01-31 19:35:45,108 - browser.browser - INFO - Waiting for alert to appear with timeout 10 seconds
2025-01-31 19:35:45,110 - browser.browser - INFO - Alert successfuly accept
2025-01-31 19:35:45,125 - browser.browser - INFO - Quit browser session
2025-01-31 19:35:47,220 - WDM - INFO - ====== WebDriver manager ======
2025-01-31 19:35:49,065 - WDM - INFO - Get LATEST geckodriver version for 134.0 firefox
2025-01-31 19:35:49,332 - WDM - INFO - Get LATEST geckodriver version for 134.0 firefox
2025-01-31 19:35:49,538 - WDM - INFO - Driver [C:\Users\mdsmy\.wdm\drivers\geckodriver\win64\v0.35.0\geckodriver.exe] found in cache
2025-01-31 19:35:53,615 - root - INFO - Open URL: https://the-internet.herokuapp.com/
2025-01-31 19:35:56,367 - elements.base_element - INFO - Waiting for button 'Main page -> Alerts page' to be clickable
2025-01-31 19:35:56,385 - elements.base_element - INFO - Clicking on button 'Main page -> Alerts page'
2025-01-31 19:35:56,624 - elements.base_element - INFO - Waiting for button 'JS alerts page -> Alerts button' to be clickable
2025-01-31 19:35:56,632 - elements.base_element - INFO - Clicking on button 'JS alerts page -> Alerts button'
2025-01-31 19:35:56,674 - root - INFO - Switch to alert
2025-01-31 19:35:56,674 - browser.browser - INFO - Switching to alert
2025-01-31 19:35:56,674 - browser.browser - INFO - Waiting for alert to appear with timeout 10 seconds
2025-01-31 19:35:56,676 - root - INFO - Get alert text
2025-01-31 19:35:56,677 - browser.browser - INFO - Accept alert
2025-01-31 19:35:56,677 - browser.browser - INFO - Waiting for alert to appear with timeout 10 seconds
2025-01-31 19:35:56,680 - browser.browser - INFO - Switching to alert
2025-01-31 19:35:56,680 - browser.browser - INFO - Waiting for alert to appear with timeout 10 seconds
2025-01-31 19:35:56,695 - browser.browser - INFO - Alert successfuly accept
2025-01-31 19:35:56,700 - elements.base_element - INFO - Waiting for button 'JS alerts page -> Confirm button' to be clickable
2025-01-31 19:35:56,706 - elements.base_element - INFO - Clicking on button 'JS alerts page -> Confirm button'
2025-01-31 19:35:56,726 - browser.browser - INFO - Switching to alert
2025-01-31 19:35:56,726 - browser.browser - INFO - Waiting for alert to appear with timeout 10 seconds
2025-01-31 19:35:56,729 - root - INFO - Switch to alert
2025-01-31 19:35:56,730 - browser.browser - INFO - Switching to alert
2025-01-31 19:35:56,730 - browser.browser - INFO - Waiting for alert to appear with timeout 10 seconds
2025-01-31 19:35:56,731 - root - INFO - Get alert text
2025-01-31 19:35:56,732 - browser.browser - INFO - Accept alert
2025-01-31 19:35:56,732 - browser.browser - INFO - Waiting for alert to appear with timeout 10 seconds
2025-01-31 19:35:56,733 - browser.browser - INFO - Switching to alert
2025-01-31 19:35:56,733 - browser.browser - INFO - Waiting for alert to appear with timeout 10 seconds
2025-01-31 19:35:56,745 - browser.browser - INFO - Alert successfuly accept
2025-01-31 19:35:56,750 - elements.base_element - INFO - Waiting for button 'JS alerts page -> Prompt button' to be clickable
2025-01-31 19:35:56,755 - elements.base_element - INFO - Clicking on button 'JS alerts page -> Prompt button'
2025-01-31 19:35:56,777 - browser.browser - INFO - Switching to alert
2025-01-31 19:35:56,777 - browser.browser - INFO - Waiting for alert to appear with timeout 10 seconds
2025-01-31 19:35:56,780 - root - INFO - Switch to alert
2025-01-31 19:35:56,780 - browser.browser - INFO - Switching to alert
2025-01-31 19:35:56,780 - browser.browser - INFO - Waiting for alert to appear with timeout 10 seconds
2025-01-31 19:35:56,781 - root - INFO - Get alert text
2025-01-31 19:35:56,782 - browser.browser - INFO - Switching to alert
2025-01-31 19:35:56,782 - browser.browser - INFO - Waiting for alert to appear with timeout 10 seconds
2025-01-31 19:35:56,783 - browser.browser - INFO - Sending keys in alert: done
2025-01-31 19:35:56,785 - browser.browser - INFO - Accept alert
2025-01-31 19:35:56,785 - browser.browser - INFO - Waiting for alert to appear with timeout 10 seconds
2025-01-31 19:35:56,785 - browser.browser - INFO - Switching to alert
2025-01-31 19:35:56,785 - browser.browser - INFO - Waiting for alert to appear with timeout 10 seconds
2025-01-31 19:35:56,795 - browser.browser - INFO - Alert successfuly accept
2025-01-31 19:35:56,801 - browser.browser - INFO - Quit browser session
2025-01-31 19:35:59,445 - WDM - INFO - ====== WebDriver manager ======
2025-01-31 19:36:01,339 - WDM - INFO - Get LATEST edgedriver version for Edge 132.0.2957
2025-01-31 19:36:01,672 - WDM - INFO - Get LATEST edgedriver version for Edge 132.0.2957
2025-01-31 19:36:02,092 - WDM - INFO - Driver [C:\Users\mdsmy\.wdm\drivers\edgedriver\win64\132.0.2957.127\msedgedriver.exe] found in cache
2025-01-31 19:36:03,156 - root - INFO - Open URL: https://the-internet.herokuapp.com/
2025-01-31 19:36:05,254 - elements.base_element - INFO - Waiting for button 'Main page -> Alerts page' to be clickable
2025-01-31 19:36:05,274 - elements.base_element - INFO - Clicking on button 'Main page -> Alerts page'
2025-01-31 19:36:05,525 - elements.base_element - INFO - Waiting for button 'JS alerts page -> Alerts button' to be clickable
2025-01-31 19:36:05,539 - elements.base_element - INFO - Clicking on button 'JS alerts page -> Alerts button'
2025-01-31 19:36:05,574 - root - INFO - Switch to alert
2025-01-31 19:36:05,574 - browser.browser - INFO - Switching to alert
2025-01-31 19:36:05,574 - browser.browser - INFO - Waiting for alert to appear with timeout 10 seconds
2025-01-31 19:36:05,575 - root - INFO - Get alert text
2025-01-31 19:36:05,576 - browser.browser - INFO - Accept alert
2025-01-31 19:36:05,576 - browser.browser - INFO - Waiting for alert to appear with timeout 10 seconds
2025-01-31 19:36:05,576 - browser.browser - INFO - Switching to alert
2025-01-31 19:36:05,576 - browser.browser - INFO - Waiting for alert to appear with timeout 10 seconds
2025-01-31 19:36:05,580 - browser.browser - INFO - Alert successfuly accept
2025-01-31 19:36:05,593 - elements.base_element - INFO - Waiting for button 'JS alerts page -> Confirm button' to be clickable
2025-01-31 19:36:05,609 - elements.base_element - INFO - Clicking on button 'JS alerts page -> Confirm button'
2025-01-31 19:36:05,643 - browser.browser - INFO - Switching to alert
2025-01-31 19:36:05,644 - browser.browser - INFO - Waiting for alert to appear with timeout 10 seconds
2025-01-31 19:36:05,645 - root - INFO - Switch to alert
2025-01-31 19:36:05,645 - browser.browser - INFO - Switching to alert
2025-01-31 19:36:05,645 - browser.browser - INFO - Waiting for alert to appear with timeout 10 seconds
2025-01-31 19:36:05,646 - root - INFO - Get alert text
2025-01-31 19:36:05,646 - browser.browser - INFO - Accept alert
2025-01-31 19:36:05,647 - browser.browser - INFO - Waiting for alert to appear with timeout 10 seconds
2025-01-31 19:36:05,647 - browser.browser - INFO - Switching to alert
2025-01-31 19:36:05,647 - browser.browser - INFO - Waiting for alert to appear with timeout 10 seconds
2025-01-31 19:36:05,649 - browser.browser - INFO - Alert successfuly accept
2025-01-31 19:36:05,657 - elements.base_element - INFO - Waiting for button 'JS alerts page -> Prompt button' to be clickable
2025-01-31 19:36:05,674 - elements.base_element - INFO - Clicking on button 'JS alerts page -> Prompt button'
2025-01-31 19:36:05,709 - browser.browser - INFO - Switching to alert
2025-01-31 19:36:05,709 - browser.browser - INFO - Waiting for alert to appear with timeout 10 seconds
2025-01-31 19:36:05,710 - root - INFO - Switch to alert
2025-01-31 19:36:05,710 - browser.browser - INFO - Switching to alert
2025-01-31 19:36:05,710 - browser.browser - INFO - Waiting for alert to appear with timeout 10 seconds
2025-01-31 19:36:05,711 - root - INFO - Get alert text
2025-01-31 19:36:05,712 - browser.browser - INFO - Switching to alert
2025-01-31 19:36:05,712 - browser.browser - INFO - Waiting for alert to appear with timeout 10 seconds
2025-01-31 19:36:05,713 - browser.browser - INFO - Sending keys in alert: done
2025-01-31 19:36:05,713 - browser.browser - INFO - Accept alert
2025-01-31 19:36:05,713 - browser.browser - INFO - Waiting for alert to appear with timeout 10 seconds
2025-01-31 19:36:05,714 - browser.browser - INFO - Switching to alert
2025-01-31 19:36:05,714 - browser.browser - INFO - Waiting for alert to appear with timeout 10 seconds
2025-01-31 19:36:05,716 - browser.browser - INFO - Alert successfuly accept
2025-01-31 19:36:05,726 - browser.browser - INFO - Quit browser session
2025-01-31 19:36:27,269 - WDM - INFO - ====== WebDriver manager ======
2025-01-31 19:36:29,142 - WDM - INFO - Get LATEST chromedriver version for google-chrome
2025-01-31 19:36:29,356 - WDM - INFO - Get LATEST chromedriver version for google-chrome
2025-01-31 19:36:29,571 - WDM - INFO - Driver [C:\Users\mdsmy\.wdm\drivers\chromedriver\win64\132.0.6834.159\chromedriver-win32/chromedriver.exe] found in cache
2025-01-31 19:36:30,622 - root - INFO - Open URL: https://the-internet.herokuapp.com/
2025-01-31 19:36:32,779 - elements.base_element - INFO - Waiting for button 'Main page -> Alerts page' to be clickable
2025-01-31 19:36:32,798 - elements.base_element - INFO - Clicking on button 'Main page -> Alerts page'
2025-01-31 19:36:33,037 - elements.base_element - INFO - Waiting for button 'JS alerts page -> Alerts button' to be clickable
2025-01-31 19:36:33,049 - elements.base_element - INFO - Clicking on button 'JS alerts page -> Alerts button'
2025-01-31 19:36:33,082 - root - INFO - Switch to alert
2025-01-31 19:36:33,082 - browser.browser - INFO - Switching to alert
2025-01-31 19:36:33,083 - browser.browser - INFO - Waiting for alert to appear with timeout 10 seconds
2025-01-31 19:36:33,084 - root - INFO - Get alert text
2025-01-31 19:36:33,084 - browser.browser - INFO - Accept alert
2025-01-31 19:36:33,084 - browser.browser - INFO - Waiting for alert to appear with timeout 10 seconds
2025-01-31 19:36:33,085 - browser.browser - INFO - Switching to alert
2025-01-31 19:36:33,085 - browser.browser - INFO - Waiting for alert to appear with timeout 10 seconds
2025-01-31 19:36:33,087 - browser.browser - INFO - Alert successfuly accept
2025-01-31 19:36:33,101 - elements.base_element - INFO - Waiting for button 'JS alerts page -> Confirm button' to be clickable
2025-01-31 19:36:33,115 - elements.base_element - INFO - Clicking on button 'JS alerts page -> Confirm button'
2025-01-31 19:36:33,146 - browser.browser - INFO - Switching to alert
2025-01-31 19:36:33,146 - browser.browser - INFO - Waiting for alert to appear with timeout 10 seconds
2025-01-31 19:36:33,147 - root - INFO - Switch to alert
2025-01-31 19:36:33,147 - browser.browser - INFO - Switching to alert
2025-01-31 19:36:33,147 - browser.browser - INFO - Waiting for alert to appear with timeout 10 seconds
2025-01-31 19:36:33,148 - root - INFO - Get alert text
2025-01-31 19:36:33,148 - browser.browser - INFO - Accept alert
2025-01-31 19:36:33,148 - browser.browser - INFO - Waiting for alert to appear with timeout 10 seconds
2025-01-31 19:36:33,149 - browser.browser - INFO - Switching to alert
2025-01-31 19:36:33,149 - browser.browser - INFO - Waiting for alert to appear with timeout 10 seconds
2025-01-31 19:36:33,151 - browser.browser - INFO - Alert successfuly accept
2025-01-31 19:36:33,159 - elements.base_element - INFO - Waiting for button 'JS alerts page -> Prompt button' to be clickable
2025-01-31 19:36:33,173 - elements.base_element - INFO - Clicking on button 'JS alerts page -> Prompt button'
2025-01-31 19:36:33,205 - browser.browser - INFO - Switching to alert
2025-01-31 19:36:33,206 - browser.browser - INFO - Waiting for alert to appear with timeout 10 seconds
2025-01-31 19:36:33,207 - root - INFO - Switch to alert
2025-01-31 19:36:33,207 - browser.browser - INFO - Switching to alert
2025-01-31 19:36:33,207 - browser.browser - INFO - Waiting for alert to appear with timeout 10 seconds
2025-01-31 19:36:33,207 - root - INFO - Get alert text
2025-01-31 19:36:33,208 - browser.browser - INFO - Switching to alert
2025-01-31 19:36:33,208 - browser.browser - INFO - Waiting for alert to appear with timeout 10 seconds
2025-01-31 19:36:33,209 - browser.browser - INFO - Sending keys in alert: done
2025-01-31 19:36:33,209 - browser.browser - INFO - Accept alert
2025-01-31 19:36:33,210 - browser.browser - INFO - Waiting for alert to appear with timeout 10 seconds
2025-01-31 19:36:33,210 - browser.browser - INFO - Switching to alert
2025-01-31 19:36:33,210 - browser.browser - INFO - Waiting for alert to appear with timeout 10 seconds
2025-01-31 19:36:33,212 - browser.browser - INFO - Alert successfuly accept
2025-01-31 19:36:33,223 - browser.browser - INFO - Quit browser session
2025-01-31 19:36:35,313 - WDM - INFO - ====== WebDriver manager ======
2025-01-31 19:36:37,187 - WDM - INFO - Get LATEST geckodriver version for 134.0 firefox
2025-01-31 19:36:37,595 - WDM - INFO - Get LATEST geckodriver version for 134.0 firefox
2025-01-31 19:36:37,805 - WDM - INFO - Driver [C:\Users\mdsmy\.wdm\drivers\geckodriver\win64\v0.35.0\geckodriver.exe] found in cache
2025-01-31 19:36:41,825 - root - INFO - Open URL: https://the-internet.herokuapp.com/
2025-01-31 19:36:46,764 - browser.browser - INFO - Quit browser session
2025-01-31 19:36:51,605 - WDM - INFO - ====== WebDriver manager ======
2025-01-31 19:36:53,425 - WDM - INFO - Get LATEST chromedriver version for google-chrome
2025-01-31 19:36:53,650 - WDM - INFO - Get LATEST chromedriver version for google-chrome
2025-01-31 19:36:53,883 - WDM - INFO - Driver [C:\Users\mdsmy\.wdm\drivers\chromedriver\win64\132.0.6834.159\chromedriver-win32/chromedriver.exe] found in cache
2025-01-31 19:36:54,878 - root - INFO - Open URL: https://the-internet.herokuapp.com/
2025-01-31 19:36:56,992 - elements.base_element - INFO - Waiting for button 'Main page -> Alerts page' to be clickable
2025-01-31 19:36:57,016 - elements.base_element - INFO - Clicking on button 'Main page -> Alerts page'
2025-01-31 19:36:57,258 - elements.base_element - INFO - Waiting for button 'JS alerts page -> Alerts button' to be clickable
2025-01-31 19:36:57,276 - elements.base_element - INFO - Clicking on button 'JS alerts page -> Alerts button'
2025-01-31 19:36:57,311 - root - INFO - Switch to alert
2025-01-31 19:36:57,311 - browser.browser - INFO - Switching to alert
2025-01-31 19:36:57,312 - browser.browser - INFO - Waiting for alert to appear with timeout 10 seconds
2025-01-31 19:36:57,315 - root - INFO - Get alert text
2025-01-31 19:36:57,317 - browser.browser - INFO - Accept alert
2025-01-31 19:36:57,317 - browser.browser - INFO - Waiting for alert to appear with timeout 10 seconds
2025-01-31 19:36:57,319 - browser.browser - INFO - Switching to alert
2025-01-31 19:36:57,320 - browser.browser - INFO - Waiting for alert to appear with timeout 10 seconds
2025-01-31 19:36:57,326 - browser.browser - INFO - Alert successfuly accept
2025-01-31 19:36:57,343 - elements.base_element - INFO - Waiting for button 'JS alerts page -> Confirm button' to be clickable
2025-01-31 19:36:57,361 - elements.base_element - INFO - Clicking on button 'JS alerts page -> Confirm button'
2025-01-31 19:36:57,394 - browser.browser - INFO - Switching to alert
2025-01-31 19:36:57,394 - browser.browser - INFO - Waiting for alert to appear with timeout 10 seconds
2025-01-31 19:36:57,398 - root - INFO - Switch to alert
2025-01-31 19:36:57,398 - browser.browser - INFO - Switching to alert
2025-01-31 19:36:57,399 - browser.browser - INFO - Waiting for alert to appear with timeout 10 seconds
2025-01-31 19:36:57,402 - root - INFO - Get alert text
2025-01-31 19:36:57,404 - browser.browser - INFO - Accept alert
2025-01-31 19:36:57,404 - browser.browser - INFO - Waiting for alert to appear with timeout 10 seconds
2025-01-31 19:36:57,406 - browser.browser - INFO - Switching to alert
2025-01-31 19:36:57,406 - browser.browser - INFO - Waiting for alert to appear with timeout 10 seconds
2025-01-31 19:36:57,413 - browser.browser - INFO - Alert successfuly accept
2025-01-31 19:36:57,424 - elements.base_element - INFO - Waiting for button 'JS alerts page -> Prompt button' to be clickable
2025-01-31 19:36:57,443 - elements.base_element - INFO - Clicking on button 'JS alerts page -> Prompt button'
2025-01-31 19:36:57,477 - browser.browser - INFO - Switching to alert
2025-01-31 19:36:57,477 - browser.browser - INFO - Waiting for alert to appear with timeout 10 seconds
2025-01-31 19:36:57,481 - root - INFO - Switch to alert
2025-01-31 19:36:57,481 - browser.browser - INFO - Switching to alert
2025-01-31 19:36:57,481 - browser.browser - INFO - Waiting for alert to appear with timeout 10 seconds
2025-01-31 19:36:57,485 - root - INFO - Get alert text
2025-01-31 19:36:57,487 - browser.browser - INFO - Switching to alert
2025-01-31 19:36:57,487 - browser.browser - INFO - Waiting for alert to appear with timeout 10 seconds
2025-01-31 19:36:57,490 - browser.browser - INFO - Sending keys in alert: done
2025-01-31 19:36:57,492 - browser.browser - INFO - Accept alert
2025-01-31 19:36:57,492 - browser.browser - INFO - Waiting for alert to appear with timeout 10 seconds
2025-01-31 19:36:57,494 - browser.browser - INFO - Switching to alert
2025-01-31 19:36:57,495 - browser.browser - INFO - Waiting for alert to appear with timeout 10 seconds
2025-01-31 19:36:57,501 - browser.browser - INFO - Alert successfuly accept
2025-01-31 19:36:57,515 - browser.browser - INFO - Quit browser session
2025-01-31 19:36:59,615 - WDM - INFO - ====== WebDriver manager ======
2025-01-31 19:37:01,483 - WDM - INFO - Get LATEST geckodriver version for 134.0 firefox
2025-01-31 19:37:01,904 - WDM - INFO - Get LATEST geckodriver version for 134.0 firefox
2025-01-31 19:37:02,128 - WDM - INFO - Driver [C:\Users\mdsmy\.wdm\drivers\geckodriver\win64\v0.35.0\geckodriver.exe] found in cache
2025-01-31 19:37:06,122 - root - INFO - Open URL: https://the-internet.herokuapp.com/
2025-01-31 19:37:08,947 - elements.base_element - INFO - Waiting for button 'Main page -> Alerts page' to be clickable
2025-01-31 19:37:08,968 - elements.base_element - INFO - Clicking on button 'Main page -> Alerts page'
2025-01-31 19:37:09,198 - elements.base_element - INFO - Waiting for button 'JS alerts page -> Alerts button' to be clickable
2025-01-31 19:37:09,209 - elements.base_element - INFO - Clicking on button 'JS alerts page -> Alerts button'
2025-01-31 19:37:09,250 - root - INFO - Switch to alert
2025-01-31 19:37:09,251 - browser.browser - INFO - Switching to alert
2025-01-31 19:37:09,251 - browser.browser - INFO - Waiting for alert to appear with timeout 10 seconds
2025-01-31 19:37:09,255 - root - INFO - Get alert text
2025-01-31 19:37:09,257 - browser.browser - INFO - Accept alert
2025-01-31 19:37:09,257 - browser.browser - INFO - Waiting for alert to appear with timeout 10 seconds
2025-01-31 19:37:09,260 - browser.browser - INFO - Switching to alert
2025-01-31 19:37:09,261 - browser.browser - INFO - Waiting for alert to appear with timeout 10 seconds
2025-01-31 19:37:09,279 - browser.browser - INFO - Alert successfuly accept
2025-01-31 19:37:09,287 - elements.base_element - INFO - Waiting for button 'JS alerts page -> Confirm button' to be clickable
2025-01-31 19:37:09,298 - elements.base_element - INFO - Clicking on button 'JS alerts page -> Confirm button'
2025-01-31 19:37:09,321 - browser.browser - INFO - Switching to alert
2025-01-31 19:37:09,322 - browser.browser - INFO - Waiting for alert to appear with timeout 10 seconds
2025-01-31 19:37:09,326 - root - INFO - Switch to alert
2025-01-31 19:37:09,327 - browser.browser - INFO - Switching to alert
2025-01-31 19:37:09,327 - browser.browser - INFO - Waiting for alert to appear with timeout 10 seconds
2025-01-31 19:37:09,332 - root - INFO - Get alert text
2025-01-31 19:37:09,334 - browser.browser - INFO - Accept alert
2025-01-31 19:37:09,334 - browser.browser - INFO - Waiting for alert to appear with timeout 10 seconds
2025-01-31 19:37:09,336 - browser.browser - INFO - Switching to alert
2025-01-31 19:37:09,336 - browser.browser - INFO - Waiting for alert to appear with timeout 10 seconds
2025-01-31 19:37:09,362 - browser.browser - INFO - Alert successfuly accept
2025-01-31 19:37:09,370 - elements.base_element - INFO - Waiting for button 'JS alerts page -> Prompt button' to be clickable
2025-01-31 19:37:09,381 - elements.base_element - INFO - Clicking on button 'JS alerts page -> Prompt button'
2025-01-31 19:37:09,404 - browser.browser - INFO - Switching to alert
2025-01-31 19:37:09,404 - browser.browser - INFO - Waiting for alert to appear with timeout 10 seconds
2025-01-31 19:37:09,409 - root - INFO - Switch to alert
2025-01-31 19:37:09,409 - browser.browser - INFO - Switching to alert
2025-01-31 19:37:09,409 - browser.browser - INFO - Waiting for alert to appear with timeout 10 seconds
2025-01-31 19:37:09,414 - root - INFO - Get alert text
2025-01-31 19:37:09,416 - browser.browser - INFO - Switching to alert
2025-01-31 19:37:09,416 - browser.browser - INFO - Waiting for alert to appear with timeout 10 seconds
2025-01-31 19:37:09,420 - browser.browser - INFO - Sending keys in alert: done
2025-01-31 19:37:09,423 - browser.browser - INFO - Accept alert
2025-01-31 19:37:09,424 - browser.browser - INFO - Waiting for alert to appear with timeout 10 seconds
2025-01-31 19:37:09,426 - browser.browser - INFO - Switching to alert
2025-01-31 19:37:09,426 - browser.browser - INFO - Waiting for alert to appear with timeout 10 seconds
2025-01-31 19:37:09,445 - browser.browser - INFO - Alert successfuly accept
2025-01-31 19:37:09,456 - browser.browser - INFO - Quit browser session
2025-01-31 19:37:12,017 - WDM - INFO - ====== WebDriver manager ======
2025-01-31 19:37:13,885 - WDM - INFO - Get LATEST edgedriver version for Edge 132.0.2957
2025-01-31 19:37:14,214 - WDM - INFO - Get LATEST edgedriver version for Edge 132.0.2957
2025-01-31 19:37:14,474 - WDM - INFO - Driver [C:\Users\mdsmy\.wdm\drivers\edgedriver\win64\132.0.2957.127\msedgedriver.exe] found in cache
2025-01-31 19:37:15,525 - root - INFO - Open URL: https://the-internet.herokuapp.com/
2025-01-31 19:37:17,620 - elements.base_element - INFO - Waiting for button 'Main page -> Alerts page' to be clickable
2025-01-31 19:37:17,645 - elements.base_element - INFO - Clicking on button 'Main page -> Alerts page'
2025-01-31 19:37:17,894 - elements.base_element - INFO - Waiting for button 'JS alerts page -> Alerts button' to be clickable
2025-01-31 19:37:17,911 - elements.base_element - INFO - Clicking on button 'JS alerts page -> Alerts button'
2025-01-31 19:37:17,948 - root - INFO - Switch to alert
2025-01-31 19:37:17,949 - browser.browser - INFO - Switching to alert
2025-01-31 19:37:17,949 - browser.browser - INFO - Waiting for alert to appear with timeout 10 seconds
2025-01-31 19:37:17,953 - root - INFO - Get alert text
2025-01-31 19:37:17,955 - browser.browser - INFO - Accept alert
2025-01-31 19:37:17,955 - browser.browser - INFO - Waiting for alert to appear with timeout 10 seconds
2025-01-31 19:37:17,957 - browser.browser - INFO - Switching to alert
2025-01-31 19:37:17,957 - browser.browser - INFO - Waiting for alert to appear with timeout 10 seconds
2025-01-31 19:37:17,964 - browser.browser - INFO - Alert successfuly accept
2025-01-31 19:37:17,985 - elements.base_element - INFO - Waiting for button 'JS alerts page -> Confirm button' to be clickable
2025-01-31 19:37:18,003 - elements.base_element - INFO - Clicking on button 'JS alerts page -> Confirm button'
2025-01-31 19:37:18,038 - browser.browser - INFO - Switching to alert
2025-01-31 19:37:18,039 - browser.browser - INFO - Waiting for alert to appear with timeout 10 seconds
2025-01-31 19:37:18,042 - root - INFO - Switch to alert
2025-01-31 19:37:18,043 - browser.browser - INFO - Switching to alert
2025-01-31 19:37:18,043 - browser.browser - INFO - Waiting for alert to appear with timeout 10 seconds
2025-01-31 19:37:18,047 - root - INFO - Get alert text
2025-01-31 19:37:18,049 - browser.browser - INFO - Accept alert
2025-01-31 19:37:18,049 - browser.browser - INFO - Waiting for alert to appear with timeout 10 seconds
2025-01-31 19:37:18,051 - browser.browser - INFO - Switching to alert
2025-01-31 19:37:18,051 - browser.browser - INFO - Waiting for alert to appear with timeout 10 seconds
2025-01-31 19:37:18,057 - browser.browser - INFO - Alert successfuly accept
2025-01-31 19:37:18,071 - elements.base_element - INFO - Waiting for button 'JS alerts page -> Prompt button' to be clickable
2025-01-31 19:37:18,090 - elements.base_element - INFO - Clicking on button 'JS alerts page -> Prompt button'
2025-01-31 19:37:18,129 - browser.browser - INFO - Switching to alert
2025-01-31 19:37:18,129 - browser.browser - INFO - Waiting for alert to appear with timeout 10 seconds
2025-01-31 19:37:18,134 - root - INFO - Switch to alert
2025-01-31 19:37:18,134 - browser.browser - INFO - Switching to alert
2025-01-31 19:37:18,134 - browser.browser - INFO - Waiting for alert to appear with timeout 10 seconds
2025-01-31 19:37:18,138 - root - INFO - Get alert text
2025-01-31 19:37:18,140 - browser.browser - INFO - Switching to alert
2025-01-31 19:37:18,140 - browser.browser - INFO - Waiting for alert to appear with timeout 10 seconds
2025-01-31 19:37:18,144 - browser.browser - INFO - Sending keys in alert: done
2025-01-31 19:37:18,146 - browser.browser - INFO - Accept alert
2025-01-31 19:37:18,146 - browser.browser - INFO - Waiting for alert to appear with timeout 10 seconds
2025-01-31 19:37:18,148 - browser.browser - INFO - Switching to alert
2025-01-31 19:37:18,148 - browser.browser - INFO - Waiting for alert to appear with timeout 10 seconds
2025-01-31 19:37:18,154 - browser.browser - INFO - Alert successfuly accept
2025-01-31 19:37:18,170 - browser.browser - INFO - Quit browser session
2025-01-31 19:37:20,269 - WDM - INFO - ====== WebDriver manager ======
2025-01-31 19:37:22,095 - WDM - INFO - Get LATEST chromedriver version for google-chrome
2025-01-31 19:37:22,310 - WDM - INFO - Get LATEST chromedriver version for google-chrome
2025-01-31 19:37:34,705 - WDM - INFO - Driver [C:\Users\mdsmy\.wdm\drivers\chromedriver\win64\132.0.6834.159\chromedriver-win32/chromedriver.exe] found in cache
2025-01-31 19:37:35,712 - root - INFO - Open URL: https://the-internet.herokuapp.com/
2025-01-31 19:37:38,000 - elements.base_element - INFO - Waiting for button 'Main page -> Alerts page' to be clickable
2025-01-31 19:37:38,023 - elements.base_element - INFO - Clicking on button 'Main page -> Alerts page'
2025-01-31 19:37:38,288 - browser.browser - INFO - Executing script: 
    document.querySelectorAll('button').forEach(function(button) {{
        if (button.textContent.includes("{keys}")) {{
            button.click();
        }}
    }});
 with arguments: {'keys': 'Click for JS Alert'}
2025-01-31 19:37:38,295 - browser.browser - INFO - Accept alert
2025-01-31 19:37:38,295 - browser.browser - INFO - Waiting for alert to appear with timeout 10 seconds
2025-01-31 19:37:38,297 - browser.browser - INFO - Switching to alert
2025-01-31 19:37:38,298 - browser.browser - INFO - Waiting for alert to appear with timeout 10 seconds
2025-01-31 19:37:38,304 - browser.browser - INFO - Alert successfuly accept
2025-01-31 19:37:38,345 - browser.browser - INFO - Executing script: 
    document.querySelectorAll('button').forEach(function(button) {{
        if (button.textContent.includes("{keys}")) {{
            button.click();
        }}
    }});
 with arguments: {'keys': 'Click for JS Confirm'}
2025-01-31 19:37:38,350 - browser.browser - INFO - Accept alert
2025-01-31 19:37:38,350 - browser.browser - INFO - Waiting for alert to appear with timeout 10 seconds
2025-01-31 19:37:38,352 - browser.browser - INFO - Switching to alert
2025-01-31 19:37:38,352 - browser.browser - INFO - Waiting for alert to appear with timeout 10 seconds
2025-01-31 19:37:38,359 - browser.browser - INFO - Alert successfuly accept
2025-01-31 19:37:38,375 - browser.browser - INFO - Executing script: 
    window.prompt = function(message, defaultValue) {{
        return '{keys}';
    }};
     with arguments: {'keys': 'done'}
2025-01-31 19:37:38,379 - browser.browser - INFO - Executing script: 
    document.querySelectorAll('button').forEach(function(button) {{
        if (button.textContent.includes("{keys}")) {{
            button.click();
        }}
    }});
 with arguments: {'keys': 'Click for JS Prompt'}
2025-01-31 19:37:38,397 - browser.browser - INFO - Quit browser session
2025-01-31 19:37:40,490 - WDM - INFO - ====== WebDriver manager ======
2025-01-31 19:37:42,335 - WDM - INFO - Get LATEST geckodriver version for 134.0 firefox
2025-01-31 19:37:42,611 - WDM - INFO - Get LATEST geckodriver version for 134.0 firefox
2025-01-31 19:37:42,837 - WDM - INFO - Driver [C:\Users\mdsmy\.wdm\drivers\geckodriver\win64\v0.35.0\geckodriver.exe] found in cache
2025-01-31 19:37:46,862 - root - INFO - Open URL: https://the-internet.herokuapp.com/
2025-01-31 19:37:49,513 - elements.base_element - INFO - Waiting for button 'Main page -> Alerts page' to be clickable
2025-01-31 19:37:49,534 - elements.base_element - INFO - Clicking on button 'Main page -> Alerts page'
2025-01-31 19:37:49,764 - browser.browser - INFO - Executing script: 
    document.querySelectorAll('button').forEach(function(button) {{
        if (button.textContent.includes("{keys}")) {{
            button.click();
        }}
    }});
 with arguments: {'keys': 'Click for JS Alert'}
2025-01-31 19:37:49,803 - browser.browser - INFO - Accept alert
2025-01-31 19:37:49,803 - browser.browser - INFO - Waiting for alert to appear with timeout 10 seconds
2025-01-31 19:37:49,806 - browser.browser - INFO - Switching to alert
2025-01-31 19:37:49,806 - browser.browser - INFO - Waiting for alert to appear with timeout 10 seconds
2025-01-31 19:37:49,828 - browser.browser - INFO - Alert successfuly accept
2025-01-31 19:37:49,850 - browser.browser - INFO - Executing script: 
    document.querySelectorAll('button').forEach(function(button) {{
        if (button.textContent.includes("{keys}")) {{
            button.click();
        }}
    }});
 with arguments: {'keys': 'Click for JS Confirm'}
2025-01-31 19:37:49,872 - browser.browser - INFO - Accept alert
2025-01-31 19:37:49,873 - browser.browser - INFO - Waiting for alert to appear with timeout 10 seconds
2025-01-31 19:37:49,875 - browser.browser - INFO - Switching to alert
2025-01-31 19:37:49,876 - browser.browser - INFO - Waiting for alert to appear with timeout 10 seconds
2025-01-31 19:37:49,893 - browser.browser - INFO - Alert successfuly accept
2025-01-31 19:37:49,903 - browser.browser - INFO - Executing script: 
    window.prompt = function(message, defaultValue) {{
        return '{keys}';
    }};
     with arguments: {'keys': 'done'}
2025-01-31 19:37:49,906 - browser.browser - INFO - Executing script: 
    document.querySelectorAll('button').forEach(function(button) {{
        if (button.textContent.includes("{keys}")) {{
            button.click();
        }}
    }});
 with arguments: {'keys': 'Click for JS Prompt'}
2025-01-31 19:37:49,921 - browser.browser - INFO - Quit browser session
2025-01-31 19:37:52,469 - WDM - INFO - ====== WebDriver manager ======
2025-01-31 19:37:54,310 - WDM - INFO - Get LATEST edgedriver version for Edge 132.0.2957
2025-01-31 19:37:54,714 - WDM - INFO - Get LATEST edgedriver version for Edge 132.0.2957
2025-01-31 19:37:54,989 - WDM - INFO - Driver [C:\Users\mdsmy\.wdm\drivers\edgedriver\win64\132.0.2957.127\msedgedriver.exe] found in cache
2025-01-31 19:37:56,021 - root - INFO - Open URL: https://the-internet.herokuapp.com/
2025-01-31 19:37:58,123 - elements.base_element - INFO - Waiting for button 'Main page -> Alerts page' to be clickable
2025-01-31 19:37:58,149 - elements.base_element - INFO - Clicking on button 'Main page -> Alerts page'
2025-01-31 19:37:58,398 - browser.browser - INFO - Executing script: 
    document.querySelectorAll('button').forEach(function(button) {{
        if (button.textContent.includes("{keys}")) {{
            button.click();
        }}
    }});
 with arguments: {'keys': 'Click for JS Alert'}
2025-01-31 19:37:58,405 - browser.browser - INFO - Accept alert
2025-01-31 19:37:58,405 - browser.browser - INFO - Waiting for alert to appear with timeout 10 seconds
2025-01-31 19:37:58,408 - browser.browser - INFO - Switching to alert
2025-01-31 19:37:58,408 - browser.browser - INFO - Waiting for alert to appear with timeout 10 seconds
2025-01-31 19:37:58,416 - browser.browser - INFO - Alert successfuly accept
2025-01-31 19:37:58,461 - browser.browser - INFO - Executing script: 
    document.querySelectorAll('button').forEach(function(button) {{
        if (button.textContent.includes("{keys}")) {{
            button.click();
        }}
    }});
 with arguments: {'keys': 'Click for JS Confirm'}
2025-01-31 19:37:58,468 - browser.browser - INFO - Accept alert
2025-01-31 19:37:58,468 - browser.browser - INFO - Waiting for alert to appear with timeout 10 seconds
2025-01-31 19:37:58,470 - browser.browser - INFO - Switching to alert
2025-01-31 19:37:58,470 - browser.browser - INFO - Waiting for alert to appear with timeout 10 seconds
2025-01-31 19:37:58,479 - browser.browser - INFO - Alert successfuly accept
2025-01-31 19:37:58,497 - browser.browser - INFO - Executing script: 
    window.prompt = function(message, defaultValue) {{
        return '{keys}';
    }};
     with arguments: {'keys': 'done'}
2025-01-31 19:37:58,502 - browser.browser - INFO - Executing script: 
    document.querySelectorAll('button').forEach(function(button) {{
        if (button.textContent.includes("{keys}")) {{
            button.click();
        }}
    }});
 with arguments: {'keys': 'Click for JS Prompt'}
2025-01-31 19:37:58,520 - browser.browser - INFO - Quit browser session
2025-01-31 19:46:23,809 - WDM - INFO - ====== WebDriver manager ======
2025-01-31 19:46:23,945 - WDM - INFO - Get LATEST chromedriver version for google-chrome
2025-01-31 19:46:52,968 - WDM - INFO - ====== WebDriver manager ======
2025-01-31 19:46:53,110 - WDM - INFO - Get LATEST chromedriver version for google-chrome
2025-01-31 19:53:47,786 - WDM - INFO - ====== WebDriver manager ======
2025-01-31 19:53:47,915 - WDM - INFO - Get LATEST chromedriver version for google-chrome
2025-01-31 19:55:15,008 - WDM - INFO - ====== WebDriver manager ======
2025-01-31 19:55:15,137 - WDM - INFO - Get LATEST chromedriver version for google-chrome
2025-01-31 19:57:10,439 - WDM - INFO - ====== WebDriver manager ======
2025-01-31 19:57:10,564 - WDM - INFO - Get LATEST chromedriver version for google-chrome
2025-01-31 19:58:57,753 - WDM - INFO - ====== WebDriver manager ======
2025-01-31 19:58:57,891 - WDM - INFO - Get LATEST chromedriver version for google-chrome
2025-01-31 20:05:55,517 - WDM - INFO - ====== WebDriver manager ======
2025-01-31 20:05:55,637 - WDM - INFO - Get LATEST chromedriver version for google-chrome
2025-01-31 20:05:55,826 - WDM - INFO - About to download new driver from https://chromedriver.storage.googleapis.com/114.0.5735.90/chromedriver_linux64.zip
2025-01-31 20:05:55,952 - WDM - INFO - Driver downloading response is 200
2025-01-31 20:05:57,375 - WDM - INFO - Get LATEST chromedriver version for google-chrome
2025-01-31 20:05:57,626 - WDM - INFO - Get LATEST chromedriver version for google-chrome
2025-01-31 20:05:57,806 - WDM - INFO - Driver has been saved in cache [/home/m1rron/.wdm/drivers/chromedriver/linux64/114.0.5735.90]
2025-01-31 20:07:00,853 - WDM - INFO - ====== WebDriver manager ======
2025-01-31 20:07:00,893 - WDM - INFO - Get LATEST geckodriver version for None firefox
2025-01-31 20:07:01,237 - WDM - INFO - Getting latest mozilla release info for v0.35.0
2025-01-31 20:07:01,595 - WDM - INFO - About to download new driver from https://github.com/mozilla/geckodriver/releases/download/v0.35.0/geckodriver-v0.35.0-linux64.tar.gz
2025-01-31 20:07:02,145 - WDM - INFO - Driver downloading response is 200
2025-01-31 20:07:02,669 - WDM - INFO - Get LATEST geckodriver version for None firefox
2025-01-31 20:07:02,936 - WDM - INFO - Get LATEST geckodriver version for None firefox
2025-01-31 20:07:03,148 - WDM - INFO - Driver has been saved in cache [/home/m1rron/.wdm/drivers/geckodriver/linux64/v0.35.0]
2025-01-31 20:07:03,313 - WDM - INFO - ====== WebDriver manager ======
2025-01-31 20:07:03,440 - WDM - INFO - Get LATEST edgedriver version for Edge None
2025-01-31 20:07:04,741 - WDM - INFO - About to download new driver from https://msedgedriver.azureedge.net/132.0.2957.140/edgedriver_linux64.zip
2025-01-31 20:07:05,111 - WDM - INFO - Driver downloading response is 200
2025-01-31 20:07:11,659 - WDM - INFO - Get LATEST edgedriver version for Edge None
2025-01-31 20:07:13,501 - WDM - INFO - Get LATEST edgedriver version for Edge None
2025-01-31 20:07:14,211 - WDM - INFO - Driver has been saved in cache [/home/m1rron/.wdm/drivers/edgedriver/linux64/132.0.2957.140]
2025-01-31 20:07:14,452 - WDM - INFO - ====== WebDriver manager ======
2025-01-31 20:07:14,578 - WDM - INFO - Get LATEST chromedriver version for google-chrome
2025-01-31 20:07:14,729 - WDM - INFO - About to download new driver from https://chromedriver.storage.googleapis.com/114.0.5735.90/chromedriver_linux64.zip
2025-01-31 20:07:14,885 - WDM - INFO - Driver downloading response is 200
2025-01-31 20:07:16,287 - WDM - INFO - Get LATEST chromedriver version for google-chrome
2025-01-31 20:07:16,582 - WDM - INFO - Get LATEST chromedriver version for google-chrome
2025-01-31 20:07:16,791 - WDM - INFO - Driver has been saved in cache [/home/m1rron/.wdm/drivers/chromedriver/linux64/114.0.5735.90]
2025-01-31 20:08:18,035 - WDM - INFO - ====== WebDriver manager ======
2025-01-31 20:08:18,075 - WDM - INFO - Get LATEST geckodriver version for None firefox
2025-01-31 20:08:18,491 - WDM - INFO - Getting latest mozilla release info for v0.35.0
2025-01-31 20:08:19,817 - WDM - INFO - About to download new driver from https://github.com/mozilla/geckodriver/releases/download/v0.35.0/geckodriver-v0.35.0-linux64.tar.gz
2025-01-31 20:08:20,610 - WDM - INFO - Driver downloading response is 200
2025-01-31 20:08:21,159 - WDM - INFO - Get LATEST geckodriver version for None firefox
2025-01-31 20:08:21,436 - WDM - INFO - Get LATEST geckodriver version for None firefox
2025-01-31 20:08:21,660 - WDM - INFO - Driver has been saved in cache [/home/m1rron/.wdm/drivers/geckodriver/linux64/v0.35.0]
2025-01-31 20:08:21,804 - WDM - INFO - ====== WebDriver manager ======
2025-01-31 20:08:21,928 - WDM - INFO - Get LATEST edgedriver version for Edge None
2025-01-31 20:08:27,298 - WDM - INFO - About to download new driver from https://msedgedriver.azureedge.net/132.0.2957.140/edgedriver_linux64.zip
2025-01-31 20:08:27,606 - WDM - INFO - Driver downloading response is 200
2025-01-31 20:08:31,202 - WDM - INFO - Get LATEST edgedriver version for Edge None
2025-01-31 20:08:32,606 - WDM - INFO - Get LATEST edgedriver version for Edge None
2025-01-31 20:08:33,242 - WDM - INFO - Driver has been saved in cache [/home/m1rron/.wdm/drivers/edgedriver/linux64/132.0.2957.140]
2025-01-31 20:08:33,408 - WDM - INFO - ====== WebDriver manager ======
2025-01-31 20:08:33,531 - WDM - INFO - Get LATEST chromedriver version for google-chrome
2025-01-31 20:08:33,712 - WDM - INFO - About to download new driver from https://chromedriver.storage.googleapis.com/114.0.5735.90/chromedriver_linux64.zip
2025-01-31 20:08:33,852 - WDM - INFO - Driver downloading response is 200
2025-01-31 20:08:35,210 - WDM - INFO - Get LATEST chromedriver version for google-chrome
2025-01-31 20:08:35,478 - WDM - INFO - Get LATEST chromedriver version for google-chrome
2025-01-31 20:08:35,665 - WDM - INFO - Driver has been saved in cache [/home/m1rron/.wdm/drivers/chromedriver/linux64/114.0.5735.90]
2025-01-31 20:09:37,974 - WDM - INFO - ====== WebDriver manager ======
2025-01-31 20:09:38,015 - WDM - INFO - Get LATEST geckodriver version for None firefox
2025-01-31 20:09:38,224 - WDM - INFO - Getting latest mozilla release info for v0.35.0
2025-01-31 20:09:38,557 - WDM - INFO - About to download new driver from https://github.com/mozilla/geckodriver/releases/download/v0.35.0/geckodriver-v0.35.0-linux64.tar.gz
2025-01-31 20:09:39,316 - WDM - INFO - Driver downloading response is 200
2025-01-31 20:09:39,859 - WDM - INFO - Get LATEST geckodriver version for None firefox
2025-01-31 20:09:40,113 - WDM - INFO - Get LATEST geckodriver version for None firefox
2025-01-31 20:09:40,310 - WDM - INFO - Driver has been saved in cache [/home/m1rron/.wdm/drivers/geckodriver/linux64/v0.35.0]
2025-01-31 20:09:40,453 - WDM - INFO - ====== WebDriver manager ======
2025-01-31 20:09:40,581 - WDM - INFO - Get LATEST edgedriver version for Edge None
2025-01-31 20:09:41,172 - WDM - INFO - About to download new driver from https://msedgedriver.azureedge.net/132.0.2957.140/edgedriver_linux64.zip
2025-01-31 20:09:41,587 - WDM - INFO - Driver downloading response is 200
2025-01-31 20:09:48,091 - WDM - INFO - Get LATEST edgedriver version for Edge None
2025-01-31 20:09:48,781 - WDM - INFO - Get LATEST edgedriver version for Edge None
2025-01-31 20:09:49,463 - WDM - INFO - Driver has been saved in cache [/home/m1rron/.wdm/drivers/edgedriver/linux64/132.0.2957.140]
2025-01-31 20:09:49,630 - WDM - INFO - ====== WebDriver manager ======
2025-01-31 20:09:49,757 - WDM - INFO - Get LATEST chromedriver version for google-chrome
2025-01-31 20:09:49,895 - WDM - INFO - About to download new driver from https://chromedriver.storage.googleapis.com/114.0.5735.90/chromedriver_linux64.zip
2025-01-31 20:09:50,042 - WDM - INFO - Driver downloading response is 200
2025-01-31 20:09:51,400 - WDM - INFO - Get LATEST chromedriver version for google-chrome
2025-01-31 20:09:51,671 - WDM - INFO - Get LATEST chromedriver version for google-chrome
2025-01-31 20:09:51,926 - WDM - INFO - Driver has been saved in cache [/home/m1rron/.wdm/drivers/chromedriver/linux64/114.0.5735.90]
2025-01-31 20:10:54,223 - WDM - INFO - ====== WebDriver manager ======
2025-01-31 20:10:54,265 - WDM - INFO - Get LATEST geckodriver version for None firefox
2025-01-31 20:10:54,601 - WDM - INFO - Getting latest mozilla release info for v0.35.0
2025-01-31 20:10:54,942 - WDM - INFO - About to download new driver from https://github.com/mozilla/geckodriver/releases/download/v0.35.0/geckodriver-v0.35.0-linux64.tar.gz
2025-01-31 20:10:55,881 - WDM - INFO - Driver downloading response is 200
2025-01-31 20:10:56,449 - WDM - INFO - Get LATEST geckodriver version for None firefox
2025-01-31 20:10:56,749 - WDM - INFO - Get LATEST geckodriver version for None firefox
2025-01-31 20:10:56,972 - WDM - INFO - Driver has been saved in cache [/home/m1rron/.wdm/drivers/geckodriver/linux64/v0.35.0]
2025-01-31 20:10:57,126 - WDM - INFO - ====== WebDriver manager ======
2025-01-31 20:10:57,263 - WDM - INFO - Get LATEST edgedriver version for Edge None
2025-01-31 20:10:57,928 - WDM - INFO - About to download new driver from https://msedgedriver.azureedge.net/132.0.2957.140/edgedriver_linux64.zip
2025-01-31 20:10:58,286 - WDM - INFO - Driver downloading response is 200
2025-01-31 20:11:03,050 - WDM - INFO - Get LATEST edgedriver version for Edge None
2025-01-31 20:11:03,805 - WDM - INFO - Get LATEST edgedriver version for Edge None
2025-01-31 20:11:06,010 - WDM - INFO - Driver has been saved in cache [/home/m1rron/.wdm/drivers/edgedriver/linux64/132.0.2957.140]
2025-01-31 20:11:06,191 - WDM - INFO - ====== WebDriver manager ======
2025-01-31 20:11:06,325 - WDM - INFO - Get LATEST chromedriver version for google-chrome
2025-01-31 20:11:06,502 - WDM - INFO - About to download new driver from https://chromedriver.storage.googleapis.com/114.0.5735.90/chromedriver_linux64.zip
2025-01-31 20:11:06,655 - WDM - INFO - Driver downloading response is 200
2025-01-31 20:11:08,136 - WDM - INFO - Get LATEST chromedriver version for google-chrome
2025-01-31 20:11:08,418 - WDM - INFO - Get LATEST chromedriver version for google-chrome
2025-01-31 20:11:08,631 - WDM - INFO - Driver has been saved in cache [/home/m1rron/.wdm/drivers/chromedriver/linux64/114.0.5735.90]
2025-01-31 20:12:09,915 - WDM - INFO - ====== WebDriver manager ======
2025-01-31 20:12:09,955 - WDM - INFO - Get LATEST geckodriver version for None firefox
2025-01-31 20:12:10,354 - WDM - INFO - Getting latest mozilla release info for v0.35.0
2025-01-31 20:12:10,721 - WDM - INFO - About to download new driver from https://github.com/mozilla/geckodriver/releases/download/v0.35.0/geckodriver-v0.35.0-linux64.tar.gz
2025-01-31 20:12:12,498 - WDM - INFO - Driver downloading response is 200
2025-01-31 20:12:13,114 - WDM - INFO - Get LATEST geckodriver version for None firefox
2025-01-31 20:12:13,417 - WDM - INFO - Get LATEST geckodriver version for None firefox
2025-01-31 20:12:13,640 - WDM - INFO - Driver has been saved in cache [/home/m1rron/.wdm/drivers/geckodriver/linux64/v0.35.0]
2025-01-31 20:12:13,790 - WDM - INFO - ====== WebDriver manager ======
2025-01-31 20:12:13,920 - WDM - INFO - Get LATEST edgedriver version for Edge None
2025-01-31 20:12:14,540 - WDM - INFO - About to download new driver from https://msedgedriver.azureedge.net/132.0.2957.140/edgedriver_linux64.zip
2025-01-31 20:12:14,833 - WDM - INFO - Driver downloading response is 200
2025-01-31 20:12:18,350 - WDM - INFO - Get LATEST edgedriver version for Edge None
2025-01-31 20:12:19,038 - WDM - INFO - Get LATEST edgedriver version for Edge None
2025-01-31 20:12:19,595 - WDM - INFO - Driver has been saved in cache [/home/m1rron/.wdm/drivers/edgedriver/linux64/132.0.2957.140]
2025-01-31 20:12:19,770 - WDM - INFO - ====== WebDriver manager ======
2025-01-31 20:12:19,899 - WDM - INFO - Get LATEST chromedriver version for google-chrome
2025-01-31 20:12:20,043 - WDM - INFO - About to download new driver from https://chromedriver.storage.googleapis.com/114.0.5735.90/chromedriver_linux64.zip
2025-01-31 20:12:20,173 - WDM - INFO - Driver downloading response is 200
2025-01-31 20:12:21,584 - WDM - INFO - Get LATEST chromedriver version for google-chrome
2025-01-31 20:12:21,854 - WDM - INFO - Get LATEST chromedriver version for google-chrome
2025-01-31 20:12:22,100 - WDM - INFO - Driver has been saved in cache [/home/m1rron/.wdm/drivers/chromedriver/linux64/114.0.5735.90]
2025-01-31 20:13:24,380 - WDM - INFO - ====== WebDriver manager ======
2025-01-31 20:13:24,509 - WDM - INFO - Get LATEST chromedriver version for google-chrome
2025-01-31 20:13:24,651 - WDM - INFO - About to download new driver from https://chromedriver.storage.googleapis.com/114.0.5735.90/chromedriver_linux64.zip
2025-01-31 20:13:24,798 - WDM - INFO - Driver downloading response is 200
2025-01-31 20:13:26,184 - WDM - INFO - Get LATEST chromedriver version for google-chrome
2025-01-31 20:13:26,452 - WDM - INFO - Get LATEST chromedriver version for google-chrome
2025-01-31 20:13:26,655 - WDM - INFO - Driver has been saved in cache [/home/m1rron/.wdm/drivers/chromedriver/linux64/114.0.5735.90]
2025-01-31 20:14:28,996 - WDM - INFO - ====== WebDriver manager ======
2025-01-31 20:14:29,130 - WDM - INFO - Get LATEST chromedriver version for google-chrome
2025-01-31 20:14:29,282 - WDM - INFO - About to download new driver from https://chromedriver.storage.googleapis.com/114.0.5735.90/chromedriver_linux64.zip
2025-01-31 20:14:29,416 - WDM - INFO - Driver downloading response is 200
2025-01-31 20:14:30,748 - WDM - INFO - Get LATEST chromedriver version for google-chrome
2025-01-31 20:14:31,047 - WDM - INFO - Get LATEST chromedriver version for google-chrome
2025-01-31 20:14:31,276 - WDM - INFO - Driver has been saved in cache [/home/m1rron/.wdm/drivers/chromedriver/linux64/114.0.5735.90]
2025-01-31 20:15:33,393 - WDM - INFO - ====== WebDriver manager ======
2025-01-31 20:15:33,527 - WDM - INFO - Get LATEST chromedriver version for google-chrome
2025-01-31 20:15:33,656 - WDM - INFO - About to download new driver from https://chromedriver.storage.googleapis.com/114.0.5735.90/chromedriver_linux64.zip
2025-01-31 20:15:33,795 - WDM - INFO - Driver downloading response is 200
2025-01-31 20:15:35,239 - WDM - INFO - Get LATEST chromedriver version for google-chrome
2025-01-31 20:15:35,520 - WDM - INFO - Get LATEST chromedriver version for google-chrome
2025-01-31 20:15:35,732 - WDM - INFO - Driver has been saved in cache [/home/m1rron/.wdm/drivers/chromedriver/linux64/114.0.5735.90]
2025-01-31 20:16:36,942 - WDM - INFO - ====== WebDriver manager ======
2025-01-31 20:16:37,073 - WDM - INFO - Get LATEST chromedriver version for google-chrome
2025-01-31 20:16:37,248 - WDM - INFO - About to download new driver from https://chromedriver.storage.googleapis.com/114.0.5735.90/chromedriver_linux64.zip
2025-01-31 20:16:38,322 - WDM - INFO - Driver downloading response is 200
2025-01-31 20:16:39,853 - WDM - INFO - Get LATEST chromedriver version for google-chrome
2025-01-31 20:16:40,132 - WDM - INFO - Get LATEST chromedriver version for google-chrome
2025-01-31 20:16:40,331 - WDM - INFO - Driver has been saved in cache [/home/m1rron/.wdm/drivers/chromedriver/linux64/114.0.5735.90]
2025-01-31 20:21:38,113 - WDM - INFO - ====== WebDriver manager ======
2025-01-31 20:21:38,249 - WDM - INFO - Get LATEST chromedriver version for google-chrome
2025-01-31 20:27:28,253 - WDM - INFO - ====== WebDriver manager ======
2025-01-31 20:27:28,389 - WDM - INFO - Get LATEST chromedriver version for google-chrome
2025-01-31 20:35:44,512 - WDM - INFO - ====== WebDriver manager ======
2025-01-31 20:35:44,646 - WDM - INFO - Get LATEST chromedriver version for google-chrome
2025-01-31 20:35:44,863 - WDM - INFO - About to download new driver from https://chromedriver.storage.googleapis.com/114.0.5735.90/chromedriver_linux64.zip
2025-01-31 20:35:44,993 - WDM - INFO - Driver downloading response is 200
2025-01-31 20:35:46,370 - WDM - INFO - Get LATEST chromedriver version for google-chrome
2025-01-31 20:35:46,660 - WDM - INFO - Get LATEST chromedriver version for google-chrome
2025-01-31 20:35:46,889 - WDM - INFO - Driver has been saved in cache [/home/m1rron/.wdm/drivers/chromedriver/linux64/114.0.5735.90]
2025-01-31 20:36:50,401 - WDM - INFO - ====== WebDriver manager ======
2025-01-31 20:36:50,441 - WDM - INFO - Get LATEST geckodriver version for None firefox
2025-01-31 20:36:50,776 - WDM - INFO - Getting latest mozilla release info for v0.35.0
2025-01-31 20:36:51,094 - WDM - INFO - About to download new driver from https://github.com/mozilla/geckodriver/releases/download/v0.35.0/geckodriver-v0.35.0-linux64.tar.gz
2025-01-31 20:36:51,891 - WDM - INFO - Driver downloading response is 200
2025-01-31 20:36:52,417 - WDM - INFO - Get LATEST geckodriver version for None firefox
2025-01-31 20:36:52,687 - WDM - INFO - Get LATEST geckodriver version for None firefox
2025-01-31 20:36:52,910 - WDM - INFO - Driver has been saved in cache [/home/m1rron/.wdm/drivers/geckodriver/linux64/v0.35.0]
2025-01-31 20:36:53,068 - WDM - INFO - ====== WebDriver manager ======
2025-01-31 20:36:53,203 - WDM - INFO - Get LATEST edgedriver version for Edge None
2025-01-31 20:36:54,883 - WDM - INFO - About to download new driver from https://msedgedriver.azureedge.net/132.0.2957.140/edgedriver_linux64.zip
2025-01-31 20:36:55,226 - WDM - INFO - Driver downloading response is 200
2025-01-31 20:36:58,990 - WDM - INFO - Get LATEST edgedriver version for Edge None
2025-01-31 20:37:00,091 - WDM - INFO - Get LATEST edgedriver version for Edge None
2025-01-31 20:37:00,660 - WDM - INFO - Driver has been saved in cache [/home/m1rron/.wdm/drivers/edgedriver/linux64/132.0.2957.140]
2025-01-31 20:37:00,843 - WDM - INFO - ====== WebDriver manager ======
2025-01-31 20:37:00,977 - WDM - INFO - Get LATEST chromedriver version for google-chrome
2025-01-31 20:37:01,180 - WDM - INFO - About to download new driver from https://chromedriver.storage.googleapis.com/114.0.5735.90/chromedriver_linux64.zip
2025-01-31 20:37:01,325 - WDM - INFO - Driver downloading response is 200
2025-01-31 20:37:02,826 - WDM - INFO - Get LATEST chromedriver version for google-chrome
2025-01-31 20:37:03,101 - WDM - INFO - Get LATEST chromedriver version for google-chrome
2025-01-31 20:37:03,311 - WDM - INFO - Driver has been saved in cache [/home/m1rron/.wdm/drivers/chromedriver/linux64/114.0.5735.90]
2025-01-31 20:38:05,692 - WDM - INFO - ====== WebDriver manager ======
2025-01-31 20:38:05,732 - WDM - INFO - Get LATEST geckodriver version for None firefox
2025-01-31 20:38:05,960 - WDM - INFO - Getting latest mozilla release info for v0.35.0
2025-01-31 20:38:06,296 - WDM - INFO - About to download new driver from https://github.com/mozilla/geckodriver/releases/download/v0.35.0/geckodriver-v0.35.0-linux64.tar.gz
2025-01-31 20:38:07,189 - WDM - INFO - Driver downloading response is 200
2025-01-31 20:38:07,745 - WDM - INFO - Get LATEST geckodriver version for None firefox
2025-01-31 20:38:08,003 - WDM - INFO - Get LATEST geckodriver version for None firefox
2025-01-31 20:38:08,235 - WDM - INFO - Driver has been saved in cache [/home/m1rron/.wdm/drivers/geckodriver/linux64/v0.35.0]
2025-01-31 20:38:08,388 - WDM - INFO - ====== WebDriver manager ======
2025-01-31 20:38:08,522 - WDM - INFO - Get LATEST edgedriver version for Edge None
2025-01-31 20:38:09,082 - WDM - INFO - About to download new driver from https://msedgedriver.azureedge.net/132.0.2957.140/edgedriver_linux64.zip
2025-01-31 20:38:09,399 - WDM - INFO - Driver downloading response is 200
2025-01-31 20:38:12,747 - WDM - INFO - Get LATEST edgedriver version for Edge None
2025-01-31 20:38:15,017 - WDM - INFO - Get LATEST edgedriver version for Edge None
2025-01-31 20:38:15,637 - WDM - INFO - Driver has been saved in cache [/home/m1rron/.wdm/drivers/edgedriver/linux64/132.0.2957.140]
2025-01-31 20:38:15,817 - WDM - INFO - ====== WebDriver manager ======
2025-01-31 20:38:15,959 - WDM - INFO - Get LATEST chromedriver version for google-chrome
2025-01-31 20:38:16,105 - WDM - INFO - About to download new driver from https://chromedriver.storage.googleapis.com/114.0.5735.90/chromedriver_linux64.zip
2025-01-31 20:38:16,248 - WDM - INFO - Driver downloading response is 200
2025-01-31 20:38:17,696 - WDM - INFO - Get LATEST chromedriver version for google-chrome
2025-01-31 20:38:17,981 - WDM - INFO - Get LATEST chromedriver version for google-chrome
2025-01-31 20:38:18,194 - WDM - INFO - Driver has been saved in cache [/home/m1rron/.wdm/drivers/chromedriver/linux64/114.0.5735.90]
2025-01-31 20:39:19,601 - WDM - INFO - ====== WebDriver manager ======
2025-01-31 20:39:19,641 - WDM - INFO - Get LATEST geckodriver version for None firefox
2025-01-31 20:39:19,838 - WDM - INFO - Getting latest mozilla release info for v0.35.0
2025-01-31 20:39:21,240 - WDM - INFO - About to download new driver from https://github.com/mozilla/geckodriver/releases/download/v0.35.0/geckodriver-v0.35.0-linux64.tar.gz
2025-01-31 20:39:21,971 - WDM - INFO - Driver downloading response is 200
2025-01-31 20:39:22,501 - WDM - INFO - Get LATEST geckodriver version for None firefox
2025-01-31 20:39:22,773 - WDM - INFO - Get LATEST geckodriver version for None firefox
2025-01-31 20:39:22,983 - WDM - INFO - Driver has been saved in cache [/home/m1rron/.wdm/drivers/geckodriver/linux64/v0.35.0]
2025-01-31 20:39:23,136 - WDM - INFO - ====== WebDriver manager ======
2025-01-31 20:39:23,288 - WDM - INFO - Get LATEST edgedriver version for Edge None
2025-01-31 20:39:23,823 - WDM - INFO - About to download new driver from https://msedgedriver.azureedge.net/132.0.2957.140/edgedriver_linux64.zip
2025-01-31 20:39:24,135 - WDM - INFO - Driver downloading response is 200
2025-01-31 20:39:26,396 - WDM - INFO - Get LATEST edgedriver version for Edge None
2025-01-31 20:39:27,086 - WDM - INFO - Get LATEST edgedriver version for Edge None
2025-01-31 20:39:27,717 - WDM - INFO - Driver has been saved in cache [/home/m1rron/.wdm/drivers/edgedriver/linux64/132.0.2957.140]
2025-01-31 20:39:27,892 - WDM - INFO - ====== WebDriver manager ======
2025-01-31 20:39:28,025 - WDM - INFO - Get LATEST chromedriver version for google-chrome
2025-01-31 20:39:28,173 - WDM - INFO - About to download new driver from https://chromedriver.storage.googleapis.com/114.0.5735.90/chromedriver_linux64.zip
2025-01-31 20:39:28,302 - WDM - INFO - Driver downloading response is 200
2025-01-31 20:39:29,699 - WDM - INFO - Get LATEST chromedriver version for google-chrome
2025-01-31 20:39:29,966 - WDM - INFO - Get LATEST chromedriver version for google-chrome
2025-01-31 20:39:30,164 - WDM - INFO - Driver has been saved in cache [/home/m1rron/.wdm/drivers/chromedriver/linux64/114.0.5735.90]
2025-01-31 20:40:32,535 - WDM - INFO - ====== WebDriver manager ======
2025-01-31 20:40:32,575 - WDM - INFO - Get LATEST geckodriver version for None firefox
2025-01-31 20:40:32,928 - WDM - INFO - Getting latest mozilla release info for v0.35.0
2025-01-31 20:40:33,269 - WDM - INFO - About to download new driver from https://github.com/mozilla/geckodriver/releases/download/v0.35.0/geckodriver-v0.35.0-linux64.tar.gz
2025-01-31 20:40:34,039 - WDM - INFO - Driver downloading response is 200
2025-01-31 20:40:34,675 - WDM - INFO - Get LATEST geckodriver version for None firefox
2025-01-31 20:40:34,934 - WDM - INFO - Get LATEST geckodriver version for None firefox
2025-01-31 20:40:35,144 - WDM - INFO - Driver has been saved in cache [/home/m1rron/.wdm/drivers/geckodriver/linux64/v0.35.0]
2025-01-31 20:40:35,288 - WDM - INFO - ====== WebDriver manager ======
2025-01-31 20:40:35,415 - WDM - INFO - Get LATEST edgedriver version for Edge None
2025-01-31 20:40:36,218 - WDM - INFO - About to download new driver from https://msedgedriver.azureedge.net/132.0.2957.140/edgedriver_linux64.zip
2025-01-31 20:40:36,592 - WDM - INFO - Driver downloading response is 200
2025-01-31 20:40:40,402 - WDM - INFO - Get LATEST edgedriver version for Edge None
2025-01-31 20:40:41,140 - WDM - INFO - Get LATEST edgedriver version for Edge None
2025-01-31 20:40:41,771 - WDM - INFO - Driver has been saved in cache [/home/m1rron/.wdm/drivers/edgedriver/linux64/132.0.2957.140]
2025-01-31 20:40:41,949 - WDM - INFO - ====== WebDriver manager ======
2025-01-31 20:40:42,085 - WDM - INFO - Get LATEST chromedriver version for google-chrome
2025-01-31 20:40:42,232 - WDM - INFO - About to download new driver from https://chromedriver.storage.googleapis.com/114.0.5735.90/chromedriver_linux64.zip
2025-01-31 20:40:42,371 - WDM - INFO - Driver downloading response is 200
2025-01-31 20:40:43,940 - WDM - INFO - Get LATEST chromedriver version for google-chrome
2025-01-31 20:40:44,197 - WDM - INFO - Get LATEST chromedriver version for google-chrome
2025-01-31 20:40:44,403 - WDM - INFO - Driver has been saved in cache [/home/m1rron/.wdm/drivers/chromedriver/linux64/114.0.5735.90]
2025-01-31 20:41:46,880 - WDM - INFO - ====== WebDriver manager ======
2025-01-31 20:41:46,920 - WDM - INFO - Get LATEST geckodriver version for None firefox
2025-01-31 20:41:47,120 - WDM - INFO - Getting latest mozilla release info for v0.35.0
2025-01-31 20:41:47,451 - WDM - INFO - About to download new driver from https://github.com/mozilla/geckodriver/releases/download/v0.35.0/geckodriver-v0.35.0-linux64.tar.gz
2025-01-31 20:41:48,231 - WDM - INFO - Driver downloading response is 200
2025-01-31 20:41:48,757 - WDM - INFO - Get LATEST geckodriver version for None firefox
2025-01-31 20:41:49,055 - WDM - INFO - Get LATEST geckodriver version for None firefox
2025-01-31 20:41:49,255 - WDM - INFO - Driver has been saved in cache [/home/m1rron/.wdm/drivers/geckodriver/linux64/v0.35.0]
2025-01-31 20:41:49,400 - WDM - INFO - ====== WebDriver manager ======
2025-01-31 20:41:49,527 - WDM - INFO - Get LATEST edgedriver version for Edge None
2025-01-31 20:41:50,144 - WDM - INFO - About to download new driver from https://msedgedriver.azureedge.net/132.0.2957.140/edgedriver_linux64.zip
2025-01-31 20:41:50,433 - WDM - INFO - Driver downloading response is 200
2025-01-31 20:41:53,823 - WDM - INFO - Get LATEST edgedriver version for Edge None
2025-01-31 20:41:54,622 - WDM - INFO - Get LATEST edgedriver version for Edge None
2025-01-31 20:41:55,240 - WDM - INFO - Driver has been saved in cache [/home/m1rron/.wdm/drivers/edgedriver/linux64/132.0.2957.140]
2025-01-31 20:41:55,418 - WDM - INFO - ====== WebDriver manager ======
2025-01-31 20:41:55,551 - WDM - INFO - Get LATEST chromedriver version for google-chrome
2025-01-31 20:41:55,759 - WDM - INFO - About to download new driver from https://chromedriver.storage.googleapis.com/114.0.5735.90/chromedriver_linux64.zip
2025-01-31 20:41:55,911 - WDM - INFO - Driver downloading response is 200
2025-01-31 20:41:57,379 - WDM - INFO - Get LATEST chromedriver version for google-chrome
2025-01-31 20:41:57,661 - WDM - INFO - Get LATEST chromedriver version for google-chrome
2025-01-31 20:41:57,878 - WDM - INFO - Driver has been saved in cache [/home/m1rron/.wdm/drivers/chromedriver/linux64/114.0.5735.90]
2025-01-31 20:43:00,414 - WDM - INFO - ====== WebDriver manager ======
2025-01-31 20:43:00,547 - WDM - INFO - Get LATEST chromedriver version for google-chrome
2025-01-31 20:43:00,706 - WDM - INFO - About to download new driver from https://chromedriver.storage.googleapis.com/114.0.5735.90/chromedriver_linux64.zip
2025-01-31 20:43:00,901 - WDM - INFO - Driver downloading response is 200
2025-01-31 20:43:02,490 - WDM - INFO - Get LATEST chromedriver version for google-chrome
2025-01-31 20:43:02,803 - WDM - INFO - Get LATEST chromedriver version for google-chrome
2025-01-31 20:43:02,998 - WDM - INFO - Driver has been saved in cache [/home/m1rron/.wdm/drivers/chromedriver/linux64/114.0.5735.90]
2025-01-31 20:44:05,670 - WDM - INFO - ====== WebDriver manager ======
2025-01-31 20:44:05,804 - WDM - INFO - Get LATEST chromedriver version for google-chrome
2025-01-31 20:44:05,941 - WDM - INFO - About to download new driver from https://chromedriver.storage.googleapis.com/114.0.5735.90/chromedriver_linux64.zip
2025-01-31 20:44:06,077 - WDM - INFO - Driver downloading response is 200
2025-01-31 20:44:07,408 - WDM - INFO - Get LATEST chromedriver version for google-chrome
2025-01-31 20:44:07,681 - WDM - INFO - Get LATEST chromedriver version for google-chrome
2025-01-31 20:44:07,896 - WDM - INFO - Driver has been saved in cache [/home/m1rron/.wdm/drivers/chromedriver/linux64/114.0.5735.90]
2025-01-31 20:45:10,472 - WDM - INFO - ====== WebDriver manager ======
2025-01-31 20:45:10,604 - WDM - INFO - Get LATEST chromedriver version for google-chrome
2025-01-31 20:45:10,754 - WDM - INFO - About to download new driver from https://chromedriver.storage.googleapis.com/114.0.5735.90/chromedriver_linux64.zip
2025-01-31 20:45:10,893 - WDM - INFO - Driver downloading response is 200
2025-01-31 20:45:12,350 - WDM - INFO - Get LATEST chromedriver version for google-chrome
2025-01-31 20:45:12,625 - WDM - INFO - Get LATEST chromedriver version for google-chrome
2025-01-31 20:45:12,836 - WDM - INFO - Driver has been saved in cache [/home/m1rron/.wdm/drivers/chromedriver/linux64/114.0.5735.90]
2025-01-31 20:46:15,451 - WDM - INFO - ====== WebDriver manager ======
2025-01-31 20:46:15,585 - WDM - INFO - Get LATEST chromedriver version for google-chrome
2025-01-31 20:46:15,727 - WDM - INFO - About to download new driver from https://chromedriver.storage.googleapis.com/114.0.5735.90/chromedriver_linux64.zip
2025-01-31 20:46:15,852 - WDM - INFO - Driver downloading response is 200
2025-01-31 20:46:17,221 - WDM - INFO - Get LATEST chromedriver version for google-chrome
2025-01-31 20:46:17,503 - WDM - INFO - Get LATEST chromedriver version for google-chrome
2025-01-31 20:46:17,705 - WDM - INFO - Driver has been saved in cache [/home/m1rron/.wdm/drivers/chromedriver/linux64/114.0.5735.90]
2025-02-01 10:44:03,005 - WDM - INFO - ====== WebDriver manager ======
2025-02-01 10:44:03,155 - WDM - INFO - Get LATEST chromedriver version for google-chrome
2025-02-01 10:44:57,228 - WDM - INFO - ====== WebDriver manager ======
2025-02-01 10:44:57,368 - WDM - INFO - Get LATEST chromedriver version for google-chrome
2025-02-01 10:44:57,571 - WDM - INFO - About to download new driver from https://chromedriver.storage.googleapis.com/114.0.5735.90/chromedriver_linux64.zip
2025-02-01 10:44:57,900 - WDM - INFO - Driver downloading response is 200
2025-02-01 10:44:59,776 - WDM - INFO - Get LATEST chromedriver version for google-chrome
2025-02-01 10:45:00,077 - WDM - INFO - Get LATEST chromedriver version for google-chrome
2025-02-01 10:45:00,339 - WDM - INFO - Driver has been saved in cache [/home/m1rron/.wdm/drivers/chromedriver/linux64/114.0.5735.90]
2025-02-01 10:46:00,475 - WDM - INFO - ====== WebDriver manager ======
2025-02-01 10:46:00,517 - WDM - INFO - Get LATEST geckodriver version for None firefox
2025-02-01 10:46:00,721 - WDM - INFO - Getting latest mozilla release info for v0.35.0
2025-02-01 10:46:01,037 - WDM - INFO - About to download new driver from https://github.com/mozilla/geckodriver/releases/download/v0.35.0/geckodriver-v0.35.0-linux64.tar.gz
2025-02-01 10:46:01,802 - WDM - INFO - Driver downloading response is 200
2025-02-01 10:46:02,303 - WDM - INFO - Get LATEST geckodriver version for None firefox
2025-02-01 10:46:02,580 - WDM - INFO - Get LATEST geckodriver version for None firefox
2025-02-01 10:46:02,798 - WDM - INFO - Driver has been saved in cache [/home/m1rron/.wdm/drivers/geckodriver/linux64/v0.35.0]
2025-02-01 10:46:02,958 - WDM - INFO - ====== WebDriver manager ======
2025-02-01 10:46:03,098 - WDM - INFO - Get LATEST edgedriver version for Edge None
2025-02-01 10:46:03,782 - WDM - INFO - About to download new driver from https://msedgedriver.azureedge.net/132.0.2957.140/edgedriver_linux64.zip
2025-02-01 10:46:05,818 - WDM - INFO - Driver downloading response is 200
2025-02-01 10:46:09,922 - WDM - INFO - Get LATEST edgedriver version for Edge None
2025-02-01 10:46:10,755 - WDM - INFO - Get LATEST edgedriver version for Edge None
2025-02-01 10:46:11,542 - WDM - INFO - Driver has been saved in cache [/home/m1rron/.wdm/drivers/edgedriver/linux64/132.0.2957.140]
2025-02-01 10:46:11,797 - WDM - INFO - ====== WebDriver manager ======
2025-02-01 10:46:11,943 - WDM - INFO - Get LATEST chromedriver version for google-chrome
2025-02-01 10:46:12,104 - WDM - INFO - About to download new driver from https://chromedriver.storage.googleapis.com/114.0.5735.90/chromedriver_linux64.zip
2025-02-01 10:46:12,245 - WDM - INFO - Driver downloading response is 200
2025-02-01 10:46:13,715 - WDM - INFO - Get LATEST chromedriver version for google-chrome
2025-02-01 10:46:14,008 - WDM - INFO - Get LATEST chromedriver version for google-chrome
2025-02-01 10:46:14,217 - WDM - INFO - Driver has been saved in cache [/home/m1rron/.wdm/drivers/chromedriver/linux64/114.0.5735.90]
2025-02-01 10:47:13,131 - WDM - INFO - ====== WebDriver manager ======
2025-02-01 10:47:13,171 - WDM - INFO - Get LATEST geckodriver version for None firefox
2025-02-01 10:47:13,519 - WDM - INFO - Getting latest mozilla release info for v0.35.0
2025-02-01 10:47:13,857 - WDM - INFO - About to download new driver from https://github.com/mozilla/geckodriver/releases/download/v0.35.0/geckodriver-v0.35.0-linux64.tar.gz
2025-02-01 10:47:14,612 - WDM - INFO - Driver downloading response is 200
2025-02-01 10:47:15,167 - WDM - INFO - Get LATEST geckodriver version for None firefox
2025-02-01 10:47:15,418 - WDM - INFO - Get LATEST geckodriver version for None firefox
2025-02-01 10:47:15,621 - WDM - INFO - Driver has been saved in cache [/home/m1rron/.wdm/drivers/geckodriver/linux64/v0.35.0]
2025-02-01 10:47:15,775 - WDM - INFO - ====== WebDriver manager ======
2025-02-01 10:47:15,910 - WDM - INFO - Get LATEST edgedriver version for Edge None
2025-02-01 10:47:16,426 - WDM - INFO - About to download new driver from https://msedgedriver.azureedge.net/132.0.2957.140/edgedriver_linux64.zip
2025-02-01 10:47:16,740 - WDM - INFO - Driver downloading response is 200
2025-02-01 10:47:19,090 - WDM - INFO - Get LATEST edgedriver version for Edge None
2025-02-01 10:47:19,840 - WDM - INFO - Get LATEST edgedriver version for Edge None
2025-02-01 10:47:20,644 - WDM - INFO - Driver has been saved in cache [/home/m1rron/.wdm/drivers/edgedriver/linux64/132.0.2957.140]
2025-02-01 10:47:20,833 - WDM - INFO - ====== WebDriver manager ======
2025-02-01 10:47:20,974 - WDM - INFO - Get LATEST chromedriver version for google-chrome
2025-02-01 10:47:21,235 - WDM - INFO - About to download new driver from https://chromedriver.storage.googleapis.com/114.0.5735.90/chromedriver_linux64.zip
2025-02-01 10:47:21,356 - WDM - INFO - Driver downloading response is 200
2025-02-01 10:47:22,712 - WDM - INFO - Get LATEST chromedriver version for google-chrome
2025-02-01 10:47:22,981 - WDM - INFO - Get LATEST chromedriver version for google-chrome
2025-02-01 10:47:23,183 - WDM - INFO - Driver has been saved in cache [/home/m1rron/.wdm/drivers/chromedriver/linux64/114.0.5735.90]
2025-02-01 10:48:22,167 - WDM - INFO - ====== WebDriver manager ======
2025-02-01 10:48:22,213 - WDM - INFO - Get LATEST geckodriver version for None firefox
2025-02-01 10:48:22,427 - WDM - INFO - Getting latest mozilla release info for v0.35.0
2025-02-01 10:48:22,766 - WDM - INFO - About to download new driver from https://github.com/mozilla/geckodriver/releases/download/v0.35.0/geckodriver-v0.35.0-linux64.tar.gz
2025-02-01 10:48:23,499 - WDM - INFO - Driver downloading response is 200
2025-02-01 10:48:24,028 - WDM - INFO - Get LATEST geckodriver version for None firefox
2025-02-01 10:48:24,321 - WDM - INFO - Get LATEST geckodriver version for None firefox
2025-02-01 10:48:24,563 - WDM - INFO - Driver has been saved in cache [/home/m1rron/.wdm/drivers/geckodriver/linux64/v0.35.0]
2025-02-01 10:48:24,727 - WDM - INFO - ====== WebDriver manager ======
2025-02-01 10:48:24,871 - WDM - INFO - Get LATEST edgedriver version for Edge None
2025-02-01 10:48:25,409 - WDM - INFO - About to download new driver from https://msedgedriver.azureedge.net/132.0.2957.140/edgedriver_linux64.zip
2025-02-01 10:48:25,722 - WDM - INFO - Driver downloading response is 200
2025-02-01 10:48:32,045 - WDM - INFO - Get LATEST edgedriver version for Edge None
2025-02-01 10:48:33,206 - WDM - INFO - Get LATEST edgedriver version for Edge None
2025-02-01 10:48:33,888 - WDM - INFO - Driver has been saved in cache [/home/m1rron/.wdm/drivers/edgedriver/linux64/132.0.2957.140]
2025-02-01 10:48:34,089 - WDM - INFO - ====== WebDriver manager ======
2025-02-01 10:48:34,234 - WDM - INFO - Get LATEST chromedriver version for google-chrome
2025-02-01 10:48:34,361 - WDM - INFO - About to download new driver from https://chromedriver.storage.googleapis.com/114.0.5735.90/chromedriver_linux64.zip
2025-02-01 10:48:34,505 - WDM - INFO - Driver downloading response is 200
2025-02-01 10:48:35,984 - WDM - INFO - Get LATEST chromedriver version for google-chrome
2025-02-01 10:48:36,262 - WDM - INFO - Get LATEST chromedriver version for google-chrome
2025-02-01 10:48:36,467 - WDM - INFO - Driver has been saved in cache [/home/m1rron/.wdm/drivers/chromedriver/linux64/114.0.5735.90]
2025-02-01 10:49:35,414 - WDM - INFO - ====== WebDriver manager ======
2025-02-01 10:49:35,456 - WDM - INFO - Get LATEST geckodriver version for None firefox
2025-02-01 10:49:35,664 - WDM - INFO - Getting latest mozilla release info for v0.35.0
2025-02-01 10:49:35,995 - WDM - INFO - About to download new driver from https://github.com/mozilla/geckodriver/releases/download/v0.35.0/geckodriver-v0.35.0-linux64.tar.gz
2025-02-01 10:49:36,917 - WDM - INFO - Driver downloading response is 200
2025-02-01 10:49:37,467 - WDM - INFO - Get LATEST geckodriver version for None firefox
2025-02-01 10:49:37,728 - WDM - INFO - Get LATEST geckodriver version for None firefox
2025-02-01 10:49:37,962 - WDM - INFO - Driver has been saved in cache [/home/m1rron/.wdm/drivers/geckodriver/linux64/v0.35.0]
2025-02-01 10:49:38,141 - WDM - INFO - ====== WebDriver manager ======
2025-02-01 10:49:38,286 - WDM - INFO - Get LATEST edgedriver version for Edge None
2025-02-01 10:49:38,803 - WDM - INFO - About to download new driver from https://msedgedriver.azureedge.net/132.0.2957.140/edgedriver_linux64.zip
2025-02-01 10:49:39,122 - WDM - INFO - Driver downloading response is 200
2025-02-01 10:49:42,696 - WDM - INFO - Get LATEST edgedriver version for Edge None
2025-02-01 10:49:43,479 - WDM - INFO - Get LATEST edgedriver version for Edge None
2025-02-01 10:49:44,086 - WDM - INFO - Driver has been saved in cache [/home/m1rron/.wdm/drivers/edgedriver/linux64/132.0.2957.140]
2025-02-01 10:49:44,280 - WDM - INFO - ====== WebDriver manager ======
2025-02-01 10:49:44,424 - WDM - INFO - Get LATEST chromedriver version for google-chrome
2025-02-01 10:49:44,574 - WDM - INFO - About to download new driver from https://chromedriver.storage.googleapis.com/114.0.5735.90/chromedriver_linux64.zip
2025-02-01 10:49:44,694 - WDM - INFO - Driver downloading response is 200
2025-02-01 10:49:46,081 - WDM - INFO - Get LATEST chromedriver version for google-chrome
2025-02-01 10:49:46,382 - WDM - INFO - Get LATEST chromedriver version for google-chrome
2025-02-01 10:49:46,576 - WDM - INFO - Driver has been saved in cache [/home/m1rron/.wdm/drivers/chromedriver/linux64/114.0.5735.90]
2025-02-01 10:50:45,461 - WDM - INFO - ====== WebDriver manager ======
2025-02-01 10:50:45,502 - WDM - INFO - Get LATEST geckodriver version for None firefox
2025-02-01 10:50:45,704 - WDM - INFO - Getting latest mozilla release info for v0.35.0
2025-02-01 10:50:46,027 - WDM - INFO - About to download new driver from https://github.com/mozilla/geckodriver/releases/download/v0.35.0/geckodriver-v0.35.0-linux64.tar.gz
2025-02-01 10:50:46,789 - WDM - INFO - Driver downloading response is 200
2025-02-01 10:50:47,309 - WDM - INFO - Get LATEST geckodriver version for None firefox
2025-02-01 10:50:47,590 - WDM - INFO - Get LATEST geckodriver version for None firefox
2025-02-01 10:50:47,809 - WDM - INFO - Driver has been saved in cache [/home/m1rron/.wdm/drivers/geckodriver/linux64/v0.35.0]
2025-02-01 10:50:47,965 - WDM - INFO - ====== WebDriver manager ======
2025-02-01 10:50:48,103 - WDM - INFO - Get LATEST edgedriver version for Edge None
2025-02-01 10:50:48,642 - WDM - INFO - About to download new driver from https://msedgedriver.azureedge.net/132.0.2957.140/edgedriver_linux64.zip
2025-02-01 10:50:48,987 - WDM - INFO - Driver downloading response is 200
2025-02-01 10:50:52,919 - WDM - INFO - Get LATEST edgedriver version for Edge None
2025-02-01 10:50:54,017 - WDM - INFO - Get LATEST edgedriver version for Edge None
2025-02-01 10:50:54,045 - WDM - INFO - Driver has been saved in cache [/home/m1rron/.wdm/drivers/edgedriver/linux64/132.0.2957.140]
2025-02-01 10:50:54,232 - WDM - INFO - ====== WebDriver manager ======
2025-02-01 10:50:54,376 - WDM - INFO - Get LATEST chromedriver version for google-chrome
2025-02-01 10:50:54,589 - WDM - INFO - About to download new driver from https://chromedriver.storage.googleapis.com/114.0.5735.90/chromedriver_linux64.zip
2025-02-01 10:50:54,735 - WDM - INFO - Driver downloading response is 200
2025-02-01 10:50:56,138 - WDM - INFO - Get LATEST chromedriver version for google-chrome
2025-02-01 10:50:56,443 - WDM - INFO - Get LATEST chromedriver version for google-chrome
2025-02-01 10:50:56,657 - WDM - INFO - Driver has been saved in cache [/home/m1rron/.wdm/drivers/chromedriver/linux64/114.0.5735.90]
2025-02-01 10:51:47,580 - WDM - INFO - ====== WebDriver manager ======
2025-02-01 10:51:49,422 - WDM - INFO - Get LATEST chromedriver version for google-chrome
2025-02-01 10:51:49,658 - WDM - INFO - Get LATEST chromedriver version for google-chrome
2025-02-01 10:51:49,854 - WDM - INFO - Get LATEST chromedriver version for google-chrome
2025-02-01 10:51:50,333 - WDM - INFO - WebDriver version 132.0.6834.159 selected
2025-02-01 10:51:50,335 - WDM - INFO - Modern chrome version https://storage.googleapis.com/chrome-for-testing-public/132.0.6834.159/win32/chromedriver-win32.zip
2025-02-01 10:51:50,335 - WDM - INFO - About to download new driver from https://storage.googleapis.com/chrome-for-testing-public/132.0.6834.159/win32/chromedriver-win32.zip
2025-02-01 10:51:50,458 - WDM - INFO - Driver downloading response is 200
2025-02-01 10:51:52,043 - WDM - INFO - Get LATEST chromedriver version for google-chrome
2025-02-01 10:51:52,988 - WDM - INFO - Driver has been saved in cache [C:\Users\mdsmy\.wdm\drivers\chromedriver\win64\132.0.6834.159]
2025-02-01 10:51:54,076 - root - INFO - Open URL: https://the-internet.herokuapp.com/
2025-02-01 10:51:56,280 - WDM - INFO - ====== WebDriver manager ======
2025-02-01 10:51:56,425 - WDM - INFO - Get LATEST chromedriver version for google-chrome
2025-02-01 10:51:56,574 - WDM - INFO - About to download new driver from https://chromedriver.storage.googleapis.com/114.0.5735.90/chromedriver_linux64.zip
2025-02-01 10:51:56,727 - WDM - INFO - Driver downloading response is 200
2025-02-01 10:51:56,931 - elements.base_element - INFO - Waiting for button 'Main page -> Alerts page' to be clickable
2025-02-01 10:51:56,953 - elements.base_element - INFO - Clicking on button 'Main page -> Alerts page'
2025-02-01 10:51:57,229 - elements.base_element - INFO - Waiting for button 'JS alerts page -> Alerts button' to be clickable
2025-02-01 10:51:57,243 - elements.base_element - INFO - Clicking on button 'JS alerts page -> Alerts button'
2025-02-01 10:51:57,283 - root - INFO - Switch to alert
2025-02-01 10:51:57,283 - browser.browser - INFO - Switching to alert
2025-02-01 10:51:57,283 - browser.browser - INFO - Waiting for alert to appear with timeout 10 seconds
2025-02-01 10:51:57,284 - root - INFO - Get alert text
2025-02-01 10:51:57,285 - browser.browser - INFO - Accept alert
2025-02-01 10:51:57,285 - browser.browser - INFO - Waiting for alert to appear with timeout 10 seconds
2025-02-01 10:51:57,285 - browser.browser - INFO - Switching to alert
2025-02-01 10:51:57,285 - browser.browser - INFO - Waiting for alert to appear with timeout 10 seconds
2025-02-01 10:51:57,288 - browser.browser - INFO - Alert successfuly accept
2025-02-01 10:51:57,307 - elements.base_element - INFO - Waiting for button 'JS alerts page -> Confirm button' to be clickable
2025-02-01 10:51:57,328 - elements.base_element - INFO - Clicking on button 'JS alerts page -> Confirm button'
2025-02-01 10:51:57,387 - browser.browser - INFO - Switching to alert
2025-02-01 10:51:57,387 - browser.browser - INFO - Waiting for alert to appear with timeout 10 seconds
2025-02-01 10:51:57,389 - root - INFO - Switch to alert
2025-02-01 10:51:57,389 - browser.browser - INFO - Switching to alert
2025-02-01 10:51:57,389 - browser.browser - INFO - Waiting for alert to appear with timeout 10 seconds
2025-02-01 10:51:57,391 - root - INFO - Get alert text
2025-02-01 10:51:57,391 - browser.browser - INFO - Accept alert
2025-02-01 10:51:57,391 - browser.browser - INFO - Waiting for alert to appear with timeout 10 seconds
2025-02-01 10:51:57,392 - browser.browser - INFO - Switching to alert
2025-02-01 10:51:57,392 - browser.browser - INFO - Waiting for alert to appear with timeout 10 seconds
2025-02-01 10:51:57,395 - browser.browser - INFO - Alert successfuly accept
2025-02-01 10:51:57,407 - elements.base_element - INFO - Waiting for button 'JS alerts page -> Prompt button' to be clickable
2025-02-01 10:51:57,428 - elements.base_element - INFO - Clicking on button 'JS alerts page -> Prompt button'
2025-02-01 10:51:57,481 - browser.browser - INFO - Switching to alert
2025-02-01 10:51:57,481 - browser.browser - INFO - Waiting for alert to appear with timeout 10 seconds
2025-02-01 10:51:57,482 - root - INFO - Switch to alert
2025-02-01 10:51:57,482 - browser.browser - INFO - Switching to alert
2025-02-01 10:51:57,482 - browser.browser - INFO - Waiting for alert to appear with timeout 10 seconds
2025-02-01 10:51:57,483 - root - INFO - Get alert text
2025-02-01 10:51:57,484 - browser.browser - INFO - Switching to alert
2025-02-01 10:51:57,484 - browser.browser - INFO - Waiting for alert to appear with timeout 10 seconds
2025-02-01 10:51:57,485 - browser.browser - INFO - Sending keys in alert: done
2025-02-01 10:51:57,486 - browser.browser - INFO - Accept alert
2025-02-01 10:51:57,486 - browser.browser - INFO - Waiting for alert to appear with timeout 10 seconds
2025-02-01 10:51:57,486 - browser.browser - INFO - Switching to alert
2025-02-01 10:51:57,486 - browser.browser - INFO - Waiting for alert to appear with timeout 10 seconds
2025-02-01 10:51:57,490 - browser.browser - INFO - Alert successfuly accept
2025-02-01 10:51:57,501 - browser.browser - INFO - Quit browser session
2025-02-01 10:51:57,418 - WDM - INFO - Get LATEST chromedriver version for google-chrome
2025-02-01 10:51:57,711 - WDM - INFO - Get LATEST chromedriver version for google-chrome
2025-02-01 10:51:57,927 - WDM - INFO - Driver has been saved in cache [/home/m1rron/.wdm/drivers/chromedriver/linux64/114.0.5735.90]
2025-02-01 10:51:59,610 - WDM - INFO - ====== WebDriver manager ======
2025-02-01 10:52:28,056 - WDM - INFO - ====== WebDriver manager ======
2025-02-01 10:52:28,193 - WDM - INFO - Get LATEST chromedriver version for google-chrome
2025-02-01 10:52:28,338 - WDM - INFO - About to download new driver from https://chromedriver.storage.googleapis.com/114.0.5735.90/chromedriver_linux64.zip
2025-02-01 10:52:28,477 - WDM - INFO - Driver downloading response is 200
2025-02-01 10:52:29,171 - WDM - INFO - Get LATEST chromedriver version for google-chrome
2025-02-01 10:52:29,460 - WDM - INFO - Get LATEST chromedriver version for google-chrome
2025-02-01 10:52:29,669 - WDM - INFO - Driver has been saved in cache [/home/m1rron/.wdm/drivers/chromedriver/linux64/114.0.5735.90]
2025-02-01 10:53:30,495 - WDM - INFO - ====== WebDriver manager ======
2025-02-01 10:53:30,534 - WDM - INFO - Get LATEST geckodriver version for None firefox
2025-02-01 10:53:30,867 - WDM - INFO - Getting latest mozilla release info for v0.35.0
2025-02-01 10:53:31,211 - WDM - INFO - About to download new driver from https://github.com/mozilla/geckodriver/releases/download/v0.35.0/geckodriver-v0.35.0-linux64.tar.gz
2025-02-01 10:53:31,751 - WDM - INFO - Driver downloading response is 200
2025-02-01 10:53:32,335 - WDM - INFO - Get LATEST geckodriver version for None firefox
2025-02-01 10:53:31,925 - WDM - INFO - Get LATEST geckodriver version for None firefox
2025-02-01 10:53:32,161 - WDM - INFO - Driver has been saved in cache [/home/m1rron/.wdm/drivers/geckodriver/linux64/v0.35.0]
2025-02-01 10:53:32,308 - WDM - INFO - ====== WebDriver manager ======
2025-02-01 10:53:32,444 - WDM - INFO - Get LATEST edgedriver version for Edge None
2025-02-01 10:53:33,117 - WDM - INFO - About to download new driver from https://msedgedriver.azureedge.net/132.0.2957.140/edgedriver_linux64.zip
2025-02-01 10:53:33,453 - WDM - INFO - Driver downloading response is 200
2025-02-01 10:53:35,690 - WDM - INFO - Get LATEST edgedriver version for Edge None
2025-02-01 10:53:36,590 - WDM - INFO - Get LATEST edgedriver version for Edge None
2025-02-01 10:53:37,179 - WDM - INFO - Driver has been saved in cache [/home/m1rron/.wdm/drivers/edgedriver/linux64/132.0.2957.140]
2025-02-01 10:53:37,362 - WDM - INFO - ====== WebDriver manager ======
2025-02-01 10:53:37,503 - WDM - INFO - Get LATEST chromedriver version for google-chrome
2025-02-01 10:53:37,636 - WDM - INFO - About to download new driver from https://chromedriver.storage.googleapis.com/114.0.5735.90/chromedriver_linux64.zip
2025-02-01 10:53:37,774 - WDM - INFO - Driver downloading response is 200
2025-02-01 10:53:39,185 - WDM - INFO - Get LATEST chromedriver version for google-chrome
2025-02-01 10:53:39,464 - WDM - INFO - Get LATEST chromedriver version for google-chrome
2025-02-01 10:53:39,671 - WDM - INFO - Driver has been saved in cache [/home/m1rron/.wdm/drivers/chromedriver/linux64/114.0.5735.90]
2025-02-01 10:54:38,431 - WDM - INFO - ====== WebDriver manager ======
2025-02-01 10:54:38,480 - WDM - INFO - Get LATEST geckodriver version for None firefox
2025-02-01 10:54:38,832 - WDM - INFO - Getting latest mozilla release info for v0.35.0
2025-02-01 10:54:39,182 - WDM - INFO - About to download new driver from https://github.com/mozilla/geckodriver/releases/download/v0.35.0/geckodriver-v0.35.0-linux64.tar.gz
2025-02-01 10:54:39,952 - WDM - INFO - Driver downloading response is 200
2025-02-01 10:54:40,521 - WDM - INFO - Get LATEST geckodriver version for None firefox
2025-02-01 10:54:40,787 - WDM - INFO - Get LATEST geckodriver version for None firefox
2025-02-01 10:54:41,008 - WDM - INFO - Driver has been saved in cache [/home/m1rron/.wdm/drivers/geckodriver/linux64/v0.35.0]
2025-02-01 10:54:41,165 - WDM - INFO - ====== WebDriver manager ======
2025-02-01 10:54:41,306 - WDM - INFO - Get LATEST edgedriver version for Edge None
2025-02-01 10:54:41,843 - WDM - INFO - About to download new driver from https://msedgedriver.azureedge.net/132.0.2957.140/edgedriver_linux64.zip
2025-02-01 10:54:42,154 - WDM - INFO - Driver downloading response is 200
2025-02-01 10:54:44,283 - WDM - INFO - Get LATEST edgedriver version for Edge None
2025-02-01 10:54:45,070 - WDM - INFO - Get LATEST edgedriver version for Edge None
2025-02-01 10:54:45,672 - WDM - INFO - Driver has been saved in cache [/home/m1rron/.wdm/drivers/edgedriver/linux64/132.0.2957.140]
2025-02-01 10:54:45,855 - WDM - INFO - ====== WebDriver manager ======
2025-02-01 10:54:45,993 - WDM - INFO - Get LATEST chromedriver version for google-chrome
2025-02-01 10:54:46,125 - WDM - INFO - About to download new driver from https://chromedriver.storage.googleapis.com/114.0.5735.90/chromedriver_linux64.zip
2025-02-01 10:54:46,266 - WDM - INFO - Driver downloading response is 200
2025-02-01 10:54:47,707 - WDM - INFO - Get LATEST chromedriver version for google-chrome
2025-02-01 10:54:47,989 - WDM - INFO - Get LATEST chromedriver version for google-chrome
2025-02-01 10:54:48,195 - WDM - INFO - Driver has been saved in cache [/home/m1rron/.wdm/drivers/chromedriver/linux64/114.0.5735.90]
2025-02-01 10:55:47,018 - WDM - INFO - ====== WebDriver manager ======
2025-02-01 10:55:47,060 - WDM - INFO - Get LATEST geckodriver version for None firefox
2025-02-01 10:55:47,406 - WDM - INFO - Getting latest mozilla release info for v0.35.0
2025-02-01 10:55:47,732 - WDM - INFO - About to download new driver from https://github.com/mozilla/geckodriver/releases/download/v0.35.0/geckodriver-v0.35.0-linux64.tar.gz
2025-02-01 10:55:48,501 - WDM - INFO - Driver downloading response is 200
2025-02-01 10:55:49,078 - WDM - INFO - Get LATEST geckodriver version for None firefox
2025-02-01 10:55:49,356 - WDM - INFO - Get LATEST geckodriver version for None firefox
2025-02-01 10:55:49,585 - WDM - INFO - Driver has been saved in cache [/home/m1rron/.wdm/drivers/geckodriver/linux64/v0.35.0]
2025-02-01 10:55:49,740 - WDM - INFO - ====== WebDriver manager ======
2025-02-01 10:55:49,878 - WDM - INFO - Get LATEST edgedriver version for Edge None
2025-02-01 10:55:50,481 - WDM - INFO - About to download new driver from https://msedgedriver.azureedge.net/132.0.2957.140/edgedriver_linux64.zip
2025-02-01 10:55:50,848 - WDM - INFO - Driver downloading response is 200
2025-02-01 10:55:53,804 - WDM - INFO - Get LATEST edgedriver version for Edge None
2025-02-01 10:55:54,551 - WDM - INFO - Get LATEST edgedriver version for Edge None
2025-02-01 10:55:55,131 - WDM - INFO - Driver has been saved in cache [/home/m1rron/.wdm/drivers/edgedriver/linux64/132.0.2957.140]
2025-02-01 10:55:55,317 - WDM - INFO - ====== WebDriver manager ======
2025-02-01 10:55:55,457 - WDM - INFO - Get LATEST chromedriver version for google-chrome
2025-02-01 10:55:55,654 - WDM - INFO - About to download new driver from https://chromedriver.storage.googleapis.com/114.0.5735.90/chromedriver_linux64.zip
2025-02-01 10:55:55,805 - WDM - INFO - Driver downloading response is 200
2025-02-01 10:55:57,177 - WDM - INFO - Get LATEST chromedriver version for google-chrome
2025-02-01 10:55:57,456 - WDM - INFO - Get LATEST chromedriver version for google-chrome
2025-02-01 10:55:57,673 - WDM - INFO - Driver has been saved in cache [/home/m1rron/.wdm/drivers/chromedriver/linux64/114.0.5735.90]
2025-02-01 11:01:24,611 - WDM - INFO - ====== WebDriver manager ======
2025-02-01 11:01:24,743 - WDM - INFO - Get LATEST chromedriver version for google-chrome
2025-02-01 11:01:43,473 - WDM - INFO - ====== WebDriver manager ======
2025-02-01 11:01:43,607 - WDM - INFO - Get LATEST chromedriver version for google-chrome
2025-02-01 11:01:43,846 - WDM - INFO - About to download new driver from https://chromedriver.storage.googleapis.com/114.0.5735.90/chromedriver_linux64.zip
2025-02-01 11:01:44,120 - WDM - INFO - Driver downloading response is 200
2025-02-01 11:01:45,921 - WDM - INFO - Get LATEST chromedriver version for google-chrome
2025-02-01 11:01:46,204 - WDM - INFO - Get LATEST chromedriver version for google-chrome
2025-02-01 11:01:46,402 - WDM - INFO - Driver has been saved in cache [/home/m1rron/.wdm/drivers/chromedriver/linux64/114.0.5735.90]
2025-02-01 11:01:48,117 - WDM - INFO - ====== WebDriver manager ======
2025-02-01 11:01:48,157 - WDM - INFO - Get LATEST geckodriver version for None firefox
2025-02-01 11:01:48,482 - WDM - INFO - Getting latest mozilla release info for v0.35.0
2025-02-01 11:01:48,821 - WDM - INFO - About to download new driver from https://github.com/mozilla/geckodriver/releases/download/v0.35.0/geckodriver-v0.35.0-linux64.tar.gz
2025-02-01 11:01:49,661 - WDM - INFO - Driver downloading response is 200
2025-02-01 11:01:50,152 - WDM - INFO - Get LATEST geckodriver version for None firefox
2025-02-01 11:01:50,433 - WDM - INFO - Get LATEST geckodriver version for None firefox
2025-02-01 11:01:50,644 - WDM - INFO - Driver has been saved in cache [/home/m1rron/.wdm/drivers/geckodriver/linux64/v0.35.0]
2025-02-01 11:01:50,799 - WDM - INFO - ====== WebDriver manager ======
2025-02-01 11:01:50,931 - WDM - INFO - Get LATEST edgedriver version for Edge None
2025-02-01 11:01:52,422 - WDM - INFO - About to download new driver from https://msedgedriver.azureedge.net/132.0.2957.140/edgedriver_linux64.zip
2025-02-01 11:01:52,812 - WDM - INFO - Driver downloading response is 200
2025-02-01 11:02:00,550 - WDM - INFO - Get LATEST edgedriver version for Edge None
2025-02-01 11:02:01,277 - WDM - INFO - Get LATEST edgedriver version for Edge None
2025-02-01 11:02:01,923 - WDM - INFO - Driver has been saved in cache [/home/m1rron/.wdm/drivers/edgedriver/linux64/132.0.2957.140]
2025-02-01 11:02:02,099 - WDM - INFO - ====== WebDriver manager ======
2025-02-01 11:02:02,231 - WDM - INFO - Get LATEST chromedriver version for google-chrome
2025-02-01 11:02:02,378 - WDM - INFO - About to download new driver from https://chromedriver.storage.googleapis.com/114.0.5735.90/chromedriver_linux64.zip
2025-02-01 11:02:02,502 - WDM - INFO - Driver downloading response is 200
2025-02-01 11:02:03,866 - WDM - INFO - Get LATEST chromedriver version for google-chrome
2025-02-01 11:02:04,145 - WDM - INFO - Get LATEST chromedriver version for google-chrome
2025-02-01 11:02:04,330 - WDM - INFO - Driver has been saved in cache [/home/m1rron/.wdm/drivers/chromedriver/linux64/114.0.5735.90]
2025-02-01 11:02:04,844 - WDM - INFO - ====== WebDriver manager ======
2025-02-01 11:02:04,883 - WDM - INFO - Get LATEST geckodriver version for None firefox
2025-02-01 11:02:05,108 - WDM - INFO - Getting latest mozilla release info for v0.35.0
2025-02-01 11:02:05,317 - WDM - INFO - About to download new driver from https://github.com/mozilla/geckodriver/releases/download/v0.35.0/geckodriver-v0.35.0-linux64.tar.gz
2025-02-01 11:02:06,107 - WDM - INFO - Driver downloading response is 200
2025-02-01 11:02:06,720 - WDM - INFO - Get LATEST geckodriver version for None firefox
2025-02-01 11:02:06,988 - WDM - INFO - Get LATEST geckodriver version for None firefox
2025-02-01 11:02:07,212 - WDM - INFO - Driver has been saved in cache [/home/m1rron/.wdm/drivers/geckodriver/linux64/v0.35.0]
2025-02-01 11:02:07,369 - WDM - INFO - ====== WebDriver manager ======
2025-02-01 11:02:07,503 - WDM - INFO - Get LATEST edgedriver version for Edge None
2025-02-01 11:02:08,312 - WDM - INFO - About to download new driver from https://msedgedriver.azureedge.net/132.0.2957.140/edgedriver_linux64.zip
2025-02-01 11:02:08,753 - WDM - INFO - Driver downloading response is 200
2025-02-01 11:02:11,069 - WDM - INFO - Get LATEST edgedriver version for Edge None
2025-02-01 11:02:11,942 - WDM - INFO - Get LATEST edgedriver version for Edge None
2025-02-01 11:02:12,551 - WDM - INFO - Driver has been saved in cache [/home/m1rron/.wdm/drivers/edgedriver/linux64/132.0.2957.140]
2025-02-01 11:02:12,730 - WDM - INFO - ====== WebDriver manager ======
2025-02-01 11:02:12,859 - WDM - INFO - Get LATEST chromedriver version for google-chrome
2025-02-01 11:02:12,995 - WDM - INFO - About to download new driver from https://chromedriver.storage.googleapis.com/114.0.5735.90/chromedriver_linux64.zip
2025-02-01 11:02:13,241 - WDM - INFO - Driver downloading response is 200
2025-02-01 11:02:14,603 - WDM - INFO - Get LATEST chromedriver version for google-chrome
2025-02-01 11:02:14,891 - WDM - INFO - Get LATEST chromedriver version for google-chrome
2025-02-01 11:02:15,094 - WDM - INFO - Driver has been saved in cache [/home/m1rron/.wdm/drivers/chromedriver/linux64/114.0.5735.90]
2025-02-01 11:02:15,650 - WDM - INFO - ====== WebDriver manager ======
2025-02-01 11:02:15,690 - WDM - INFO - Get LATEST geckodriver version for None firefox
2025-02-01 11:02:15,885 - WDM - INFO - Getting latest mozilla release info for v0.35.0
2025-02-01 11:02:16,088 - WDM - INFO - About to download new driver from https://github.com/mozilla/geckodriver/releases/download/v0.35.0/geckodriver-v0.35.0-linux64.tar.gz
2025-02-01 11:02:16,587 - WDM - INFO - Driver downloading response is 200
2025-02-01 11:02:17,123 - WDM - INFO - Get LATEST geckodriver version for None firefox
2025-02-01 11:02:17,397 - WDM - INFO - Get LATEST geckodriver version for None firefox
2025-02-01 11:02:17,606 - WDM - INFO - Driver has been saved in cache [/home/m1rron/.wdm/drivers/geckodriver/linux64/v0.35.0]
2025-02-01 11:02:17,760 - WDM - INFO - ====== WebDriver manager ======
2025-02-01 11:02:17,890 - WDM - INFO - Get LATEST edgedriver version for Edge None
2025-02-01 11:02:18,824 - WDM - INFO - About to download new driver from https://msedgedriver.azureedge.net/132.0.2957.140/edgedriver_linux64.zip
2025-02-01 11:02:19,147 - WDM - INFO - Driver downloading response is 200
2025-02-01 11:02:22,599 - WDM - INFO - Get LATEST edgedriver version for Edge None
2025-02-01 11:02:23,369 - WDM - INFO - Get LATEST edgedriver version for Edge None
2025-02-01 11:02:24,999 - WDM - INFO - Driver has been saved in cache [/home/m1rron/.wdm/drivers/edgedriver/linux64/132.0.2957.140]
2025-02-01 11:02:25,174 - WDM - INFO - ====== WebDriver manager ======
2025-02-01 11:02:25,306 - WDM - INFO - Get LATEST chromedriver version for google-chrome
2025-02-01 11:02:25,561 - WDM - INFO - About to download new driver from https://chromedriver.storage.googleapis.com/114.0.5735.90/chromedriver_linux64.zip
2025-02-01 11:02:25,834 - WDM - INFO - Driver downloading response is 200
2025-02-01 11:02:27,297 - WDM - INFO - Get LATEST chromedriver version for google-chrome
2025-02-01 11:02:27,564 - WDM - INFO - Get LATEST chromedriver version for google-chrome
2025-02-01 11:02:27,755 - WDM - INFO - Driver has been saved in cache [/home/m1rron/.wdm/drivers/chromedriver/linux64/114.0.5735.90]
2025-02-01 11:02:27,500 - WDM - INFO - ====== WebDriver manager ======
2025-02-01 11:02:27,539 - WDM - INFO - Get LATEST geckodriver version for None firefox
2025-02-01 11:02:27,751 - WDM - INFO - Getting latest mozilla release info for v0.35.0
2025-02-01 11:02:27,962 - WDM - INFO - About to download new driver from https://github.com/mozilla/geckodriver/releases/download/v0.35.0/geckodriver-v0.35.0-linux64.tar.gz
2025-02-01 11:02:28,754 - WDM - INFO - Driver downloading response is 200
2025-02-01 11:02:29,276 - WDM - INFO - Get LATEST geckodriver version for None firefox
2025-02-01 11:02:29,531 - WDM - INFO - Get LATEST geckodriver version for None firefox
2025-02-01 11:02:29,755 - WDM - INFO - Driver has been saved in cache [/home/m1rron/.wdm/drivers/geckodriver/linux64/v0.35.0]
2025-02-01 11:02:29,904 - WDM - INFO - ====== WebDriver manager ======
2025-02-01 11:02:30,034 - WDM - INFO - Get LATEST edgedriver version for Edge None
2025-02-01 11:02:30,565 - WDM - INFO - About to download new driver from https://msedgedriver.azureedge.net/132.0.2957.140/edgedriver_linux64.zip
2025-02-01 11:02:31,916 - WDM - INFO - Driver downloading response is 200
2025-02-01 11:02:34,920 - WDM - INFO - Get LATEST edgedriver version for Edge None
2025-02-01 11:02:35,627 - WDM - INFO - Get LATEST edgedriver version for Edge None
2025-02-01 11:02:36,231 - WDM - INFO - Driver has been saved in cache [/home/m1rron/.wdm/drivers/edgedriver/linux64/132.0.2957.140]
2025-02-01 11:02:36,409 - WDM - INFO - ====== WebDriver manager ======
2025-02-01 11:02:36,541 - WDM - INFO - Get LATEST chromedriver version for google-chrome
2025-02-01 11:02:36,674 - WDM - INFO - About to download new driver from https://chromedriver.storage.googleapis.com/114.0.5735.90/chromedriver_linux64.zip
2025-02-01 11:02:36,817 - WDM - INFO - Driver downloading response is 200
2025-02-01 11:02:38,161 - WDM - INFO - Get LATEST chromedriver version for google-chrome
2025-02-01 11:02:38,427 - WDM - INFO - Get LATEST chromedriver version for google-chrome
2025-02-01 11:02:38,628 - WDM - INFO - Driver has been saved in cache [/home/m1rron/.wdm/drivers/chromedriver/linux64/114.0.5735.90]
2025-02-01 11:02:39,152 - WDM - INFO - ====== WebDriver manager ======
2025-02-01 11:02:39,193 - WDM - INFO - Get LATEST geckodriver version for None firefox
2025-02-01 11:02:39,381 - WDM - INFO - Getting latest mozilla release info for v0.35.0
2025-02-01 11:02:39,577 - WDM - INFO - About to download new driver from https://github.com/mozilla/geckodriver/releases/download/v0.35.0/geckodriver-v0.35.0-linux64.tar.gz
2025-02-01 11:02:40,356 - WDM - INFO - Driver downloading response is 200
2025-02-01 11:02:40,891 - WDM - INFO - Get LATEST geckodriver version for None firefox
2025-02-01 11:02:41,162 - WDM - INFO - Get LATEST geckodriver version for None firefox
2025-02-01 11:02:41,398 - WDM - INFO - Driver has been saved in cache [/home/m1rron/.wdm/drivers/geckodriver/linux64/v0.35.0]
2025-02-01 11:02:41,549 - WDM - INFO - ====== WebDriver manager ======
2025-02-01 11:02:41,681 - WDM - INFO - Get LATEST edgedriver version for Edge None
2025-02-01 11:02:42,236 - WDM - INFO - About to download new driver from https://msedgedriver.azureedge.net/132.0.2957.140/edgedriver_linux64.zip
2025-02-01 11:02:42,598 - WDM - INFO - Driver downloading response is 200
2025-02-01 11:02:44,864 - WDM - INFO - Get LATEST edgedriver version for Edge None
2025-02-01 11:02:45,609 - WDM - INFO - Get LATEST edgedriver version for Edge None
2025-02-01 11:02:46,266 - WDM - INFO - Driver has been saved in cache [/home/m1rron/.wdm/drivers/edgedriver/linux64/132.0.2957.140]
2025-02-01 11:02:46,439 - WDM - INFO - ====== WebDriver manager ======
2025-02-01 11:02:46,571 - WDM - INFO - Get LATEST chromedriver version for google-chrome
2025-02-01 11:02:46,703 - WDM - INFO - About to download new driver from https://chromedriver.storage.googleapis.com/114.0.5735.90/chromedriver_linux64.zip
2025-02-01 11:02:46,841 - WDM - INFO - Driver downloading response is 200
2025-02-01 11:02:48,189 - WDM - INFO - Get LATEST chromedriver version for google-chrome
2025-02-01 11:02:48,461 - WDM - INFO - Get LATEST chromedriver version for google-chrome
2025-02-01 11:02:48,660 - WDM - INFO - Driver has been saved in cache [/home/m1rron/.wdm/drivers/chromedriver/linux64/114.0.5735.90]
2025-02-01 11:02:49,170 - WDM - INFO - ====== WebDriver manager ======
2025-02-01 11:02:49,301 - WDM - INFO - Get LATEST chromedriver version for google-chrome
2025-02-01 11:02:49,430 - WDM - INFO - About to download new driver from https://chromedriver.storage.googleapis.com/114.0.5735.90/chromedriver_linux64.zip
2025-02-01 11:02:49,565 - WDM - INFO - Driver downloading response is 200
2025-02-01 11:02:50,965 - WDM - INFO - Get LATEST chromedriver version for google-chrome
2025-02-01 11:02:51,245 - WDM - INFO - Get LATEST chromedriver version for google-chrome
2025-02-01 11:02:51,442 - WDM - INFO - Driver has been saved in cache [/home/m1rron/.wdm/drivers/chromedriver/linux64/114.0.5735.90]
2025-02-01 11:02:51,960 - WDM - INFO - ====== WebDriver manager ======
2025-02-01 11:02:52,090 - WDM - INFO - Get LATEST chromedriver version for google-chrome
2025-02-01 11:02:52,218 - WDM - INFO - About to download new driver from https://chromedriver.storage.googleapis.com/114.0.5735.90/chromedriver_linux64.zip
2025-02-01 11:02:52,350 - WDM - INFO - Driver downloading response is 200
2025-02-01 11:02:53,627 - WDM - INFO - Get LATEST chromedriver version for google-chrome
2025-02-01 11:02:53,891 - WDM - INFO - Get LATEST chromedriver version for google-chrome
2025-02-01 11:02:54,083 - WDM - INFO - Driver has been saved in cache [/home/m1rron/.wdm/drivers/chromedriver/linux64/114.0.5735.90]
2025-02-01 11:02:54,609 - WDM - INFO - ====== WebDriver manager ======
2025-02-01 11:02:54,744 - WDM - INFO - Get LATEST chromedriver version for google-chrome
2025-02-01 11:02:54,878 - WDM - INFO - About to download new driver from https://chromedriver.storage.googleapis.com/114.0.5735.90/chromedriver_linux64.zip
2025-02-01 11:02:55,003 - WDM - INFO - Driver downloading response is 200
2025-02-01 11:02:56,458 - WDM - INFO - Get LATEST chromedriver version for google-chrome
2025-02-01 11:02:56,728 - WDM - INFO - Get LATEST chromedriver version for google-chrome
2025-02-01 11:02:57,952 - WDM - INFO - Driver has been saved in cache [/home/m1rron/.wdm/drivers/chromedriver/linux64/114.0.5735.90]
2025-02-01 11:02:58,499 - WDM - INFO - ====== WebDriver manager ======
2025-02-01 11:02:58,631 - WDM - INFO - Get LATEST chromedriver version for google-chrome
2025-02-01 11:02:58,759 - WDM - INFO - About to download new driver from https://chromedriver.storage.googleapis.com/114.0.5735.90/chromedriver_linux64.zip
2025-02-01 11:02:58,883 - WDM - INFO - Driver downloading response is 200
2025-02-01 11:02:59,488 - WDM - INFO - Get LATEST chromedriver version for google-chrome
2025-02-01 11:02:59,745 - WDM - INFO - Get LATEST chromedriver version for google-chrome
2025-02-01 11:02:59,955 - WDM - INFO - Driver has been saved in cache [/home/m1rron/.wdm/drivers/chromedriver/linux64/114.0.5735.90]
2025-02-01 11:03:32,723 - WDM - INFO - ====== WebDriver manager ======
2025-02-01 11:03:32,855 - WDM - INFO - Get LATEST chromedriver version for google-chrome
2025-02-01 11:03:32,995 - WDM - INFO - About to download new driver from https://chromedriver.storage.googleapis.com/114.0.5735.90/chromedriver_linux64.zip
2025-02-01 11:03:33,127 - WDM - INFO - Driver downloading response is 200
2025-02-01 11:03:34,557 - WDM - INFO - Get LATEST chromedriver version for google-chrome
2025-02-01 11:03:34,838 - WDM - INFO - Get LATEST chromedriver version for google-chrome
2025-02-01 11:03:35,050 - WDM - INFO - Driver has been saved in cache [/home/m1rron/.wdm/drivers/chromedriver/linux64/114.0.5735.90]
2025-02-01 11:04:59,051 - WDM - INFO - ====== WebDriver manager ======
2025-02-01 11:04:59,183 - WDM - INFO - Get LATEST chromedriver version for google-chrome
2025-02-01 11:04:59,306 - WDM - INFO - About to download new driver from https://chromedriver.storage.googleapis.com/114.0.5735.90/chromedriver_linux64.zip
2025-02-01 11:04:59,439 - WDM - INFO - Driver downloading response is 200
2025-02-01 11:05:00,802 - WDM - INFO - Get LATEST chromedriver version for google-chrome
2025-02-01 11:05:01,101 - WDM - INFO - Get LATEST chromedriver version for google-chrome
2025-02-01 11:05:01,298 - WDM - INFO - Driver has been saved in cache [/home/m1rron/.wdm/drivers/chromedriver/linux64/114.0.5735.90]
2025-02-01 11:06:01,124 - WDM - INFO - ====== WebDriver manager ======
2025-02-01 11:06:01,167 - WDM - INFO - Get LATEST geckodriver version for None firefox
2025-02-01 11:06:01,381 - WDM - INFO - Getting latest mozilla release info for v0.35.0
2025-02-01 11:06:01,716 - WDM - INFO - About to download new driver from https://github.com/mozilla/geckodriver/releases/download/v0.35.0/geckodriver-v0.35.0-linux64.tar.gz
2025-02-01 11:06:02,557 - WDM - INFO - Driver downloading response is 200
2025-02-01 11:06:03,094 - WDM - INFO - Get LATEST geckodriver version for None firefox
2025-02-01 11:06:03,381 - WDM - INFO - Get LATEST geckodriver version for None firefox
2025-02-01 11:06:03,608 - WDM - INFO - Driver has been saved in cache [/home/m1rron/.wdm/drivers/geckodriver/linux64/v0.35.0]
2025-02-01 11:06:03,769 - WDM - INFO - ====== WebDriver manager ======
2025-02-01 11:06:03,920 - WDM - INFO - Get LATEST edgedriver version for Edge None
2025-02-01 11:06:04,695 - WDM - INFO - About to download new driver from https://msedgedriver.azureedge.net/132.0.2957.140/edgedriver_linux64.zip
2025-02-01 11:16:46,970 - WDM - INFO - ====== WebDriver manager ======
2025-02-01 11:16:48,771 - WDM - INFO - Get LATEST chromedriver version for google-chrome
2025-02-01 11:16:49,055 - WDM - INFO - Get LATEST chromedriver version for google-chrome
2025-02-01 11:16:49,268 - WDM - INFO - Driver [C:\Users\mdsmy\.wdm\drivers\chromedriver\win64\132.0.6834.159\chromedriver-win32/chromedriver.exe] found in cache
2025-02-01 11:16:50,268 - root - INFO - Open URL: https://the-internet.herokuapp.com/
2025-02-01 11:16:52,358 - elements.base_element - INFO - Waiting for button 'Main page -> Alerts page' to be clickable
2025-02-01 11:16:52,377 - elements.base_element - INFO - Clicking on button 'Main page -> Alerts page'
2025-02-01 11:16:52,620 - elements.base_element - INFO - Waiting for button 'JS alerts page -> Alerts button' to be clickable
2025-02-01 11:16:52,633 - elements.base_element - INFO - Clicking on button 'JS alerts page -> Alerts button'
2025-02-01 11:16:52,667 - root - INFO - Switch to alert
2025-02-01 11:16:52,667 - browser.browser - INFO - Switching to alert
2025-02-01 11:16:52,667 - browser.browser - INFO - Waiting for alert to appear with timeout 10 seconds
2025-02-01 11:16:52,668 - root - INFO - Get alert text
2025-02-01 11:16:52,669 - browser.browser - INFO - Accept alert
2025-02-01 11:16:52,669 - browser.browser - INFO - Waiting for alert to appear with timeout 10 seconds
2025-02-01 11:16:52,669 - browser.browser - INFO - Switching to alert
2025-02-01 11:16:52,670 - browser.browser - INFO - Waiting for alert to appear with timeout 10 seconds
2025-02-01 11:16:52,671 - browser.browser - INFO - Alert successfuly accept
2025-02-01 11:16:52,685 - elements.base_element - INFO - Waiting for button 'JS alerts page -> Confirm button' to be clickable
2025-02-01 11:16:52,700 - elements.base_element - INFO - Clicking on button 'JS alerts page -> Confirm button'
2025-02-01 11:16:52,732 - browser.browser - INFO - Switching to alert
2025-02-01 11:16:52,732 - browser.browser - INFO - Waiting for alert to appear with timeout 10 seconds
2025-02-01 11:16:52,733 - root - INFO - Switch to alert
2025-02-01 11:16:52,733 - browser.browser - INFO - Switching to alert
2025-02-01 11:16:52,733 - browser.browser - INFO - Waiting for alert to appear with timeout 10 seconds
2025-02-01 11:16:52,734 - root - INFO - Get alert text
2025-02-01 11:16:52,735 - browser.browser - INFO - Accept alert
2025-02-01 11:16:52,735 - browser.browser - INFO - Waiting for alert to appear with timeout 10 seconds
2025-02-01 11:16:52,735 - browser.browser - INFO - Switching to alert
2025-02-01 11:16:52,735 - browser.browser - INFO - Waiting for alert to appear with timeout 10 seconds
2025-02-01 11:16:52,737 - browser.browser - INFO - Alert successfuly accept
2025-02-01 11:16:52,745 - elements.base_element - INFO - Waiting for button 'JS alerts page -> Prompt button' to be clickable
2025-02-01 11:16:52,758 - elements.base_element - INFO - Clicking on button 'JS alerts page -> Prompt button'
2025-02-01 11:16:52,812 - browser.browser - INFO - Switching to alert
2025-02-01 11:16:52,812 - browser.browser - INFO - Waiting for alert to appear with timeout 10 seconds
2025-02-01 11:16:52,813 - root - INFO - Switch to alert
2025-02-01 11:16:52,813 - browser.browser - INFO - Switching to alert
2025-02-01 11:16:52,813 - browser.browser - INFO - Waiting for alert to appear with timeout 10 seconds
2025-02-01 11:16:52,814 - root - INFO - Get alert text
2025-02-01 11:16:52,814 - browser.browser - INFO - Switching to alert
2025-02-01 11:16:52,814 - browser.browser - INFO - Waiting for alert to appear with timeout 10 seconds
2025-02-01 11:16:52,815 - browser.browser - INFO - Sending keys in alert: done
2025-02-01 11:16:52,816 - browser.browser - INFO - Accept alert
2025-02-01 11:16:52,816 - browser.browser - INFO - Waiting for alert to appear with timeout 10 seconds
2025-02-01 11:16:52,817 - browser.browser - INFO - Switching to alert
2025-02-01 11:16:52,817 - browser.browser - INFO - Waiting for alert to appear with timeout 10 seconds
2025-02-01 11:16:52,819 - browser.browser - INFO - Alert successfuly accept
2025-02-01 11:16:52,831 - browser.browser - INFO - Quit browser session
2025-02-01 11:16:54,942 - WDM - INFO - ====== WebDriver manager ======
2025-02-01 11:16:56,730 - WDM - INFO - Get LATEST geckodriver version for 134.0 firefox
2025-02-01 11:16:56,980 - WDM - INFO - Get LATEST geckodriver version for 134.0 firefox
2025-02-01 11:16:57,169 - WDM - INFO - Get LATEST geckodriver version for 134.0 firefox
2025-02-01 11:16:57,359 - WDM - INFO - Getting latest mozilla release info for v0.35.0
2025-02-01 11:16:57,693 - WDM - INFO - About to download new driver from https://github.com/mozilla/geckodriver/releases/download/v0.35.0/geckodriver-v0.35.0-win64.zip
2025-02-01 11:16:58,696 - WDM - INFO - Driver downloading response is 200
2025-02-01 11:16:59,160 - WDM - INFO - Get LATEST geckodriver version for 134.0 firefox
2025-02-01 11:16:59,380 - WDM - INFO - Driver has been saved in cache [C:\Users\mdsmy\.wdm\drivers\geckodriver\win64\v0.35.0]
2025-02-01 11:17:03,400 - root - INFO - Open URL: https://the-internet.herokuapp.com/
2025-02-01 11:17:06,270 - elements.base_element - INFO - Waiting for button 'Main page -> Alerts page' to be clickable
2025-02-01 11:17:06,288 - elements.base_element - INFO - Clicking on button 'Main page -> Alerts page'
2025-02-01 11:17:06,519 - elements.base_element - INFO - Waiting for button 'JS alerts page -> Alerts button' to be clickable
2025-02-01 11:17:06,527 - elements.base_element - INFO - Clicking on button 'JS alerts page -> Alerts button'
2025-02-01 11:17:06,571 - root - INFO - Switch to alert
2025-02-01 11:17:06,571 - browser.browser - INFO - Switching to alert
2025-02-01 11:17:06,572 - browser.browser - INFO - Waiting for alert to appear with timeout 10 seconds
2025-02-01 11:17:06,573 - root - INFO - Get alert text
2025-02-01 11:17:06,574 - browser.browser - INFO - Accept alert
2025-02-01 11:17:06,574 - browser.browser - INFO - Waiting for alert to appear with timeout 10 seconds
2025-02-01 11:17:06,575 - browser.browser - INFO - Switching to alert
2025-02-01 11:17:06,575 - browser.browser - INFO - Waiting for alert to appear with timeout 10 seconds
2025-02-01 11:17:06,585 - browser.browser - INFO - Alert successfuly accept
2025-02-01 11:17:06,591 - elements.base_element - INFO - Waiting for button 'JS alerts page -> Confirm button' to be clickable
2025-02-01 11:17:06,597 - elements.base_element - INFO - Clicking on button 'JS alerts page -> Confirm button'
2025-02-01 11:17:06,622 - browser.browser - INFO - Switching to alert
2025-02-01 11:17:06,622 - browser.browser - INFO - Waiting for alert to appear with timeout 10 seconds
2025-02-01 11:17:06,623 - root - INFO - Switch to alert
2025-02-01 11:17:06,624 - browser.browser - INFO - Switching to alert
2025-02-01 11:17:06,624 - browser.browser - INFO - Waiting for alert to appear with timeout 10 seconds
2025-02-01 11:17:06,625 - root - INFO - Get alert text
2025-02-01 11:17:06,626 - browser.browser - INFO - Accept alert
2025-02-01 11:17:06,626 - browser.browser - INFO - Waiting for alert to appear with timeout 10 seconds
2025-02-01 11:17:06,627 - browser.browser - INFO - Switching to alert
2025-02-01 11:17:06,627 - browser.browser - INFO - Waiting for alert to appear with timeout 10 seconds
2025-02-01 11:17:06,634 - browser.browser - INFO - Alert successfuly accept
2025-02-01 11:17:06,639 - elements.base_element - INFO - Waiting for button 'JS alerts page -> Prompt button' to be clickable
2025-02-01 11:17:06,645 - elements.base_element - INFO - Clicking on button 'JS alerts page -> Prompt button'
2025-02-01 11:17:06,672 - browser.browser - INFO - Switching to alert
2025-02-01 11:17:06,672 - browser.browser - INFO - Waiting for alert to appear with timeout 10 seconds
2025-02-01 11:17:06,674 - root - INFO - Switch to alert
2025-02-01 11:17:06,674 - browser.browser - INFO - Switching to alert
2025-02-01 11:17:06,674 - browser.browser - INFO - Waiting for alert to appear with timeout 10 seconds
2025-02-01 11:17:06,675 - root - INFO - Get alert text
2025-02-01 11:17:06,676 - browser.browser - INFO - Switching to alert
2025-02-01 11:17:06,676 - browser.browser - INFO - Waiting for alert to appear with timeout 10 seconds
2025-02-01 11:17:06,678 - browser.browser - INFO - Sending keys in alert: done
2025-02-01 11:17:06,680 - browser.browser - INFO - Accept alert
2025-02-01 11:17:06,680 - browser.browser - INFO - Waiting for alert to appear with timeout 10 seconds
2025-02-01 11:17:06,681 - browser.browser - INFO - Switching to alert
2025-02-01 11:17:06,681 - browser.browser - INFO - Waiting for alert to appear with timeout 10 seconds
2025-02-01 11:17:06,701 - browser.browser - INFO - Alert successfuly accept
2025-02-01 11:17:06,708 - browser.browser - INFO - Quit browser session
2025-02-01 11:17:09,238 - WDM - INFO - ====== WebDriver manager ======
2025-02-01 11:17:11,007 - WDM - INFO - Get LATEST edgedriver version for Edge 132.0.2957
2025-02-01 11:17:11,385 - WDM - INFO - Get LATEST edgedriver version for Edge 132.0.2957
2025-02-01 11:17:11,668 - WDM - INFO - There is no [win64] edgedriver "132.0.2957.140" for browser edge "132.0.2957" in cache
2025-02-01 11:17:11,668 - WDM - INFO - Get LATEST edgedriver version for Edge 132.0.2957
2025-02-01 11:17:11,924 - WDM - INFO - About to download new driver from https://msedgedriver.azureedge.net/132.0.2957.127/edgedriver_win64.zip
2025-02-01 11:17:12,262 - WDM - INFO - Driver downloading response is 200
2025-02-01 11:17:18,444 - WDM - INFO - Get LATEST edgedriver version for Edge 132.0.2957
2025-02-01 11:17:19,482 - WDM - INFO - Driver has been saved in cache [C:\Users\mdsmy\.wdm\drivers\edgedriver\win64\132.0.2957.127]
2025-02-01 11:17:20,640 - root - INFO - Open URL: https://the-internet.herokuapp.com/
2025-02-01 11:17:22,730 - elements.base_element - INFO - Waiting for button 'Main page -> Alerts page' to be clickable
2025-02-01 11:17:22,753 - elements.base_element - INFO - Clicking on button 'Main page -> Alerts page'
2025-02-01 11:17:22,997 - elements.base_element - INFO - Waiting for button 'JS alerts page -> Alerts button' to be clickable
2025-02-01 11:17:23,011 - elements.base_element - INFO - Clicking on button 'JS alerts page -> Alerts button'
2025-02-01 11:17:23,047 - root - INFO - Switch to alert
2025-02-01 11:17:23,047 - browser.browser - INFO - Switching to alert
2025-02-01 11:17:23,047 - browser.browser - INFO - Waiting for alert to appear with timeout 10 seconds
2025-02-01 11:17:23,048 - root - INFO - Get alert text
2025-02-01 11:17:23,049 - browser.browser - INFO - Accept alert
2025-02-01 11:17:23,049 - browser.browser - INFO - Waiting for alert to appear with timeout 10 seconds
2025-02-01 11:17:23,049 - browser.browser - INFO - Switching to alert
2025-02-01 11:17:23,049 - browser.browser - INFO - Waiting for alert to appear with timeout 10 seconds
2025-02-01 11:17:23,052 - browser.browser - INFO - Alert successfuly accept
2025-02-01 11:17:23,065 - elements.base_element - INFO - Waiting for button 'JS alerts page -> Confirm button' to be clickable
2025-02-01 11:17:23,080 - elements.base_element - INFO - Clicking on button 'JS alerts page -> Confirm button'
2025-02-01 11:17:23,115 - browser.browser - INFO - Switching to alert
2025-02-01 11:17:23,115 - browser.browser - INFO - Waiting for alert to appear with timeout 10 seconds
2025-02-01 11:17:23,117 - root - INFO - Switch to alert
2025-02-01 11:17:23,117 - browser.browser - INFO - Switching to alert
2025-02-01 11:17:23,117 - browser.browser - INFO - Waiting for alert to appear with timeout 10 seconds
2025-02-01 11:17:23,118 - root - INFO - Get alert text
2025-02-01 11:17:23,118 - browser.browser - INFO - Accept alert
2025-02-01 11:17:23,118 - browser.browser - INFO - Waiting for alert to appear with timeout 10 seconds
2025-02-01 11:17:23,119 - browser.browser - INFO - Switching to alert
2025-02-01 11:17:23,119 - browser.browser - INFO - Waiting for alert to appear with timeout 10 seconds
2025-02-01 11:17:23,121 - browser.browser - INFO - Alert successfuly accept
2025-02-01 11:17:23,129 - elements.base_element - INFO - Waiting for button 'JS alerts page -> Prompt button' to be clickable
2025-02-01 11:17:23,144 - elements.base_element - INFO - Clicking on button 'JS alerts page -> Prompt button'
2025-02-01 11:17:23,177 - browser.browser - INFO - Switching to alert
2025-02-01 11:17:23,177 - browser.browser - INFO - Waiting for alert to appear with timeout 10 seconds
2025-02-01 11:17:23,178 - root - INFO - Switch to alert
2025-02-01 11:17:23,178 - browser.browser - INFO - Switching to alert
2025-02-01 11:17:23,178 - browser.browser - INFO - Waiting for alert to appear with timeout 10 seconds
2025-02-01 11:17:23,179 - root - INFO - Get alert text
2025-02-01 11:17:23,180 - browser.browser - INFO - Switching to alert
2025-02-01 11:17:23,180 - browser.browser - INFO - Waiting for alert to appear with timeout 10 seconds
2025-02-01 11:17:23,181 - browser.browser - INFO - Sending keys in alert: done
2025-02-01 11:17:23,181 - browser.browser - INFO - Accept alert
2025-02-01 11:17:23,181 - browser.browser - INFO - Waiting for alert to appear with timeout 10 seconds
2025-02-01 11:17:23,182 - browser.browser - INFO - Switching to alert
2025-02-01 11:17:23,182 - browser.browser - INFO - Waiting for alert to appear with timeout 10 seconds
2025-02-01 11:17:23,184 - browser.browser - INFO - Alert successfuly accept
2025-02-01 11:17:23,195 - browser.browser - INFO - Quit browser session
2025-02-01 11:17:25,302 - WDM - INFO - ====== WebDriver manager ======
2025-02-01 11:17:27,085 - WDM - INFO - Get LATEST chromedriver version for google-chrome
2025-02-01 11:17:39,520 - WDM - INFO - Get LATEST chromedriver version for google-chrome
2025-02-01 11:17:39,728 - WDM - INFO - Driver [C:\Users\mdsmy\.wdm\drivers\chromedriver\win64\132.0.6834.159\chromedriver-win32/chromedriver.exe] found in cache
2025-02-01 11:17:40,706 - root - INFO - Open URL: https://the-internet.herokuapp.com/
2025-02-01 11:17:42,789 - elements.base_element - INFO - Waiting for button 'Main page -> Alerts page' to be clickable
2025-02-01 11:17:42,806 - elements.base_element - INFO - Clicking on button 'Main page -> Alerts page'
2025-02-01 11:17:43,044 - browser.browser - INFO - Executing script: 
    document.querySelectorAll('button').forEach(function(button) {{
        if (button.textContent.includes("{keys}")) {{
            button.click();
        }}
    }});
 with arguments: {'keys': 'Click for JS Alert'}
2025-02-01 11:17:43,049 - browser.browser - INFO - Accept alert
2025-02-01 11:17:43,049 - browser.browser - INFO - Waiting for alert to appear with timeout 10 seconds
2025-02-01 11:17:43,049 - browser.browser - INFO - Switching to alert
2025-02-01 11:17:43,049 - browser.browser - INFO - Waiting for alert to appear with timeout 10 seconds
2025-02-01 11:17:43,051 - browser.browser - INFO - Alert successfuly accept
2025-02-01 11:17:43,082 - browser.browser - INFO - Executing script: 
    document.querySelectorAll('button').forEach(function(button) {{
        if (button.textContent.includes("{keys}")) {{
            button.click();
        }}
    }});
 with arguments: {'keys': 'Click for JS Confirm'}
2025-02-01 11:17:43,087 - browser.browser - INFO - Accept alert
2025-02-01 11:17:43,087 - browser.browser - INFO - Waiting for alert to appear with timeout 10 seconds
2025-02-01 11:17:43,087 - browser.browser - INFO - Switching to alert
2025-02-01 11:17:43,087 - browser.browser - INFO - Waiting for alert to appear with timeout 10 seconds
2025-02-01 11:17:43,089 - browser.browser - INFO - Alert successfuly accept
2025-02-01 11:17:43,100 - browser.browser - INFO - Executing script: 
    window.prompt = function(message, defaultValue) {{
        return '{keys}';
    }};
     with arguments: {'keys': 'done'}
2025-02-01 11:17:43,103 - browser.browser - INFO - Executing script: 
    document.querySelectorAll('button').forEach(function(button) {{
        if (button.textContent.includes("{keys}")) {{
            button.click();
        }}
    }});
 with arguments: {'keys': 'Click for JS Prompt'}
2025-02-01 11:17:43,113 - browser.browser - INFO - Quit browser session
2025-02-01 11:17:45,192 - WDM - INFO - ====== WebDriver manager ======
2025-02-01 11:17:46,979 - WDM - INFO - Get LATEST geckodriver version for 134.0 firefox
2025-02-01 11:17:47,229 - WDM - INFO - Get LATEST geckodriver version for 134.0 firefox
2025-02-01 11:17:47,416 - WDM - INFO - Driver [C:\Users\mdsmy\.wdm\drivers\geckodriver\win64\v0.35.0\geckodriver.exe] found in cache
2025-02-01 11:17:51,402 - root - INFO - Open URL: https://the-internet.herokuapp.com/
2025-02-01 11:17:54,578 - elements.base_element - INFO - Waiting for button 'Main page -> Alerts page' to be clickable
2025-02-01 11:17:54,593 - elements.base_element - INFO - Clicking on button 'Main page -> Alerts page'
2025-02-01 11:17:54,818 - browser.browser - INFO - Executing script: 
    document.querySelectorAll('button').forEach(function(button) {{
        if (button.textContent.includes("{keys}")) {{
            button.click();
        }}
    }});
 with arguments: {'keys': 'Click for JS Alert'}
2025-02-01 11:17:54,854 - browser.browser - INFO - Accept alert
2025-02-01 11:17:54,855 - browser.browser - INFO - Waiting for alert to appear with timeout 10 seconds
2025-02-01 11:17:54,856 - browser.browser - INFO - Switching to alert
2025-02-01 11:17:54,856 - browser.browser - INFO - Waiting for alert to appear with timeout 10 seconds
2025-02-01 11:17:54,865 - browser.browser - INFO - Alert successfuly accept
2025-02-01 11:17:54,876 - browser.browser - INFO - Executing script: 
    document.querySelectorAll('button').forEach(function(button) {{
        if (button.textContent.includes("{keys}")) {{
            button.click();
        }}
    }});
 with arguments: {'keys': 'Click for JS Confirm'}
2025-02-01 11:17:54,895 - browser.browser - INFO - Accept alert
2025-02-01 11:17:54,895 - browser.browser - INFO - Waiting for alert to appear with timeout 10 seconds
2025-02-01 11:17:54,896 - browser.browser - INFO - Switching to alert
2025-02-01 11:17:54,896 - browser.browser - INFO - Waiting for alert to appear with timeout 10 seconds
2025-02-01 11:17:54,915 - browser.browser - INFO - Alert successfuly accept
2025-02-01 11:17:54,921 - browser.browser - INFO - Executing script: 
    window.prompt = function(message, defaultValue) {{
        return '{keys}';
    }};
     with arguments: {'keys': 'done'}
2025-02-01 11:17:54,922 - browser.browser - INFO - Executing script: 
    document.querySelectorAll('button').forEach(function(button) {{
        if (button.textContent.includes("{keys}")) {{
            button.click();
        }}
    }});
 with arguments: {'keys': 'Click for JS Prompt'}
2025-02-01 11:17:54,928 - browser.browser - INFO - Quit browser session
2025-02-01 11:17:57,462 - WDM - INFO - ====== WebDriver manager ======
2025-02-01 11:17:59,215 - WDM - INFO - Get LATEST edgedriver version for Edge 132.0.2957
2025-02-01 11:17:59,468 - WDM - INFO - Get LATEST edgedriver version for Edge 132.0.2957
2025-02-01 11:17:59,723 - WDM - INFO - Get LATEST edgedriver version for Edge 132.0.2957
2025-02-01 11:17:59,984 - WDM - INFO - About to download new driver from https://msedgedriver.azureedge.net/132.0.2957.140/edgedriver_win64.zip
2025-02-01 11:18:00,308 - WDM - INFO - Driver downloading response is 200
2025-02-01 11:18:03,775 - WDM - INFO - Get LATEST edgedriver version for Edge 132.0.2957
2025-02-01 11:18:04,643 - WDM - INFO - Driver has been saved in cache [C:\Users\mdsmy\.wdm\drivers\edgedriver\win64\132.0.2957.140]
2025-02-01 11:18:05,726 - root - INFO - Open URL: https://the-internet.herokuapp.com/
2025-02-01 11:18:07,826 - elements.base_element - INFO - Waiting for button 'Main page -> Alerts page' to be clickable
2025-02-01 11:18:07,846 - elements.base_element - INFO - Clicking on button 'Main page -> Alerts page'
2025-02-01 11:18:08,093 - browser.browser - INFO - Executing script: 
    document.querySelectorAll('button').forEach(function(button) {{
        if (button.textContent.includes("{keys}")) {{
            button.click();
        }}
    }});
 with arguments: {'keys': 'Click for JS Alert'}
2025-02-01 11:18:08,098 - browser.browser - INFO - Accept alert
2025-02-01 11:18:08,099 - browser.browser - INFO - Waiting for alert to appear with timeout 10 seconds
2025-02-01 11:18:08,099 - browser.browser - INFO - Switching to alert
2025-02-01 11:18:08,099 - browser.browser - INFO - Waiting for alert to appear with timeout 10 seconds
2025-02-01 11:18:08,101 - browser.browser - INFO - Alert successfuly accept
2025-02-01 11:18:08,136 - browser.browser - INFO - Executing script: 
    document.querySelectorAll('button').forEach(function(button) {{
        if (button.textContent.includes("{keys}")) {{
            button.click();
        }}
    }});
 with arguments: {'keys': 'Click for JS Confirm'}
2025-02-01 11:18:08,141 - browser.browser - INFO - Accept alert
2025-02-01 11:18:08,141 - browser.browser - INFO - Waiting for alert to appear with timeout 10 seconds
2025-02-01 11:18:08,141 - browser.browser - INFO - Switching to alert
2025-02-01 11:18:08,141 - browser.browser - INFO - Waiting for alert to appear with timeout 10 seconds
2025-02-01 11:18:08,143 - browser.browser - INFO - Alert successfuly accept
2025-02-01 11:18:08,156 - browser.browser - INFO - Executing script: 
    window.prompt = function(message, defaultValue) {{
        return '{keys}';
    }};
     with arguments: {'keys': 'done'}
2025-02-01 11:18:08,159 - browser.browser - INFO - Executing script: 
    document.querySelectorAll('button').forEach(function(button) {{
        if (button.textContent.includes("{keys}")) {{
            button.click();
        }}
    }});
 with arguments: {'keys': 'Click for JS Prompt'}
2025-02-01 11:18:08,171 - browser.browser - INFO - Quit browser session
2025-02-01 11:18:49,358 - WDM - INFO - ====== WebDriver manager ======
2025-02-01 11:18:49,492 - WDM - INFO - Get LATEST chromedriver version for google-chrome
2025-02-01 11:21:31,071 - WDM - INFO - ====== WebDriver manager ======
2025-02-01 11:21:31,209 - WDM - INFO - Get LATEST chromedriver version for google-chrome
2025-02-01 11:21:31,419 - WDM - INFO - About to download new driver from https://chromedriver.storage.googleapis.com/114.0.5735.90/chromedriver_linux64.zip
2025-02-01 11:21:31,672 - WDM - INFO - Driver downloading response is 200
2025-02-01 11:21:33,094 - WDM - INFO - Get LATEST chromedriver version for google-chrome
2025-02-01 11:21:33,379 - WDM - INFO - Get LATEST chromedriver version for google-chrome
2025-02-01 11:21:33,576 - WDM - INFO - Driver has been saved in cache [/home/m1rron/.wdm/drivers/chromedriver/linux64/114.0.5735.90]
2025-02-01 11:22:33,395 - WDM - INFO - ====== WebDriver manager ======
2025-02-01 11:22:33,436 - WDM - INFO - Get LATEST geckodriver version for None firefox
2025-02-01 11:22:33,652 - WDM - INFO - Getting latest mozilla release info for v0.35.0
2025-02-01 11:22:34,002 - WDM - INFO - About to download new driver from https://github.com/mozilla/geckodriver/releases/download/v0.35.0/geckodriver-v0.35.0-linux64.tar.gz
2025-02-01 11:22:34,912 - WDM - INFO - Driver downloading response is 200
2025-02-01 11:22:35,471 - WDM - INFO - Get LATEST geckodriver version for None firefox
2025-02-01 11:22:35,759 - WDM - INFO - Get LATEST geckodriver version for None firefox
2025-02-01 11:22:35,990 - WDM - INFO - Driver has been saved in cache [/home/m1rron/.wdm/drivers/geckodriver/linux64/v0.35.0]
2025-02-01 11:22:36,152 - WDM - INFO - ====== WebDriver manager ======
2025-02-01 11:22:36,291 - WDM - INFO - Get LATEST edgedriver version for Edge None
2025-02-01 11:22:36,951 - WDM - INFO - About to download new driver from https://msedgedriver.azureedge.net/132.0.2957.140/edgedriver_linux64.zip
2025-02-01 11:22:37,265 - WDM - INFO - Driver downloading response is 200
2025-02-01 11:22:40,224 - WDM - INFO - Get LATEST edgedriver version for Edge None
2025-02-01 11:22:40,955 - WDM - INFO - Get LATEST edgedriver version for Edge None
2025-02-01 11:22:41,607 - WDM - INFO - Driver has been saved in cache [/home/m1rron/.wdm/drivers/edgedriver/linux64/132.0.2957.140]
2025-02-01 11:22:41,855 - WDM - INFO - ====== WebDriver manager ======
2025-02-01 11:22:41,993 - WDM - INFO - Get LATEST chromedriver version for google-chrome
2025-02-01 11:22:42,253 - WDM - INFO - About to download new driver from https://chromedriver.storage.googleapis.com/114.0.5735.90/chromedriver_linux64.zip
2025-02-01 11:22:42,380 - WDM - INFO - Driver downloading response is 200
2025-02-01 11:22:43,790 - WDM - INFO - Get LATEST chromedriver version for google-chrome
2025-02-01 11:22:44,063 - WDM - INFO - Get LATEST chromedriver version for google-chrome
2025-02-01 11:22:44,380 - WDM - INFO - Driver has been saved in cache [/home/m1rron/.wdm/drivers/chromedriver/linux64/114.0.5735.90]
2025-02-01 11:23:43,023 - WDM - INFO - ====== WebDriver manager ======
2025-02-01 11:23:43,074 - WDM - INFO - Get LATEST geckodriver version for None firefox
2025-02-01 11:23:43,426 - WDM - INFO - ====== WebDriver manager ======
2025-02-01 11:23:43,566 - WDM - INFO - Get LATEST edgedriver version for Edge None
2025-02-01 11:23:44,162 - WDM - INFO - About to download new driver from https://msedgedriver.azureedge.net/132.0.2957.140/edgedriver_linux64.zip
2025-02-01 11:23:44,474 - WDM - INFO - Driver downloading response is 200
2025-02-01 11:23:47,302 - WDM - INFO - Get LATEST edgedriver version for Edge None
2025-02-01 11:23:48,017 - WDM - INFO - Get LATEST edgedriver version for Edge None
2025-02-01 11:23:48,634 - WDM - INFO - Driver has been saved in cache [/home/m1rron/.wdm/drivers/edgedriver/linux64/132.0.2957.140]
2025-02-01 11:23:48,879 - WDM - INFO - ====== WebDriver manager ======
2025-02-01 11:23:49,019 - WDM - INFO - Get LATEST chromedriver version for google-chrome
2025-02-01 11:23:49,151 - WDM - INFO - About to download new driver from https://chromedriver.storage.googleapis.com/114.0.5735.90/chromedriver_linux64.zip
2025-02-01 11:23:49,417 - WDM - INFO - Driver downloading response is 200
2025-02-01 11:23:50,823 - WDM - INFO - Get LATEST chromedriver version for google-chrome
2025-02-01 11:23:51,107 - WDM - INFO - Get LATEST chromedriver version for google-chrome
2025-02-01 11:23:51,304 - WDM - INFO - Driver has been saved in cache [/home/m1rron/.wdm/drivers/chromedriver/linux64/114.0.5735.90]
2025-02-01 11:24:49,970 - WDM - INFO - ====== WebDriver manager ======
2025-02-01 11:24:50,015 - WDM - INFO - Get LATEST geckodriver version for None firefox
2025-02-01 11:24:50,342 - WDM - INFO - ====== WebDriver manager ======
2025-02-01 11:24:50,485 - WDM - INFO - Get LATEST edgedriver version for Edge None
2025-02-01 11:24:51,061 - WDM - INFO - About to download new driver from https://msedgedriver.azureedge.net/132.0.2957.140/edgedriver_linux64.zip
2025-02-01 11:24:51,393 - WDM - INFO - Driver downloading response is 200
2025-02-01 11:24:55,075 - WDM - INFO - Get LATEST edgedriver version for Edge None
2025-02-01 11:24:55,841 - WDM - INFO - Get LATEST edgedriver version for Edge None
2025-02-01 11:24:56,567 - WDM - INFO - ====== WebDriver manager ======
2025-02-01 11:24:56,730 - WDM - INFO - Get LATEST chromedriver version for google-chrome
2025-02-01 11:28:15,353 - WDM - INFO - ====== WebDriver manager ======
2025-02-01 11:28:15,487 - WDM - INFO - Get LATEST chromedriver version for google-chrome
2025-02-01 11:31:45,992 - WDM - INFO - ====== WebDriver manager ======
2025-02-01 11:31:46,129 - WDM - INFO - Get LATEST chromedriver version for google-chrome
2025-02-01 11:31:46,303 - WDM - INFO - About to download new driver from https://chromedriver.storage.googleapis.com/114.0.5735.90/chromedriver_linux64.zip
2025-02-01 11:31:46,429 - WDM - INFO - Driver downloading response is 200
2025-02-01 11:31:47,768 - WDM - INFO - Get LATEST chromedriver version for google-chrome
2025-02-01 11:31:48,047 - WDM - INFO - Get LATEST chromedriver version for google-chrome
2025-02-01 11:31:47,417 - WDM - INFO - Driver has been saved in cache [/home/m1rron/.wdm/drivers/chromedriver/linux64/114.0.5735.90]
2025-02-01 11:31:49,193 - WDM - INFO - ====== WebDriver manager ======
2025-02-01 11:31:49,235 - WDM - INFO - Get LATEST geckodriver version for None firefox
2025-02-01 11:31:49,588 - WDM - INFO - ====== WebDriver manager ======
2025-02-01 11:31:49,732 - WDM - INFO - Get LATEST edgedriver version for Edge None
2025-02-01 11:31:51,076 - WDM - INFO - About to download new driver from https://msedgedriver.azureedge.net/132.0.2957.140/edgedriver_linux64.zip
2025-02-01 11:31:51,430 - WDM - INFO - Driver downloading response is 200
2025-02-01 11:31:53,710 - WDM - INFO - Get LATEST edgedriver version for Edge None
2025-02-01 11:31:54,493 - WDM - INFO - Get LATEST edgedriver version for Edge None
2025-02-01 11:31:55,097 - WDM - INFO - Driver has been saved in cache [/home/m1rron/.wdm/drivers/edgedriver/linux64/132.0.2957.140]
2025-02-01 11:32:53,654 - WDM - INFO - ====== WebDriver manager ======
2025-02-01 11:32:53,794 - WDM - INFO - Get LATEST chromedriver version for google-chrome
2025-02-01 11:32:53,962 - WDM - INFO - About to download new driver from https://chromedriver.storage.googleapis.com/114.0.5735.90/chromedriver_linux64.zip
2025-02-01 11:32:54,090 - WDM - INFO - Driver downloading response is 200
2025-02-01 11:32:55,499 - WDM - INFO - Get LATEST chromedriver version for google-chrome
2025-02-01 11:32:55,777 - WDM - INFO - Get LATEST chromedriver version for google-chrome
2025-02-01 11:32:56,117 - WDM - INFO - Driver has been saved in cache [/home/m1rron/.wdm/drivers/chromedriver/linux64/114.0.5735.90]
2025-02-01 11:32:56,651 - WDM - INFO - ====== WebDriver manager ======
2025-02-01 11:32:56,692 - WDM - INFO - Get LATEST geckodriver version for None firefox
2025-02-01 11:32:57,007 - WDM - INFO - ====== WebDriver manager ======
2025-02-01 11:32:57,145 - WDM - INFO - Get LATEST edgedriver version for Edge None
2025-02-01 11:32:57,683 - WDM - INFO - About to download new driver from https://msedgedriver.azureedge.net/132.0.2957.140/edgedriver_linux64.zip
2025-02-01 11:32:58,022 - WDM - INFO - Driver downloading response is 200
2025-02-01 11:33:00,560 - WDM - INFO - Get LATEST edgedriver version for Edge None
2025-02-01 11:33:01,310 - WDM - INFO - Get LATEST edgedriver version for Edge None
2025-02-01 11:33:01,932 - WDM - INFO - Driver has been saved in cache [/home/m1rron/.wdm/drivers/edgedriver/linux64/132.0.2957.140]
2025-02-01 11:34:00,525 - WDM - INFO - ====== WebDriver manager ======
2025-02-01 11:34:00,669 - WDM - INFO - Get LATEST chromedriver version for google-chrome
2025-02-01 11:34:00,792 - WDM - INFO - About to download new driver from https://chromedriver.storage.googleapis.com/114.0.5735.90/chromedriver_linux64.zip
2025-02-01 11:34:00,923 - WDM - INFO - Driver downloading response is 200
2025-02-01 11:34:02,318 - WDM - INFO - Get LATEST chromedriver version for google-chrome
2025-02-01 11:34:02,615 - WDM - INFO - Get LATEST chromedriver version for google-chrome
2025-02-01 11:34:02,822 - WDM - INFO - Driver has been saved in cache [/home/m1rron/.wdm/drivers/chromedriver/linux64/114.0.5735.90]
2025-02-01 11:34:03,375 - WDM - INFO - ====== WebDriver manager ======
2025-02-01 11:34:03,416 - WDM - INFO - Get LATEST geckodriver version for None firefox
2025-02-01 11:34:03,728 - WDM - INFO - ====== WebDriver manager ======
2025-02-01 11:34:03,865 - WDM - INFO - Get LATEST edgedriver version for Edge None
2025-02-01 11:34:04,414 - WDM - INFO - About to download new driver from https://msedgedriver.azureedge.net/132.0.2957.140/edgedriver_linux64.zip
2025-02-01 11:34:04,830 - WDM - INFO - Driver downloading response is 200
2025-02-01 11:34:07,135 - WDM - INFO - Get LATEST edgedriver version for Edge None
2025-02-01 11:34:07,894 - WDM - INFO - Get LATEST edgedriver version for Edge None
2025-02-01 11:34:08,491 - WDM - INFO - Driver has been saved in cache [/home/m1rron/.wdm/drivers/edgedriver/linux64/132.0.2957.140]
2025-02-01 11:34:22,234 - WDM - INFO - ====== WebDriver manager ======
2025-02-01 11:34:24,038 - WDM - INFO - Get LATEST chromedriver version for google-chrome
2025-02-01 11:34:24,231 - WDM - INFO - Get LATEST chromedriver version for google-chrome
2025-02-01 11:34:24,420 - WDM - INFO - Driver [C:\Users\mdsmy\.wdm\drivers\chromedriver\win64\132.0.6834.159\chromedriver-win32/chromedriver.exe] found in cache
2025-02-01 11:34:27,118 - WDM - INFO - ====== WebDriver manager ======
2025-02-01 11:34:28,942 - WDM - INFO - Get LATEST geckodriver version for 134.0 firefox
2025-02-01 11:34:29,156 - WDM - INFO - ====== WebDriver manager ======
2025-02-01 11:34:31,028 - WDM - INFO - Get LATEST edgedriver version for Edge 132.0.2957
2025-02-01 11:34:31,271 - WDM - INFO - Get LATEST edgedriver version for Edge 132.0.2957
2025-02-01 11:34:31,516 - WDM - INFO - Driver [C:\Users\mdsmy\.wdm\drivers\edgedriver\win64\132.0.2957.140\msedgedriver.exe] found in cache
2025-02-01 11:34:34,098 - WDM - INFO - ====== WebDriver manager ======
2025-02-01 11:34:35,890 - WDM - INFO - Get LATEST chromedriver version for google-chrome
2025-02-01 11:34:50,770 - WDM - INFO - ====== WebDriver manager ======
2025-02-01 11:34:52,513 - WDM - INFO - Get LATEST chromedriver version for google-chrome
2025-02-01 11:34:52,723 - WDM - INFO - Get LATEST chromedriver version for google-chrome
2025-02-01 11:34:52,910 - WDM - INFO - Driver [C:\Users\mdsmy\.wdm\drivers\chromedriver\win64\132.0.6834.159\chromedriver-win32/chromedriver.exe] found in cache
2025-02-01 11:34:53,759 - root - INFO - Open URL: https://the-internet.herokuapp.com/
2025-02-01 11:34:55,744 - elements.base_element - INFO - Waiting for button 'Main page -> Alerts page' to be clickable
2025-02-01 11:34:55,762 - elements.base_element - INFO - Clicking on button 'Main page -> Alerts page'
2025-02-01 11:34:55,986 - elements.base_element - INFO - Waiting for button 'JS alerts page -> Alerts button' to be clickable
2025-02-01 11:34:55,998 - elements.base_element - INFO - Clicking on button 'JS alerts page -> Alerts button'
2025-02-01 11:34:56,031 - root - INFO - Switch to alert
2025-02-01 11:34:56,031 - browser.browser - INFO - Switching to alert
2025-02-01 11:34:56,032 - browser.browser - INFO - Waiting for alert to appear with timeout 10 seconds
2025-02-01 11:34:56,033 - root - INFO - Get alert text
2025-02-01 11:34:56,033 - browser.browser - INFO - Accept alert
2025-02-01 11:34:56,033 - browser.browser - INFO - Waiting for alert to appear with timeout 10 seconds
2025-02-01 11:34:56,034 - browser.browser - INFO - Switching to alert
2025-02-01 11:34:56,034 - browser.browser - INFO - Waiting for alert to appear with timeout 10 seconds
2025-02-01 11:34:56,036 - browser.browser - INFO - Alert successfuly accept
2025-02-01 11:34:56,050 - elements.base_element - INFO - Waiting for button 'JS alerts page -> Confirm button' to be clickable
2025-02-01 11:34:56,063 - elements.base_element - INFO - Clicking on button 'JS alerts page -> Confirm button'
2025-02-01 11:34:56,093 - browser.browser - INFO - Switching to alert
2025-02-01 11:34:56,094 - browser.browser - INFO - Waiting for alert to appear with timeout 10 seconds
2025-02-01 11:34:56,095 - root - INFO - Switch to alert
2025-02-01 11:34:56,095 - browser.browser - INFO - Switching to alert
2025-02-01 11:34:56,095 - browser.browser - INFO - Waiting for alert to appear with timeout 10 seconds
2025-02-01 11:34:56,096 - root - INFO - Get alert text
2025-02-01 11:34:56,096 - browser.browser - INFO - Accept alert
2025-02-01 11:34:56,096 - browser.browser - INFO - Waiting for alert to appear with timeout 10 seconds
2025-02-01 11:34:56,096 - browser.browser - INFO - Switching to alert
2025-02-01 11:34:56,097 - browser.browser - INFO - Waiting for alert to appear with timeout 10 seconds
2025-02-01 11:34:56,098 - browser.browser - INFO - Alert successfuly accept
2025-02-01 11:34:56,107 - elements.base_element - INFO - Waiting for button 'JS alerts page -> Prompt button' to be clickable
2025-02-01 11:34:56,119 - elements.base_element - INFO - Clicking on button 'JS alerts page -> Prompt button'
2025-02-01 11:34:56,151 - browser.browser - INFO - Switching to alert
2025-02-01 11:34:56,151 - browser.browser - INFO - Waiting for alert to appear with timeout 10 seconds
2025-02-01 11:34:56,152 - root - INFO - Switch to alert
2025-02-01 11:34:56,153 - browser.browser - INFO - Switching to alert
2025-02-01 11:34:56,153 - browser.browser - INFO - Waiting for alert to appear with timeout 10 seconds
2025-02-01 11:34:56,153 - root - INFO - Get alert text
2025-02-01 11:34:56,154 - browser.browser - INFO - Switching to alert
2025-02-01 11:34:56,154 - browser.browser - INFO - Waiting for alert to appear with timeout 10 seconds
2025-02-01 11:34:56,155 - browser.browser - INFO - Sending keys in alert: done
2025-02-01 11:34:56,156 - browser.browser - INFO - Accept alert
2025-02-01 11:34:56,156 - browser.browser - INFO - Waiting for alert to appear with timeout 10 seconds
2025-02-01 11:34:56,156 - browser.browser - INFO - Switching to alert
2025-02-01 11:34:56,156 - browser.browser - INFO - Waiting for alert to appear with timeout 10 seconds
2025-02-01 11:34:56,158 - browser.browser - INFO - Alert successfuly accept
2025-02-01 11:34:56,169 - browser.browser - INFO - Quit browser session
2025-02-01 11:38:35,369 - WDM - INFO - ====== WebDriver manager ======
2025-02-01 11:38:37,116 - WDM - INFO - Get LATEST chromedriver version for google-chrome
2025-02-01 11:38:37,299 - WDM - INFO - Get LATEST chromedriver version for google-chrome
2025-02-01 11:38:37,481 - WDM - INFO - Driver [C:\Users\mdsmy\.wdm\drivers\chromedriver\win64\132.0.6834.159\chromedriver-win32/chromedriver.exe] found in cache
2025-02-01 11:38:38,319 - root - INFO - Open URL: https://the-internet.herokuapp.com/
2025-02-01 11:38:40,249 - elements.base_element - INFO - Waiting for button 'Main page -> Alerts page' to be clickable
2025-02-01 11:38:40,268 - elements.base_element - INFO - Clicking on button 'Main page -> Alerts page'
2025-02-01 11:38:40,485 - elements.base_element - INFO - Waiting for button 'JS alerts page -> Alerts button' to be clickable
2025-02-01 11:38:40,498 - elements.base_element - INFO - Clicking on button 'JS alerts page -> Alerts button'
2025-02-01 11:38:40,533 - root - INFO - Switch to alert
2025-02-01 11:38:40,533 - browser.browser - INFO - Switching to alert
2025-02-01 11:38:40,533 - browser.browser - INFO - Waiting for alert to appear with timeout 10 seconds
2025-02-01 11:38:40,534 - root - INFO - Get alert text
2025-02-01 11:38:40,534 - browser.browser - INFO - Accept alert
2025-02-01 11:38:40,534 - browser.browser - INFO - Waiting for alert to appear with timeout 10 seconds
2025-02-01 11:38:40,535 - browser.browser - INFO - Switching to alert
2025-02-01 11:38:40,535 - browser.browser - INFO - Waiting for alert to appear with timeout 10 seconds
2025-02-01 11:38:40,537 - browser.browser - INFO - Alert successfuly accept
2025-02-01 11:38:40,551 - elements.base_element - INFO - Waiting for button 'JS alerts page -> Confirm button' to be clickable
2025-02-01 11:38:40,565 - elements.base_element - INFO - Clicking on button 'JS alerts page -> Confirm button'
2025-02-01 11:38:40,596 - browser.browser - INFO - Switching to alert
2025-02-01 11:38:40,597 - browser.browser - INFO - Waiting for alert to appear with timeout 10 seconds
2025-02-01 11:38:40,598 - root - INFO - Switch to alert
2025-02-01 11:38:40,598 - browser.browser - INFO - Switching to alert
2025-02-01 11:38:40,598 - browser.browser - INFO - Waiting for alert to appear with timeout 10 seconds
2025-02-01 11:38:40,599 - root - INFO - Get alert text
2025-02-01 11:38:40,599 - browser.browser - INFO - Accept alert
2025-02-01 11:38:40,600 - browser.browser - INFO - Waiting for alert to appear with timeout 10 seconds
2025-02-01 11:38:40,600 - browser.browser - INFO - Switching to alert
2025-02-01 11:38:40,600 - browser.browser - INFO - Waiting for alert to appear with timeout 10 seconds
2025-02-01 11:38:40,603 - browser.browser - INFO - Alert successfuly accept
2025-02-01 11:38:40,610 - elements.base_element - INFO - Waiting for button 'JS alerts page -> Prompt button' to be clickable
2025-02-01 11:38:40,623 - elements.base_element - INFO - Clicking on button 'JS alerts page -> Prompt button'
2025-02-01 11:38:40,656 - browser.browser - INFO - Switching to alert
2025-02-01 11:38:40,656 - browser.browser - INFO - Waiting for alert to appear with timeout 10 seconds
2025-02-01 11:38:40,657 - root - INFO - Switch to alert
2025-02-01 11:38:40,657 - browser.browser - INFO - Switching to alert
2025-02-01 11:38:40,657 - browser.browser - INFO - Waiting for alert to appear with timeout 10 seconds
2025-02-01 11:38:40,658 - root - INFO - Get alert text
2025-02-01 11:38:40,658 - browser.browser - INFO - Switching to alert
2025-02-01 11:38:40,658 - browser.browser - INFO - Waiting for alert to appear with timeout 10 seconds
2025-02-01 11:38:40,659 - browser.browser - INFO - Sending keys in alert: done
2025-02-01 11:38:40,660 - browser.browser - INFO - Accept alert
2025-02-01 11:38:40,660 - browser.browser - INFO - Waiting for alert to appear with timeout 10 seconds
2025-02-01 11:38:40,660 - browser.browser - INFO - Switching to alert
2025-02-01 11:38:40,660 - browser.browser - INFO - Waiting for alert to appear with timeout 10 seconds
2025-02-01 11:38:40,662 - browser.browser - INFO - Alert successfuly accept
2025-02-01 11:38:40,675 - browser.browser - INFO - Quit browser session
2025-02-01 11:38:42,749 - WDM - INFO - ====== WebDriver manager ======
2025-02-01 11:38:44,558 - WDM - INFO - Get LATEST geckodriver version for 134.0 firefox
2025-02-01 11:38:46,881 - WDM - INFO - ====== WebDriver manager ======
2025-02-01 11:38:48,649 - WDM - INFO - Get LATEST edgedriver version for Edge 132.0.2957
2025-02-01 11:38:48,918 - WDM - INFO - Get LATEST edgedriver version for Edge 132.0.2957
2025-02-01 11:38:49,172 - WDM - INFO - Driver [C:\Users\mdsmy\.wdm\drivers\edgedriver\win64\132.0.2957.127\msedgedriver.exe] found in cache
2025-02-01 11:45:01,308 - WDM - INFO - ====== WebDriver manager ======
2025-02-01 11:45:01,447 - WDM - INFO - Get LATEST chromedriver version for google-chrome
2025-02-01 11:45:01,646 - WDM - INFO - About to download new driver from https://chromedriver.storage.googleapis.com/114.0.5735.90/chromedriver_linux64.zip
2025-02-01 11:45:01,771 - WDM - INFO - Driver downloading response is 200
2025-02-01 11:45:03,243 - WDM - INFO - Get LATEST chromedriver version for google-chrome
2025-02-01 11:45:03,512 - WDM - INFO - Get LATEST chromedriver version for google-chrome
2025-02-01 11:45:03,718 - WDM - INFO - Driver has been saved in cache [/home/m1rron/.wdm/drivers/chromedriver/linux64/114.0.5735.90]
2025-02-01 11:45:03,719 - WDM - INFO - ====== WebDriver manager ======
2025-02-01 11:45:03,854 - WDM - INFO - Get LATEST chromedriver version for google-chrome
2025-02-01 11:45:03,986 - WDM - INFO - About to download new driver from https://chromedriver.storage.googleapis.com/114.0.5735.90/chromedriver_linux64.zip
2025-02-01 11:45:04,253 - WDM - INFO - Driver downloading response is 200
2025-02-01 11:45:05,676 - WDM - INFO - Get LATEST chromedriver version for google-chrome
2025-02-01 11:45:05,952 - WDM - INFO - Get LATEST chromedriver version for google-chrome
2025-02-01 11:45:06,162 - WDM - INFO - Driver has been saved in cache [/home/m1rron/.wdm/drivers/chromedriver/linux64/114.0.5735.90]
2025-02-01 11:46:05,924 - WDM - INFO - ====== WebDriver manager ======
2025-02-01 11:46:05,964 - WDM - INFO - Get LATEST geckodriver version for None firefox
2025-02-01 11:46:06,308 - WDM - INFO - Getting latest mozilla release info for v0.35.0
2025-02-01 11:46:06,641 - WDM - INFO - About to download new driver from https://github.com/mozilla/geckodriver/releases/download/v0.35.0/geckodriver-v0.35.0-linux64.tar.gz
2025-02-01 11:46:07,389 - WDM - INFO - Driver downloading response is 200
2025-02-01 11:46:07,927 - WDM - INFO - Get LATEST geckodriver version for None firefox
2025-02-01 11:46:08,205 - WDM - INFO - Get LATEST geckodriver version for None firefox
2025-02-01 11:46:08,438 - WDM - INFO - Driver has been saved in cache [/home/m1rron/.wdm/drivers/geckodriver/linux64/v0.35.0]
2025-02-01 11:46:08,439 - WDM - INFO - ====== WebDriver manager ======
2025-02-01 11:46:08,479 - WDM - INFO - Get LATEST geckodriver version for None firefox
2025-02-01 11:46:08,681 - WDM - INFO - Getting latest mozilla release info for v0.35.0
2025-02-01 11:46:08,881 - WDM - INFO - About to download new driver from https://github.com/mozilla/geckodriver/releases/download/v0.35.0/geckodriver-v0.35.0-linux64.tar.gz
2025-02-01 11:46:09,628 - WDM - INFO - Driver downloading response is 200
2025-02-01 11:46:10,173 - WDM - INFO - Get LATEST geckodriver version for None firefox
2025-02-01 11:46:10,443 - WDM - INFO - Get LATEST geckodriver version for None firefox
2025-02-01 11:46:10,673 - WDM - INFO - Driver has been saved in cache [/home/m1rron/.wdm/drivers/geckodriver/linux64/v0.35.0]
2025-02-01 11:46:10,827 - WDM - INFO - ====== WebDriver manager ======
2025-02-01 11:46:10,958 - WDM - INFO - Get LATEST edgedriver version for Edge None
2025-02-01 11:46:11,593 - WDM - INFO - About to download new driver from https://msedgedriver.azureedge.net/132.0.2957.140/edgedriver_linux64.zip
2025-02-01 11:46:11,927 - WDM - INFO - Driver downloading response is 200
2025-02-01 11:46:14,998 - WDM - INFO - Get LATEST edgedriver version for Edge None
2025-02-01 11:46:15,922 - WDM - INFO - Get LATEST edgedriver version for Edge None
2025-02-01 11:46:16,856 - WDM - INFO - Driver has been saved in cache [/home/m1rron/.wdm/drivers/edgedriver/linux64/132.0.2957.140]
2025-02-01 11:46:17,095 - WDM - INFO - ====== WebDriver manager ======
2025-02-01 11:46:17,226 - WDM - INFO - Get LATEST chromedriver version for google-chrome
2025-02-01 11:46:17,359 - WDM - INFO - About to download new driver from https://chromedriver.storage.googleapis.com/114.0.5735.90/chromedriver_linux64.zip
2025-02-01 11:46:17,488 - WDM - INFO - Driver downloading response is 200
2025-02-01 11:46:19,021 - WDM - INFO - Get LATEST chromedriver version for google-chrome
2025-02-01 11:46:19,299 - WDM - INFO - Get LATEST chromedriver version for google-chrome
2025-02-01 11:46:19,494 - WDM - INFO - Driver has been saved in cache [/home/m1rron/.wdm/drivers/chromedriver/linux64/114.0.5735.90]
2025-02-01 11:46:19,495 - WDM - INFO - ====== WebDriver manager ======
2025-02-01 11:46:19,626 - WDM - INFO - Get LATEST chromedriver version for google-chrome
2025-02-01 11:46:19,761 - WDM - INFO - About to download new driver from https://chromedriver.storage.googleapis.com/114.0.5735.90/chromedriver_linux64.zip
2025-02-01 11:46:19,908 - WDM - INFO - Driver downloading response is 200
2025-02-01 11:46:21,281 - WDM - INFO - Get LATEST chromedriver version for google-chrome
2025-02-01 11:46:21,564 - WDM - INFO - Get LATEST chromedriver version for google-chrome
2025-02-01 11:46:21,758 - WDM - INFO - Driver has been saved in cache [/home/m1rron/.wdm/drivers/chromedriver/linux64/114.0.5735.90]
2025-02-01 11:47:20,402 - WDM - INFO - ====== WebDriver manager ======
2025-02-01 11:47:20,443 - WDM - INFO - Get LATEST geckodriver version for None firefox
2025-02-01 11:47:20,823 - WDM - INFO - Getting latest mozilla release info for v0.35.0
2025-02-01 11:47:21,174 - WDM - INFO - About to download new driver from https://github.com/mozilla/geckodriver/releases/download/v0.35.0/geckodriver-v0.35.0-linux64.tar.gz
2025-02-01 11:47:21,937 - WDM - INFO - Driver downloading response is 200
2025-02-01 11:47:22,489 - WDM - INFO - Get LATEST geckodriver version for None firefox
2025-02-01 11:47:22,763 - WDM - INFO - Get LATEST geckodriver version for None firefox
2025-02-01 11:47:22,974 - WDM - INFO - Driver has been saved in cache [/home/m1rron/.wdm/drivers/geckodriver/linux64/v0.35.0]
2025-02-01 11:47:22,975 - WDM - INFO - ====== WebDriver manager ======
2025-02-01 11:47:23,014 - WDM - INFO - Get LATEST geckodriver version for None firefox
2025-02-01 11:47:23,202 - WDM - INFO - Getting latest mozilla release info for v0.35.0
2025-02-01 11:47:23,403 - WDM - INFO - About to download new driver from https://github.com/mozilla/geckodriver/releases/download/v0.35.0/geckodriver-v0.35.0-linux64.tar.gz
2025-02-01 11:47:24,133 - WDM - INFO - Driver downloading response is 200
2025-02-01 11:47:24,666 - WDM - INFO - Get LATEST geckodriver version for None firefox
2025-02-01 11:47:24,939 - WDM - INFO - Get LATEST geckodriver version for None firefox
2025-02-01 11:47:25,149 - WDM - INFO - Driver has been saved in cache [/home/m1rron/.wdm/drivers/geckodriver/linux64/v0.35.0]
2025-02-01 11:47:25,299 - WDM - INFO - ====== WebDriver manager ======
2025-02-01 11:47:25,431 - WDM - INFO - Get LATEST edgedriver version for Edge None
2025-02-01 11:47:25,994 - WDM - INFO - About to download new driver from https://msedgedriver.azureedge.net/132.0.2957.140/edgedriver_linux64.zip
2025-02-01 11:47:26,814 - WDM - INFO - Driver downloading response is 200
2025-02-01 11:47:30,062 - WDM - INFO - Get LATEST edgedriver version for Edge None
2025-02-01 11:47:30,792 - WDM - INFO - Get LATEST edgedriver version for Edge None
2025-02-01 11:47:30,644 - WDM - INFO - Driver has been saved in cache [/home/m1rron/.wdm/drivers/edgedriver/linux64/132.0.2957.140]
2025-02-01 11:47:30,818 - WDM - INFO - ====== WebDriver manager ======
2025-02-01 11:47:30,948 - WDM - INFO - Get LATEST chromedriver version for google-chrome
2025-02-01 11:47:31,116 - WDM - INFO - About to download new driver from https://chromedriver.storage.googleapis.com/114.0.5735.90/chromedriver_linux64.zip
2025-02-01 11:47:31,257 - WDM - INFO - Driver downloading response is 200
2025-02-01 11:47:32,696 - WDM - INFO - Get LATEST chromedriver version for google-chrome
2025-02-01 11:47:32,962 - WDM - INFO - Get LATEST chromedriver version for google-chrome
2025-02-01 11:47:33,172 - WDM - INFO - Driver has been saved in cache [/home/m1rron/.wdm/drivers/chromedriver/linux64/114.0.5735.90]
2025-02-01 11:47:33,173 - WDM - INFO - ====== WebDriver manager ======
2025-02-01 11:47:33,304 - WDM - INFO - Get LATEST chromedriver version for google-chrome
2025-02-01 11:47:33,435 - WDM - INFO - About to download new driver from https://chromedriver.storage.googleapis.com/114.0.5735.90/chromedriver_linux64.zip
2025-02-01 11:47:33,564 - WDM - INFO - Driver downloading response is 200
2025-02-01 11:47:35,084 - WDM - INFO - Get LATEST chromedriver version for google-chrome
2025-02-01 11:47:35,354 - WDM - INFO - Get LATEST chromedriver version for google-chrome
2025-02-01 11:47:35,546 - WDM - INFO - Driver has been saved in cache [/home/m1rron/.wdm/drivers/chromedriver/linux64/114.0.5735.90]
2025-02-01 11:48:34,218 - WDM - INFO - ====== WebDriver manager ======
2025-02-01 11:48:34,261 - WDM - INFO - Get LATEST geckodriver version for None firefox
2025-02-01 11:48:34,509 - WDM - INFO - Getting latest mozilla release info for v0.35.0
2025-02-01 11:48:34,861 - WDM - INFO - About to download new driver from https://github.com/mozilla/geckodriver/releases/download/v0.35.0/geckodriver-v0.35.0-linux64.tar.gz
2025-02-01 11:48:35,623 - WDM - INFO - Driver downloading response is 200
2025-02-01 11:48:36,190 - WDM - INFO - Get LATEST geckodriver version for None firefox
2025-02-01 11:48:36,484 - WDM - INFO - Get LATEST geckodriver version for None firefox
2025-02-01 11:48:36,700 - WDM - INFO - Driver has been saved in cache [/home/m1rron/.wdm/drivers/geckodriver/linux64/v0.35.0]
2025-02-01 11:48:36,701 - WDM - INFO - ====== WebDriver manager ======
2025-02-01 11:48:36,742 - WDM - INFO - Get LATEST geckodriver version for None firefox
2025-02-01 11:48:36,939 - WDM - INFO - Getting latest mozilla release info for v0.35.0
2025-02-01 11:48:37,139 - WDM - INFO - About to download new driver from https://github.com/mozilla/geckodriver/releases/download/v0.35.0/geckodriver-v0.35.0-linux64.tar.gz
2025-02-01 11:48:37,886 - WDM - INFO - Driver downloading response is 200
2025-02-01 11:48:38,453 - WDM - INFO - Get LATEST geckodriver version for None firefox
2025-02-01 11:48:38,727 - WDM - INFO - Get LATEST geckodriver version for None firefox
2025-02-01 11:48:38,942 - WDM - INFO - Driver has been saved in cache [/home/m1rron/.wdm/drivers/geckodriver/linux64/v0.35.0]
2025-02-01 11:48:39,093 - WDM - INFO - ====== WebDriver manager ======
2025-02-01 11:48:39,228 - WDM - INFO - Get LATEST edgedriver version for Edge None
2025-02-01 11:48:39,805 - WDM - INFO - About to download new driver from https://msedgedriver.azureedge.net/132.0.2957.140/edgedriver_linux64.zip
2025-02-01 11:48:40,408 - WDM - INFO - Driver downloading response is 200
2025-02-01 11:48:42,790 - WDM - INFO - Get LATEST edgedriver version for Edge None
2025-02-01 11:48:43,571 - WDM - INFO - Get LATEST edgedriver version for Edge None
2025-02-01 11:48:44,205 - WDM - INFO - Driver has been saved in cache [/home/m1rron/.wdm/drivers/edgedriver/linux64/132.0.2957.140]
2025-02-01 11:48:44,380 - WDM - INFO - ====== WebDriver manager ======
2025-02-01 11:48:44,515 - WDM - INFO - Get LATEST chromedriver version for google-chrome
2025-02-01 11:48:44,638 - WDM - INFO - About to download new driver from https://chromedriver.storage.googleapis.com/114.0.5735.90/chromedriver_linux64.zip
2025-02-01 11:48:44,764 - WDM - INFO - Driver downloading response is 200
2025-02-01 11:48:46,150 - WDM - INFO - Get LATEST chromedriver version for google-chrome
2025-02-01 11:48:46,428 - WDM - INFO - Get LATEST chromedriver version for google-chrome
2025-02-01 11:48:46,676 - WDM - INFO - Driver has been saved in cache [/home/m1rron/.wdm/drivers/chromedriver/linux64/114.0.5735.90]
2025-02-01 11:48:46,676 - WDM - INFO - ====== WebDriver manager ======
2025-02-01 11:48:46,809 - WDM - INFO - Get LATEST chromedriver version for google-chrome
2025-02-01 11:48:46,944 - WDM - INFO - About to download new driver from https://chromedriver.storage.googleapis.com/114.0.5735.90/chromedriver_linux64.zip
2025-02-01 11:48:47,081 - WDM - INFO - Driver downloading response is 200
2025-02-01 11:48:48,388 - WDM - INFO - Get LATEST chromedriver version for google-chrome
2025-02-01 11:48:48,683 - WDM - INFO - Get LATEST chromedriver version for google-chrome
2025-02-01 11:48:48,870 - WDM - INFO - Driver has been saved in cache [/home/m1rron/.wdm/drivers/chromedriver/linux64/114.0.5735.90]
2025-02-01 11:49:47,531 - WDM - INFO - ====== WebDriver manager ======
2025-02-01 11:49:47,571 - WDM - INFO - Get LATEST geckodriver version for None firefox
2025-02-01 11:49:47,822 - WDM - INFO - Getting latest mozilla release info for v0.35.0
2025-02-01 11:49:48,212 - WDM - INFO - About to download new driver from https://github.com/mozilla/geckodriver/releases/download/v0.35.0/geckodriver-v0.35.0-linux64.tar.gz
2025-02-01 11:49:49,220 - WDM - INFO - Driver downloading response is 200
2025-02-01 11:49:49,806 - WDM - INFO - Get LATEST geckodriver version for None firefox
2025-02-01 11:49:50,127 - WDM - INFO - Get LATEST geckodriver version for None firefox
2025-02-01 11:49:50,400 - WDM - INFO - Driver has been saved in cache [/home/m1rron/.wdm/drivers/geckodriver/linux64/v0.35.0]
2025-02-01 11:49:50,401 - WDM - INFO - ====== WebDriver manager ======
2025-02-01 11:49:50,442 - WDM - INFO - Get LATEST geckodriver version for None firefox
2025-02-01 11:49:50,693 - WDM - INFO - Getting latest mozilla release info for v0.35.0
2025-02-01 11:49:50,945 - WDM - INFO - About to download new driver from https://github.com/mozilla/geckodriver/releases/download/v0.35.0/geckodriver-v0.35.0-linux64.tar.gz
2025-02-01 11:49:51,558 - WDM - INFO - Driver downloading response is 200
2025-02-01 11:49:52,069 - WDM - INFO - Get LATEST geckodriver version for None firefox
2025-02-01 11:49:52,386 - WDM - INFO - Get LATEST geckodriver version for None firefox
2025-02-01 11:49:52,657 - WDM - INFO - Driver has been saved in cache [/home/m1rron/.wdm/drivers/geckodriver/linux64/v0.35.0]
2025-02-01 11:49:52,808 - WDM - INFO - ====== WebDriver manager ======
2025-02-01 11:49:52,941 - WDM - INFO - Get LATEST edgedriver version for Edge None
2025-02-01 11:56:44,560 - WDM - INFO - ====== WebDriver manager ======
2025-02-01 11:56:46,388 - WDM - INFO - Get LATEST chromedriver version for google-chrome
2025-02-01 11:56:46,652 - WDM - INFO - Get LATEST chromedriver version for google-chrome
2025-02-01 11:56:46,851 - WDM - INFO - Driver [C:\Users\mdsmy\.wdm\drivers\chromedriver\win64\132.0.6834.159\chromedriver-win32/chromedriver.exe] found in cache
2025-02-01 11:56:46,851 - WDM - INFO - ====== WebDriver manager ======
2025-02-01 11:56:48,578 - WDM - INFO - Get LATEST chromedriver version for google-chrome
2025-02-01 11:56:48,777 - WDM - INFO - Get LATEST chromedriver version for google-chrome
2025-02-01 11:56:48,976 - WDM - INFO - Driver [C:\Users\mdsmy\.wdm\drivers\chromedriver\win64\132.0.6834.159\chromedriver-win32/chromedriver.exe] found in cache
2025-02-01 11:56:49,982 - root - INFO - Open URL: https://the-internet.herokuapp.com/
2025-02-01 11:56:52,055 - elements.base_element - INFO - Waiting for button 'Main page -> Hovers page' to be clickable
2025-02-01 11:56:52,072 - elements.base_element - INFO - Clicking on button 'Main page -> Hovers page'
2025-02-01 11:57:03,057 - browser.browser - INFO - Get current URL
2025-02-01 11:57:03,060 - browser.browser - INFO - Return to previous page
2025-02-01 11:57:03,556 - browser.browser - INFO - Get current URL
2025-02-01 11:57:03,559 - browser.browser - INFO - Return to previous page
2025-02-01 11:57:04,065 - browser.browser - INFO - Get current URL
2025-02-01 11:57:04,067 - browser.browser - INFO - Return to previous page
2025-02-01 11:57:04,076 - browser.browser - INFO - Quit browser session
2025-02-01 11:58:58,410 - WDM - INFO - ====== WebDriver manager ======
2025-02-01 11:58:58,543 - WDM - INFO - Get LATEST chromedriver version for google-chrome
2025-02-01 11:59:41,476 - WDM - INFO - ====== WebDriver manager ======
2025-02-01 11:59:41,606 - WDM - INFO - Get LATEST chromedriver version for google-chrome
2025-02-01 12:00:11,671 - WDM - INFO - ====== WebDriver manager ======
2025-02-01 12:00:11,806 - WDM - INFO - Get LATEST chromedriver version for google-chrome
2025-02-01 12:08:24,549 - root - INFO - Open URL: https://the-internet.herokuapp.com/
2025-02-01 12:08:33,604 - elements.base_element - INFO - Waiting for button 'Main page -> Hovers page' to be clickable
2025-02-01 12:08:33,690 - elements.base_element - INFO - Clicking on button 'Main page -> Hovers page'
2025-02-01 12:08:45,729 - browser.browser - INFO - Get current URL
2025-02-01 12:08:45,734 - browser.browser - INFO - Return to previous page
2025-02-01 12:08:46,271 - browser.browser - INFO - Get current URL
2025-02-01 12:08:46,275 - browser.browser - INFO - Return to previous page
2025-02-01 12:08:46,799 - browser.browser - INFO - Get current URL
2025-02-01 12:08:46,802 - browser.browser - INFO - Return to previous page
2025-02-01 12:08:46,809 - browser.browser - INFO - Quit browser session
2025-02-01 12:11:56,181 - root - INFO - Open URL: https://the-internet.herokuapp.com/
2025-02-01 12:11:58,311 - elements.base_element - INFO - Waiting for button 'Main page -> Alerts page' to be clickable
2025-02-01 12:11:58,340 - elements.base_element - INFO - Clicking on button 'Main page -> Alerts page'
2025-02-01 12:11:58,620 - elements.base_element - INFO - Waiting for button 'JS alerts page -> Alerts button' to be clickable
2025-02-01 12:11:58,637 - elements.base_element - INFO - Clicking on button 'JS alerts page -> Alerts button'
2025-02-01 12:11:58,711 - root - INFO - Switch to alert
2025-02-01 12:11:58,711 - browser.browser - INFO - Switching to alert
2025-02-01 12:11:58,711 - browser.browser - INFO - Waiting for alert to appear with timeout 10 seconds
2025-02-01 12:11:58,722 - root - INFO - Get alert text
2025-02-01 12:11:58,727 - browser.browser - INFO - Accept alert
2025-02-01 12:11:58,727 - browser.browser - INFO - Waiting for alert to appear with timeout 10 seconds
2025-02-01 12:11:58,732 - browser.browser - INFO - Switching to alert
2025-02-01 12:11:58,733 - browser.browser - INFO - Waiting for alert to appear with timeout 10 seconds
2025-02-01 12:11:58,749 - browser.browser - INFO - Alert successfuly accept
2025-02-01 12:11:58,771 - elements.base_element - INFO - Waiting for button 'JS alerts page -> Confirm button' to be clickable
2025-02-01 12:11:58,789 - elements.base_element - INFO - Clicking on button 'JS alerts page -> Confirm button'
2025-02-01 12:11:58,842 - browser.browser - INFO - Switching to alert
2025-02-01 12:11:58,842 - browser.browser - INFO - Waiting for alert to appear with timeout 10 seconds
2025-02-01 12:11:58,852 - root - INFO - Switch to alert
2025-02-01 12:11:58,853 - browser.browser - INFO - Switching to alert
2025-02-01 12:11:58,853 - browser.browser - INFO - Waiting for alert to appear with timeout 10 seconds
2025-02-01 12:11:58,863 - root - INFO - Get alert text
2025-02-01 12:11:58,868 - browser.browser - INFO - Accept alert
2025-02-01 12:11:58,869 - browser.browser - INFO - Waiting for alert to appear with timeout 10 seconds
2025-02-01 12:11:58,874 - browser.browser - INFO - Switching to alert
2025-02-01 12:11:58,874 - browser.browser - INFO - Waiting for alert to appear with timeout 10 seconds
2025-02-01 12:11:58,890 - browser.browser - INFO - Alert successfuly accept
2025-02-01 12:11:58,903 - elements.base_element - INFO - Waiting for button 'JS alerts page -> Prompt button' to be clickable
2025-02-01 12:11:58,921 - elements.base_element - INFO - Clicking on button 'JS alerts page -> Prompt button'
2025-02-01 12:11:58,974 - browser.browser - INFO - Switching to alert
2025-02-01 12:11:58,974 - browser.browser - INFO - Waiting for alert to appear with timeout 10 seconds
2025-02-01 12:11:58,984 - root - INFO - Switch to alert
2025-02-01 12:11:58,985 - browser.browser - INFO - Switching to alert
2025-02-01 12:11:58,985 - browser.browser - INFO - Waiting for alert to appear with timeout 10 seconds
2025-02-01 12:11:58,995 - root - INFO - Get alert text
2025-02-01 12:11:59,001 - browser.browser - INFO - Switching to alert
2025-02-01 12:11:59,001 - browser.browser - INFO - Waiting for alert to appear with timeout 10 seconds
2025-02-01 12:11:59,011 - browser.browser - INFO - Sending keys in alert: done
2025-02-01 12:11:59,016 - browser.browser - INFO - Accept alert
2025-02-01 12:11:59,017 - browser.browser - INFO - Waiting for alert to appear with timeout 10 seconds
2025-02-01 12:11:59,022 - browser.browser - INFO - Switching to alert
2025-02-01 12:11:59,022 - browser.browser - INFO - Waiting for alert to appear with timeout 10 seconds
2025-02-01 12:11:59,038 - browser.browser - INFO - Alert successfuly accept
2025-02-01 12:11:59,051 - browser.browser - INFO - Quit browser session
2025-02-01 12:11:59,126 - root - INFO - Open URL: https://the-internet.herokuapp.com/
2025-02-01 12:12:00,334 - browser.browser - INFO - Quit browser session
2025-02-01 12:12:00,399 - root - INFO - Open URL: https://the-internet.herokuapp.com/
2025-02-01 12:12:00,423 - browser.browser - INFO - Quit browser session
2025-02-01 12:12:00,980 - root - INFO - Open URL: https://the-internet.herokuapp.com/
2025-02-01 12:12:03,110 - elements.base_element - INFO - Waiting for button 'Main page -> Alerts page' to be clickable
2025-02-01 12:12:03,135 - elements.base_element - INFO - Clicking on button 'Main page -> Alerts page'
2025-02-01 12:12:03,406 - browser.browser - INFO - Executing script: 
    document.querySelectorAll('button').forEach(function(button) {{
        if (button.textContent.includes("{keys}")) {{
            button.click();
        }}
    }});
 with arguments: {'keys': 'Click for JS Alert'}
2025-02-01 12:12:03,423 - browser.browser - INFO - Accept alert
2025-02-01 12:12:03,423 - browser.browser - INFO - Waiting for alert to appear with timeout 10 seconds
2025-02-01 12:12:03,429 - browser.browser - INFO - Switching to alert
2025-02-01 12:12:03,429 - browser.browser - INFO - Waiting for alert to appear with timeout 10 seconds
2025-02-01 12:12:03,445 - browser.browser - INFO - Alert successfuly accept
2025-02-01 12:12:03,490 - browser.browser - INFO - Executing script: 
    document.querySelectorAll('button').forEach(function(button) {{
        if (button.textContent.includes("{keys}")) {{
            button.click();
        }}
    }});
 with arguments: {'keys': 'Click for JS Confirm'}
2025-02-01 12:12:03,504 - browser.browser - INFO - Accept alert
2025-02-01 12:12:03,505 - browser.browser - INFO - Waiting for alert to appear with timeout 10 seconds
2025-02-01 12:12:03,510 - browser.browser - INFO - Switching to alert
2025-02-01 12:12:03,510 - browser.browser - INFO - Waiting for alert to appear with timeout 10 seconds
2025-02-01 12:12:03,527 - browser.browser - INFO - Alert successfuly accept
2025-02-01 12:12:03,545 - browser.browser - INFO - Executing script: 
    window.prompt = function(message, defaultValue) {{
        return '{keys}';
    }};
     with arguments: {'keys': 'done'}
2025-02-01 12:12:03,549 - browser.browser - INFO - Executing script: 
    document.querySelectorAll('button').forEach(function(button) {{
        if (button.textContent.includes("{keys}")) {{
            button.click();
        }}
    }});
 with arguments: {'keys': 'Click for JS Prompt'}
2025-02-01 12:12:03,564 - browser.browser - INFO - Quit browser session
2025-02-01 12:12:03,633 - root - INFO - Open URL: https://the-internet.herokuapp.com/
2025-02-01 12:12:03,657 - browser.browser - INFO - Quit browser session
2025-02-01 12:12:03,715 - root - INFO - Open URL: https://the-internet.herokuapp.com/
2025-02-01 12:12:03,741 - browser.browser - INFO - Quit browser session
2025-02-01 12:12:04,301 - root - INFO - Open URL: https://the-internet.herokuapp.com/
2025-02-01 12:12:12,658 - elements.base_element - INFO - Waiting for button 'Main page -> Context Menu page' to be clickable
2025-02-01 12:12:12,684 - elements.base_element - INFO - Clicking on button 'Main page -> Context Menu page'
2025-02-01 12:12:13,501 - elements.base_element - INFO - Attempting to right-click on element: hot-spot for alert
2025-02-01 12:12:14,058 - root - INFO - Switch to alert
2025-02-01 12:12:14,059 - browser.browser - INFO - Switching to alert
2025-02-01 12:12:14,059 - browser.browser - INFO - Waiting for alert to appear with timeout 10 seconds
2025-02-01 12:12:14,069 - root - INFO - Get alert text
2025-02-01 12:12:14,075 - browser.browser - INFO - Accept alert
2025-02-01 12:12:14,075 - browser.browser - INFO - Waiting for alert to appear with timeout 10 seconds
2025-02-01 12:12:14,080 - browser.browser - INFO - Switching to alert
2025-02-01 12:12:14,080 - browser.browser - INFO - Waiting for alert to appear with timeout 10 seconds
2025-02-01 12:12:14,096 - browser.browser - INFO - Alert successfuly accept
2025-02-01 12:12:14,097 - browser.browser - INFO - Quit browser session
2025-02-01 12:12:14,166 - root - INFO - Open URL: https://the-internet.herokuapp.com/
2025-02-01 12:12:14,201 - browser.browser - INFO - Quit browser session
2025-02-01 12:12:14,260 - root - INFO - Open URL: https://the-internet.herokuapp.com/
2025-02-01 12:12:14,284 - browser.browser - INFO - Quit browser session
2025-02-01 12:12:14,883 - root - INFO - Open URL: https://the-internet.herokuapp.com/
2025-02-01 12:12:15,978 - browser.browser - INFO - Quit browser session
2025-02-01 12:12:15,978 - urllib3.connectionpool - WARNING - Retrying (Retry(total=2, connect=None, read=None, redirect=None, status=None)) after connection broken by 'NewConnectionError('<urllib3.connection.HTTPConnection object at 0x7f27ed4c3a70>: Failed to establish a new connection: [Errno 111] Connection refused')': /session/54d96164eb481cac01a3a5fb65d1a082
2025-02-01 12:12:15,979 - urllib3.connectionpool - WARNING - Retrying (Retry(total=1, connect=None, read=None, redirect=None, status=None)) after connection broken by 'NewConnectionError('<urllib3.connection.HTTPConnection object at 0x7f27ed4c3590>: Failed to establish a new connection: [Errno 111] Connection refused')': /session/54d96164eb481cac01a3a5fb65d1a082
2025-02-01 12:12:15,979 - urllib3.connectionpool - WARNING - Retrying (Retry(total=0, connect=None, read=None, redirect=None, status=None)) after connection broken by 'NewConnectionError('<urllib3.connection.HTTPConnection object at 0x7f27ed4c30b0>: Failed to establish a new connection: [Errno 111] Connection refused')': /session/54d96164eb481cac01a3a5fb65d1a082
2025-02-01 12:12:22,360 - root - INFO - Open URL: https://the-internet.herokuapp.com/
2025-02-01 12:12:24,483 - elements.base_element - INFO - Waiting for button 'Main page -> Alerts page' to be clickable
2025-02-01 12:12:24,513 - elements.base_element - INFO - Clicking on button 'Main page -> Alerts page'
2025-02-01 12:12:24,786 - elements.base_element - INFO - Waiting for button 'JS alerts page -> Alerts button' to be clickable
2025-02-01 12:12:24,804 - elements.base_element - INFO - Clicking on button 'JS alerts page -> Alerts button'
2025-02-01 12:12:24,861 - root - INFO - Switch to alert
2025-02-01 12:12:24,861 - browser.browser - INFO - Switching to alert
2025-02-01 12:12:24,861 - browser.browser - INFO - Waiting for alert to appear with timeout 10 seconds
2025-02-01 12:12:24,872 - root - INFO - Get alert text
2025-02-01 12:12:24,877 - browser.browser - INFO - Accept alert
2025-02-01 12:12:24,877 - browser.browser - INFO - Waiting for alert to appear with timeout 10 seconds
2025-02-01 12:12:24,882 - browser.browser - INFO - Switching to alert
2025-02-01 12:12:24,883 - browser.browser - INFO - Waiting for alert to appear with timeout 10 seconds
2025-02-01 12:12:24,898 - browser.browser - INFO - Alert successfuly accept
2025-02-01 12:12:24,920 - elements.base_element - INFO - Waiting for button 'JS alerts page -> Confirm button' to be clickable
2025-02-01 12:12:24,938 - elements.base_element - INFO - Clicking on button 'JS alerts page -> Confirm button'
2025-02-01 12:12:24,991 - browser.browser - INFO - Switching to alert
2025-02-01 12:12:24,991 - browser.browser - INFO - Waiting for alert to appear with timeout 10 seconds
2025-02-01 12:12:25,002 - root - INFO - Switch to alert
2025-02-01 12:12:25,002 - browser.browser - INFO - Switching to alert
2025-02-01 12:12:25,002 - browser.browser - INFO - Waiting for alert to appear with timeout 10 seconds
2025-02-01 12:12:25,012 - root - INFO - Get alert text
2025-02-01 12:12:25,017 - browser.browser - INFO - Accept alert
2025-02-01 12:12:25,018 - browser.browser - INFO - Waiting for alert to appear with timeout 10 seconds
2025-02-01 12:12:25,023 - browser.browser - INFO - Switching to alert
2025-02-01 12:12:25,023 - browser.browser - INFO - Waiting for alert to appear with timeout 10 seconds
2025-02-01 12:12:25,040 - browser.browser - INFO - Alert successfuly accept
2025-02-01 12:12:25,051 - elements.base_element - INFO - Waiting for button 'JS alerts page -> Prompt button' to be clickable
2025-02-01 12:12:25,070 - elements.base_element - INFO - Clicking on button 'JS alerts page -> Prompt button'
2025-02-01 12:12:25,125 - browser.browser - INFO - Switching to alert
2025-02-01 12:12:25,125 - browser.browser - INFO - Waiting for alert to appear with timeout 10 seconds
2025-02-01 12:12:25,135 - root - INFO - Switch to alert
2025-02-01 12:12:25,135 - browser.browser - INFO - Switching to alert
2025-02-01 12:12:25,135 - browser.browser - INFO - Waiting for alert to appear with timeout 10 seconds
2025-02-01 12:12:25,146 - root - INFO - Get alert text
2025-02-01 12:12:25,151 - browser.browser - INFO - Switching to alert
2025-02-01 12:12:25,151 - browser.browser - INFO - Waiting for alert to appear with timeout 10 seconds
2025-02-01 12:12:25,162 - browser.browser - INFO - Sending keys in alert: done
2025-02-01 12:12:25,168 - browser.browser - INFO - Accept alert
2025-02-01 12:12:25,168 - browser.browser - INFO - Waiting for alert to appear with timeout 10 seconds
2025-02-01 12:12:25,174 - browser.browser - INFO - Switching to alert
2025-02-01 12:12:25,174 - browser.browser - INFO - Waiting for alert to appear with timeout 10 seconds
2025-02-01 12:12:25,190 - browser.browser - INFO - Alert successfuly accept
2025-02-01 12:12:25,202 - browser.browser - INFO - Quit browser session
2025-02-01 12:12:25,754 - root - INFO - Open URL: https://the-internet.herokuapp.com/
2025-02-01 12:12:27,855 - elements.base_element - INFO - Waiting for button 'Main page -> Alerts page' to be clickable
2025-02-01 12:12:27,879 - elements.base_element - INFO - Clicking on button 'Main page -> Alerts page'
2025-02-01 12:12:28,151 - browser.browser - INFO - Executing script: 
    document.querySelectorAll('button').forEach(function(button) {{
        if (button.textContent.includes("{keys}")) {{
            button.click();
        }}
    }});
 with arguments: {'keys': 'Click for JS Alert'}
2025-02-01 12:12:28,167 - browser.browser - INFO - Accept alert
2025-02-01 12:12:28,167 - browser.browser - INFO - Waiting for alert to appear with timeout 10 seconds
2025-02-01 12:12:28,172 - browser.browser - INFO - Switching to alert
2025-02-01 12:12:28,172 - browser.browser - INFO - Waiting for alert to appear with timeout 10 seconds
2025-02-01 12:12:28,189 - browser.browser - INFO - Alert successfuly accept
2025-02-01 12:12:28,234 - browser.browser - INFO - Executing script: 
    document.querySelectorAll('button').forEach(function(button) {{
        if (button.textContent.includes("{keys}")) {{
            button.click();
        }}
    }});
 with arguments: {'keys': 'Click for JS Confirm'}
2025-02-01 12:12:28,248 - browser.browser - INFO - Accept alert
2025-02-01 12:12:28,248 - browser.browser - INFO - Waiting for alert to appear with timeout 10 seconds
2025-02-01 12:12:28,254 - browser.browser - INFO - Switching to alert
2025-02-01 12:12:28,254 - browser.browser - INFO - Waiting for alert to appear with timeout 10 seconds
2025-02-01 12:12:28,270 - browser.browser - INFO - Alert successfuly accept
2025-02-01 12:12:28,287 - browser.browser - INFO - Executing script: 
    window.prompt = function(message, defaultValue) {{
        return '{keys}';
    }};
     with arguments: {'keys': 'done'}
2025-02-01 12:12:28,291 - browser.browser - INFO - Executing script: 
    document.querySelectorAll('button').forEach(function(button) {{
        if (button.textContent.includes("{keys}")) {{
            button.click();
        }}
    }});
 with arguments: {'keys': 'Click for JS Prompt'}
2025-02-01 12:12:28,307 - browser.browser - INFO - Quit browser session
2025-02-01 12:12:28,884 - root - INFO - Open URL: https://the-internet.herokuapp.com/
2025-02-01 12:12:30,965 - elements.base_element - INFO - Waiting for button 'Main page -> Context Menu page' to be clickable
2025-02-01 12:12:30,990 - elements.base_element - INFO - Clicking on button 'Main page -> Context Menu page'
2025-02-01 12:12:31,240 - elements.base_element - INFO - Attempting to right-click on element: hot-spot for alert
2025-02-01 12:12:31,792 - root - INFO - Switch to alert
2025-02-01 12:12:31,792 - browser.browser - INFO - Switching to alert
2025-02-01 12:12:31,792 - browser.browser - INFO - Waiting for alert to appear with timeout 10 seconds
2025-02-01 12:12:31,803 - root - INFO - Get alert text
2025-02-01 12:12:31,808 - browser.browser - INFO - Accept alert
2025-02-01 12:12:31,809 - browser.browser - INFO - Waiting for alert to appear with timeout 10 seconds
2025-02-01 12:12:31,814 - browser.browser - INFO - Switching to alert
2025-02-01 12:12:31,814 - browser.browser - INFO - Waiting for alert to appear with timeout 10 seconds
2025-02-01 12:12:31,830 - browser.browser - INFO - Alert successfuly accept
2025-02-01 12:12:31,830 - browser.browser - INFO - Quit browser session
2025-02-01 12:12:32,420 - root - INFO - Open URL: https://the-internet.herokuapp.com/
2025-02-01 12:12:34,527 - elements.base_element - INFO - Waiting for button 'Main page -> Dynamic Content page' to be clickable
2025-02-01 12:12:34,552 - elements.base_element - INFO - Clicking on button 'Main page -> Dynamic Content page'
2025-02-01 12:12:44,586 - browser.browser - INFO - Quit browser session
2025-02-01 12:12:45,167 - root - INFO - Open URL: https://the-internet.herokuapp.com/
2025-02-01 12:12:53,954 - elements.base_element - INFO - Waiting for button 'Main page -> Horizontal Slider page' to be clickable
2025-02-01 12:12:53,980 - elements.base_element - INFO - Clicking on button 'Main page -> Horizontal Slider page'
2025-02-01 12:12:54,927 - browser.browser - INFO - Quit browser session
2025-02-01 12:12:55,477 - root - INFO - Open URL: https://the-internet.herokuapp.com/
2025-02-01 12:12:57,377 - elements.base_element - INFO - Waiting for button 'Main page -> Hovers page' to be clickable
2025-02-01 12:12:57,401 - elements.base_element - INFO - Clicking on button 'Main page -> Hovers page'
2025-02-01 12:13:08,637 - browser.browser - INFO - Get current URL
2025-02-01 12:13:08,641 - browser.browser - INFO - Return to previous page
2025-02-01 12:13:09,139 - browser.browser - INFO - Get current URL
2025-02-01 12:13:09,142 - browser.browser - INFO - Return to previous page
2025-02-01 12:13:09,642 - browser.browser - INFO - Get current URL
2025-02-01 12:13:09,646 - browser.browser - INFO - Return to previous page
2025-02-01 12:13:09,653 - browser.browser - INFO - Quit browser session
2025-02-01 12:13:10,191 - root - INFO - Open URL: https://demoqa.com/
2025-02-01 12:14:09,668 - elements.base_element - INFO - Waiting for button 'Main page -> Alerts, Frame & Windows page' to be clickable
2025-02-01 12:14:09,695 - elements.base_element - INFO - Clicking on button 'Main page -> Alerts, Frame & Windows page'
2025-02-01 12:14:10,743 - elements.base_element - ERROR - Timeout while waiting for button 'Main page -> Alerts, Frame & Windows page' to be clickable
2025-02-01 12:14:12,072 - browser.browser - INFO - Quit browser session
2025-02-01 12:14:13,794 - root - INFO - Open URL: https://the-internet.herokuapp.com/
2025-02-01 12:14:15,167 - elements.base_element - INFO - Waiting for button 'Main page -> Infinite Scroll page' to be clickable
2025-02-01 12:14:15,193 - elements.base_element - INFO - Clicking on button 'Main page -> Infinite Scroll page'
2025-02-01 12:16:49,694 - browser.browser - INFO - Quit browser session
2025-02-01 12:16:49,695 - urllib3.connectionpool - WARNING - Retrying (Retry(total=2, connect=None, read=None, redirect=None, status=None)) after connection broken by 'NewConnectionError('<urllib3.connection.HTTPConnection object at 0x7f656f408fe0>: Failed to establish a new connection: [Errno 111] Connection refused')': /session/1dc03092ea7f8c339019709a0b1f325e
2025-02-01 12:16:49,695 - urllib3.connectionpool - WARNING - Retrying (Retry(total=1, connect=None, read=None, redirect=None, status=None)) after connection broken by 'NewConnectionError('<urllib3.connection.HTTPConnection object at 0x7f656f44cc20>: Failed to establish a new connection: [Errno 111] Connection refused')': /session/1dc03092ea7f8c339019709a0b1f325e
2025-02-01 12:16:49,695 - urllib3.connectionpool - WARNING - Retrying (Retry(total=0, connect=None, read=None, redirect=None, status=None)) after connection broken by 'NewConnectionError('<urllib3.connection.HTTPConnection object at 0x7f656f44eb10>: Failed to establish a new connection: [Errno 111] Connection refused')': /session/1dc03092ea7f8c339019709a0b1f325e
2025-02-01 12:27:15,941 - root - INFO - Open URL: https://the-internet.herokuapp.com/
2025-02-01 12:27:26,338 - elements.base_element - INFO - Waiting for button 'Main page -> Alerts page' to be clickable
2025-02-01 12:27:26,370 - elements.base_element - INFO - Clicking on button 'Main page -> Alerts page'
2025-02-01 12:27:27,285 - elements.base_element - INFO - Waiting for button 'JS alerts page -> Alerts button' to be clickable
2025-02-01 12:27:27,302 - elements.base_element - INFO - Clicking on button 'JS alerts page -> Alerts button'
2025-02-01 12:27:27,371 - root - INFO - Switch to alert
2025-02-01 12:27:27,371 - browser.browser - INFO - Switching to alert
2025-02-01 12:27:27,371 - browser.browser - INFO - Waiting for alert to appear with timeout 10 seconds
2025-02-01 12:27:27,382 - root - INFO - Get alert text
2025-02-01 12:27:27,387 - browser.browser - INFO - Accept alert
2025-02-01 12:27:27,388 - browser.browser - INFO - Waiting for alert to appear with timeout 10 seconds
2025-02-01 12:27:27,393 - browser.browser - INFO - Switching to alert
2025-02-01 12:27:27,393 - browser.browser - INFO - Waiting for alert to appear with timeout 10 seconds
2025-02-01 12:27:27,409 - browser.browser - INFO - Alert successfuly accept
2025-02-01 12:27:27,430 - elements.base_element - INFO - Waiting for button 'JS alerts page -> Confirm button' to be clickable
2025-02-01 12:27:27,449 - elements.base_element - INFO - Clicking on button 'JS alerts page -> Confirm button'
2025-02-01 12:27:27,502 - browser.browser - INFO - Switching to alert
2025-02-01 12:27:27,503 - browser.browser - INFO - Waiting for alert to appear with timeout 10 seconds
2025-02-01 12:27:27,514 - root - INFO - Switch to alert
2025-02-01 12:27:27,514 - browser.browser - INFO - Switching to alert
2025-02-01 12:27:27,514 - browser.browser - INFO - Waiting for alert to appear with timeout 10 seconds
2025-02-01 12:27:27,524 - root - INFO - Get alert text
2025-02-01 12:27:27,530 - browser.browser - INFO - Accept alert
2025-02-01 12:27:27,530 - browser.browser - INFO - Waiting for alert to appear with timeout 10 seconds
2025-02-01 12:27:27,535 - browser.browser - INFO - Switching to alert
2025-02-01 12:27:27,535 - browser.browser - INFO - Waiting for alert to appear with timeout 10 seconds
2025-02-01 12:27:27,551 - browser.browser - INFO - Alert successfuly accept
2025-02-01 12:27:27,562 - elements.base_element - INFO - Waiting for button 'JS alerts page -> Prompt button' to be clickable
2025-02-01 12:27:27,581 - elements.base_element - INFO - Clicking on button 'JS alerts page -> Prompt button'
2025-02-01 12:27:27,638 - browser.browser - INFO - Switching to alert
2025-02-01 12:27:27,638 - browser.browser - INFO - Waiting for alert to appear with timeout 10 seconds
2025-02-01 12:27:27,649 - root - INFO - Switch to alert
2025-02-01 12:27:27,649 - browser.browser - INFO - Switching to alert
2025-02-01 12:27:27,649 - browser.browser - INFO - Waiting for alert to appear with timeout 10 seconds
2025-02-01 12:27:27,660 - root - INFO - Get alert text
2025-02-01 12:27:27,665 - browser.browser - INFO - Switching to alert
2025-02-01 12:27:27,666 - browser.browser - INFO - Waiting for alert to appear with timeout 10 seconds
2025-02-01 12:27:27,676 - browser.browser - INFO - Sending keys in alert: done
2025-02-01 12:27:27,681 - browser.browser - INFO - Accept alert
2025-02-01 12:27:27,681 - browser.browser - INFO - Waiting for alert to appear with timeout 10 seconds
2025-02-01 12:27:27,687 - browser.browser - INFO - Switching to alert
2025-02-01 12:27:27,687 - browser.browser - INFO - Waiting for alert to appear with timeout 10 seconds
2025-02-01 12:27:27,704 - browser.browser - INFO - Alert successfuly accept
2025-02-01 12:27:27,719 - browser.browser - INFO - Quit browser session
2025-02-01 12:27:28,343 - root - INFO - Open URL: https://the-internet.herokuapp.com/
2025-02-01 12:27:30,471 - elements.base_element - INFO - Waiting for button 'Main page -> Alerts page' to be clickable
2025-02-01 12:27:30,497 - elements.base_element - INFO - Clicking on button 'Main page -> Alerts page'
2025-02-01 12:27:30,769 - browser.browser - INFO - Executing script: 
    document.querySelectorAll('button').forEach(function(button) {{
        if (button.textContent.includes("{keys}")) {{
            button.click();
        }}
    }});
 with arguments: {'keys': 'Click for JS Alert'}
2025-02-01 12:27:30,786 - browser.browser - INFO - Accept alert
2025-02-01 12:27:30,787 - browser.browser - INFO - Waiting for alert to appear with timeout 10 seconds
2025-02-01 12:27:30,792 - browser.browser - INFO - Switching to alert
2025-02-01 12:27:30,792 - browser.browser - INFO - Waiting for alert to appear with timeout 10 seconds
2025-02-01 12:27:30,808 - browser.browser - INFO - Alert successfuly accept
2025-02-01 12:27:30,852 - browser.browser - INFO - Executing script: 
    document.querySelectorAll('button').forEach(function(button) {{
        if (button.textContent.includes("{keys}")) {{
            button.click();
        }}
    }});
 with arguments: {'keys': 'Click for JS Confirm'}
2025-02-01 12:27:30,866 - browser.browser - INFO - Accept alert
2025-02-01 12:27:30,867 - browser.browser - INFO - Waiting for alert to appear with timeout 10 seconds
2025-02-01 12:27:30,872 - browser.browser - INFO - Switching to alert
2025-02-01 12:27:30,872 - browser.browser - INFO - Waiting for alert to appear with timeout 10 seconds
2025-02-01 12:27:30,888 - browser.browser - INFO - Alert successfuly accept
2025-02-01 12:27:30,905 - browser.browser - INFO - Executing script: 
    window.prompt = function(message, defaultValue) {{
        return '{keys}';
    }};
     with arguments: {'keys': 'done'}
2025-02-01 12:27:30,909 - browser.browser - INFO - Executing script: 
    document.querySelectorAll('button').forEach(function(button) {{
        if (button.textContent.includes("{keys}")) {{
            button.click();
        }}
    }});
 with arguments: {'keys': 'Click for JS Prompt'}
2025-02-01 12:27:30,924 - browser.browser - INFO - Quit browser session
2025-02-01 12:27:31,472 - root - INFO - Open URL: https://the-internet.herokuapp.com/
2025-02-01 12:27:40,736 - elements.base_element - INFO - Waiting for button 'Main page -> Context Menu page' to be clickable
2025-02-01 12:27:40,762 - elements.base_element - INFO - Clicking on button 'Main page -> Context Menu page'
2025-02-01 12:27:41,584 - elements.base_element - INFO - Attempting to right-click on element: hot-spot for alert
2025-02-01 12:27:42,138 - root - INFO - Switch to alert
2025-02-01 12:27:42,138 - browser.browser - INFO - Switching to alert
2025-02-01 12:27:42,138 - browser.browser - INFO - Waiting for alert to appear with timeout 10 seconds
2025-02-01 12:27:42,149 - root - INFO - Get alert text
2025-02-01 12:27:42,154 - browser.browser - INFO - Accept alert
2025-02-01 12:27:42,154 - browser.browser - INFO - Waiting for alert to appear with timeout 10 seconds
2025-02-01 12:27:42,159 - browser.browser - INFO - Switching to alert
2025-02-01 12:27:42,159 - browser.browser - INFO - Waiting for alert to appear with timeout 10 seconds
2025-02-01 12:27:42,175 - browser.browser - INFO - Alert successfuly accept
2025-02-01 12:27:42,176 - browser.browser - INFO - Quit browser session
2025-02-01 12:27:42,783 - root - INFO - Open URL: https://the-internet.herokuapp.com/
2025-02-01 12:27:44,880 - elements.base_element - INFO - Waiting for button 'Main page -> Dynamic Content page' to be clickable
2025-02-01 12:27:44,905 - elements.base_element - INFO - Clicking on button 'Main page -> Dynamic Content page'
2025-02-01 12:27:55,040 - browser.browser - INFO - Quit browser session
2025-02-01 12:27:55,676 - root - INFO - Open URL: https://the-internet.herokuapp.com/
2025-02-01 12:27:57,811 - elements.base_element - INFO - Waiting for button 'Main page -> Horizontal Slider page' to be clickable
2025-02-01 12:27:57,836 - elements.base_element - INFO - Clicking on button 'Main page -> Horizontal Slider page'
2025-02-01 12:27:58,242 - browser.browser - INFO - Quit browser session
2025-02-01 12:27:58,815 - root - INFO - Open URL: https://the-internet.herokuapp.com/
2025-02-01 12:28:00,962 - elements.base_element - INFO - Waiting for button 'Main page -> Hovers page' to be clickable
2025-02-01 12:28:00,986 - elements.base_element - INFO - Clicking on button 'Main page -> Hovers page'
2025-02-01 12:28:12,340 - browser.browser - INFO - Get current URL
2025-02-01 12:28:12,345 - browser.browser - INFO - Return to previous page
2025-02-01 12:28:12,868 - browser.browser - INFO - Get current URL
2025-02-01 12:28:12,871 - browser.browser - INFO - Return to previous page
2025-02-01 12:28:13,381 - browser.browser - INFO - Get current URL
2025-02-01 12:28:13,385 - browser.browser - INFO - Return to previous page
2025-02-01 12:28:13,393 - browser.browser - INFO - Quit browser session
2025-02-01 12:28:13,937 - root - INFO - Open URL: https://demoqa.com/
2025-02-01 12:28:44,502 - elements.base_element - INFO - Waiting for button 'Main page -> Alerts, Frame & Windows page' to be clickable
2025-02-01 12:28:44,527 - elements.base_element - INFO - Clicking on button 'Main page -> Alerts, Frame & Windows page'
2025-02-01 12:28:45,577 - elements.base_element - ERROR - Timeout while waiting for button 'Main page -> Alerts, Frame & Windows page' to be clickable
2025-02-01 12:28:46,856 - browser.browser - INFO - Quit browser session
2025-02-01 12:28:47,505 - root - INFO - Open URL: https://the-internet.herokuapp.com/
2025-02-01 12:28:49,610 - elements.base_element - INFO - Waiting for button 'Main page -> Infinite Scroll page' to be clickable
2025-02-01 12:28:49,634 - elements.base_element - INFO - Clicking on button 'Main page -> Infinite Scroll page'
2025-02-01 12:29:56,469 - browser.browser - INFO - Quit browser session
2025-02-01 12:29:56,469 - urllib3.connectionpool - WARNING - Retrying (Retry(total=2, connect=None, read=None, redirect=None, status=None)) after connection broken by 'NewConnectionError('<urllib3.connection.HTTPConnection object at 0x7f2116a02de0>: Failed to establish a new connection: [Errno 111] Connection refused')': /session/1de85d0f0e1e194b799d523f0d42318e
2025-02-01 12:29:56,470 - urllib3.connectionpool - WARNING - Retrying (Retry(total=1, connect=None, read=None, redirect=None, status=None)) after connection broken by 'NewConnectionError('<urllib3.connection.HTTPConnection object at 0x7f2116a2d160>: Failed to establish a new connection: [Errno 111] Connection refused')': /session/1de85d0f0e1e194b799d523f0d42318e
2025-02-01 12:29:56,470 - urllib3.connectionpool - WARNING - Retrying (Retry(total=0, connect=None, read=None, redirect=None, status=None)) after connection broken by 'NewConnectionError('<urllib3.connection.HTTPConnection object at 0x7f2116a2ebd0>: Failed to establish a new connection: [Errno 111] Connection refused')': /session/1de85d0f0e1e194b799d523f0d42318e
2025-02-01 12:34:29,745 - root - INFO - Open URL: https://the-internet.herokuapp.com/
2025-02-01 12:34:31,873 - elements.base_element - INFO - Waiting for button 'Main page -> Alerts page' to be clickable
2025-02-01 12:34:31,902 - elements.base_element - INFO - Clicking on button 'Main page -> Alerts page'
2025-02-01 12:34:31,903 - elements.base_element - ERROR - Timeout while waiting for button 'Main page -> Alerts page' to be clickable
2025-02-01 12:34:33,118 - browser.browser - INFO - Quit browser session
2025-02-01 12:34:33,687 - root - INFO - Open URL: https://the-internet.herokuapp.com/
2025-02-01 12:34:35,803 - elements.base_element - INFO - Waiting for button 'Main page -> Alerts page' to be clickable
2025-02-01 12:34:35,830 - elements.base_element - INFO - Clicking on button 'Main page -> Alerts page'
2025-02-01 12:34:35,831 - elements.base_element - ERROR - Timeout while waiting for button 'Main page -> Alerts page' to be clickable
2025-02-01 12:34:35,870 - browser.browser - INFO - Quit browser session
2025-02-01 12:34:36,451 - root - INFO - Open URL: https://the-internet.herokuapp.com/
2025-02-01 12:34:44,355 - elements.base_element - INFO - Waiting for button 'Main page -> Context Menu page' to be clickable
2025-02-01 12:34:44,381 - elements.base_element - INFO - Clicking on button 'Main page -> Context Menu page'
2025-02-01 12:34:44,381 - elements.base_element - ERROR - Timeout while waiting for button 'Main page -> Context Menu page' to be clickable
2025-02-01 12:34:44,421 - browser.browser - INFO - Quit browser session
2025-02-01 12:34:44,956 - root - INFO - Open URL: https://the-internet.herokuapp.com/
2025-02-01 12:34:47,078 - elements.base_element - INFO - Waiting for button 'Main page -> Dynamic Content page' to be clickable
2025-02-01 12:34:47,103 - elements.base_element - INFO - Clicking on button 'Main page -> Dynamic Content page'
2025-02-01 12:34:47,104 - elements.base_element - ERROR - Timeout while waiting for button 'Main page -> Dynamic Content page' to be clickable
2025-02-01 12:34:47,143 - browser.browser - INFO - Quit browser session
2025-02-01 12:34:47,733 - root - INFO - Open URL: https://the-internet.herokuapp.com/
2025-02-01 12:34:49,649 - elements.base_element - INFO - Waiting for button 'Main page -> Horizontal Slider page' to be clickable
2025-02-01 12:34:49,675 - elements.base_element - INFO - Clicking on button 'Main page -> Horizontal Slider page'
2025-02-01 12:34:49,675 - elements.base_element - ERROR - Timeout while waiting for button 'Main page -> Horizontal Slider page' to be clickable
2025-02-01 12:34:49,721 - browser.browser - INFO - Quit browser session
2025-02-01 12:34:50,300 - root - INFO - Open URL: https://the-internet.herokuapp.com/
2025-02-01 12:34:52,445 - elements.base_element - INFO - Waiting for button 'Main page -> Hovers page' to be clickable
2025-02-01 12:34:52,471 - elements.base_element - INFO - Clicking on button 'Main page -> Hovers page'
2025-02-01 12:34:52,472 - elements.base_element - ERROR - Timeout while waiting for button 'Main page -> Hovers page' to be clickable
2025-02-01 12:34:52,513 - browser.browser - INFO - Quit browser session
2025-02-01 12:34:53,068 - root - INFO - Open URL: https://demoqa.com/
2025-02-01 12:35:23,584 - elements.base_element - INFO - Waiting for button 'Main page -> Alerts, Frame & Windows page' to be clickable
2025-02-01 12:35:23,607 - elements.base_element - INFO - Clicking on button 'Main page -> Alerts, Frame & Windows page'
2025-02-01 12:35:23,608 - elements.base_element - ERROR - Timeout while waiting for button 'Main page -> Alerts, Frame & Windows page' to be clickable
2025-02-01 12:35:23,648 - browser.browser - INFO - Quit browser session
2025-02-01 12:35:24,204 - root - INFO - Open URL: https://the-internet.herokuapp.com/
2025-02-01 12:35:26,391 - elements.base_element - INFO - Waiting for button 'Main page -> Infinite Scroll page' to be clickable
2025-02-01 12:35:26,431 - elements.base_element - INFO - Clicking on button 'Main page -> Infinite Scroll page'
2025-02-01 12:35:26,432 - elements.base_element - ERROR - Timeout while waiting for button 'Main page -> Infinite Scroll page' to be clickable
2025-02-01 12:35:26,470 - browser.browser - INFO - Quit browser session
2025-02-01 12:35:28,069 - root - INFO - Open URL: https://the-internet.herokuapp.com/
2025-02-01 12:35:30,175 - elements.base_element - INFO - Waiting for button 'Main page -> File Upload page' to be clickable
2025-02-01 12:35:30,199 - elements.base_element - INFO - Clicking on button 'Main page -> File Upload page'
2025-02-01 12:35:30,200 - elements.base_element - ERROR - Timeout while waiting for button 'Main page -> File Upload page' to be clickable
2025-02-01 12:35:30,247 - browser.browser - INFO - Quit browser session
2025-02-01 12:35:30,826 - root - INFO - Open URL: https://the-internet.herokuapp.com/
2025-02-01 12:35:33,018 - elements.base_element - INFO - Waiting for button 'Main page -> File Upload page' to be clickable
2025-02-01 12:35:33,042 - elements.base_element - INFO - Clicking on button 'Main page -> File Upload page'
2025-02-01 12:35:33,042 - elements.base_element - ERROR - Timeout while waiting for button 'Main page -> File Upload page' to be clickable
2025-02-01 12:35:33,079 - browser.browser - INFO - Quit browser session
2025-02-01 12:36:08,013 - root - INFO - Open URL: https://the-internet.herokuapp.com/
2025-02-01 12:36:09,953 - elements.base_element - INFO - Waiting for button 'Main page -> Alerts page' to be clickable
2025-02-01 12:36:09,985 - elements.base_element - INFO - Clicking on button 'Main page -> Alerts page'
2025-02-01 12:36:09,986 - elements.base_element - ERROR - Timeout while waiting for button 'Main page -> Alerts page' to be clickable
2025-02-01 12:36:11,206 - browser.browser - INFO - Quit browser session
2025-02-01 12:36:11,827 - root - INFO - Open URL: https://the-internet.herokuapp.com/
2025-02-01 12:36:13,934 - elements.base_element - INFO - Waiting for button 'Main page -> Alerts page' to be clickable
2025-02-01 12:36:13,959 - elements.base_element - INFO - Clicking on button 'Main page -> Alerts page'
2025-02-01 12:36:13,959 - elements.base_element - ERROR - Timeout while waiting for button 'Main page -> Alerts page' to be clickable
2025-02-01 12:36:13,987 - browser.browser - INFO - Quit browser session
2025-02-01 12:36:14,566 - root - INFO - Open URL: https://the-internet.herokuapp.com/
2025-02-01 12:36:16,488 - elements.base_element - INFO - Waiting for button 'Main page -> Context Menu page' to be clickable
2025-02-01 12:36:16,514 - elements.base_element - INFO - Clicking on button 'Main page -> Context Menu page'
2025-02-01 12:36:16,514 - elements.base_element - ERROR - Timeout while waiting for button 'Main page -> Context Menu page' to be clickable
2025-02-01 12:36:16,544 - browser.browser - INFO - Quit browser session
2025-02-01 12:36:17,078 - root - INFO - Open URL: https://the-internet.herokuapp.com/
2025-02-01 12:36:18,822 - elements.base_element - INFO - Waiting for button 'Main page -> Dynamic Content page' to be clickable
2025-02-01 12:36:18,849 - elements.base_element - INFO - Clicking on button 'Main page -> Dynamic Content page'
2025-02-01 12:36:18,849 - elements.base_element - ERROR - Timeout while waiting for button 'Main page -> Dynamic Content page' to be clickable
2025-02-01 12:36:18,879 - browser.browser - INFO - Quit browser session
2025-02-01 12:36:19,464 - root - INFO - Open URL: https://the-internet.herokuapp.com/
2025-02-01 12:36:21,565 - elements.base_element - INFO - Waiting for button 'Main page -> Horizontal Slider page' to be clickable
2025-02-01 12:36:21,591 - elements.base_element - INFO - Clicking on button 'Main page -> Horizontal Slider page'
2025-02-01 12:36:21,591 - elements.base_element - ERROR - Timeout while waiting for button 'Main page -> Horizontal Slider page' to be clickable
2025-02-01 12:36:21,621 - browser.browser - INFO - Quit browser session
2025-02-01 12:36:40,383 - root - INFO - Open URL: https://the-internet.herokuapp.com/
2025-02-01 12:36:42,842 - elements.base_element - INFO - Waiting for button 'Main page -> Alerts page' to be clickable
2025-02-01 12:36:42,872 - elements.base_element - INFO - Clicking on button 'Main page -> Alerts page'
2025-02-01 12:36:43,153 - elements.base_element - INFO - Waiting for button 'JS alerts page -> Alerts button' to be clickable
2025-02-01 12:36:43,171 - elements.base_element - INFO - Clicking on button 'JS alerts page -> Alerts button'
2025-02-01 12:36:43,242 - root - INFO - Switch to alert
2025-02-01 12:36:43,242 - browser.browser - INFO - Switching to alert
2025-02-01 12:36:43,242 - browser.browser - INFO - Waiting for alert to appear with timeout 10 seconds
2025-02-01 12:36:43,253 - root - INFO - Get alert text
2025-02-01 12:36:43,258 - browser.browser - INFO - Accept alert
2025-02-01 12:36:43,258 - browser.browser - INFO - Waiting for alert to appear with timeout 10 seconds
2025-02-01 12:36:43,263 - browser.browser - INFO - Switching to alert
2025-02-01 12:36:43,263 - browser.browser - INFO - Waiting for alert to appear with timeout 10 seconds
2025-02-01 12:36:43,279 - browser.browser - INFO - Alert successfuly accept
2025-02-01 12:36:43,300 - elements.base_element - INFO - Waiting for button 'JS alerts page -> Confirm button' to be clickable
2025-02-01 12:36:43,318 - elements.base_element - INFO - Clicking on button 'JS alerts page -> Confirm button'
2025-02-01 12:36:43,370 - browser.browser - INFO - Switching to alert
2025-02-01 12:36:43,371 - browser.browser - INFO - Waiting for alert to appear with timeout 10 seconds
2025-02-01 12:36:43,382 - root - INFO - Switch to alert
2025-02-01 12:36:43,382 - browser.browser - INFO - Switching to alert
2025-02-01 12:36:43,382 - browser.browser - INFO - Waiting for alert to appear with timeout 10 seconds
2025-02-01 12:36:43,392 - root - INFO - Get alert text
2025-02-01 12:36:43,398 - browser.browser - INFO - Accept alert
2025-02-01 12:36:43,398 - browser.browser - INFO - Waiting for alert to appear with timeout 10 seconds
2025-02-01 12:36:43,403 - browser.browser - INFO - Switching to alert
2025-02-01 12:36:43,403 - browser.browser - INFO - Waiting for alert to appear with timeout 10 seconds
2025-02-01 12:36:43,419 - browser.browser - INFO - Alert successfuly accept
2025-02-01 12:36:43,431 - elements.base_element - INFO - Waiting for button 'JS alerts page -> Prompt button' to be clickable
2025-02-01 12:36:43,450 - elements.base_element - INFO - Clicking on button 'JS alerts page -> Prompt button'
2025-02-01 12:36:43,503 - browser.browser - INFO - Switching to alert
2025-02-01 12:36:43,504 - browser.browser - INFO - Waiting for alert to appear with timeout 10 seconds
2025-02-01 12:36:43,514 - root - INFO - Switch to alert
2025-02-01 12:36:43,515 - browser.browser - INFO - Switching to alert
2025-02-01 12:36:43,515 - browser.browser - INFO - Waiting for alert to appear with timeout 10 seconds
2025-02-01 12:36:43,525 - root - INFO - Get alert text
2025-02-01 12:36:43,530 - browser.browser - INFO - Switching to alert
2025-02-01 12:36:43,531 - browser.browser - INFO - Waiting for alert to appear with timeout 10 seconds
2025-02-01 12:36:43,541 - browser.browser - INFO - Sending keys in alert: done
2025-02-01 12:36:43,546 - browser.browser - INFO - Accept alert
2025-02-01 12:36:43,547 - browser.browser - INFO - Waiting for alert to appear with timeout 10 seconds
2025-02-01 12:36:43,552 - browser.browser - INFO - Switching to alert
2025-02-01 12:36:43,552 - browser.browser - INFO - Waiting for alert to appear with timeout 10 seconds
2025-02-01 12:36:43,568 - browser.browser - INFO - Alert successfuly accept
2025-02-01 12:36:43,580 - browser.browser - INFO - Quit browser session
2025-02-01 12:36:44,153 - root - INFO - Open URL: https://the-internet.herokuapp.com/
2025-02-01 12:36:46,254 - elements.base_element - INFO - Waiting for button 'Main page -> Alerts page' to be clickable
2025-02-01 12:36:46,279 - elements.base_element - INFO - Clicking on button 'Main page -> Alerts page'
2025-02-01 12:36:46,550 - browser.browser - INFO - Executing script: 
    document.querySelectorAll('button').forEach(function(button) {{
        if (button.textContent.includes("{keys}")) {{
            button.click();
        }}
    }});
 with arguments: {'keys': 'Click for JS Alert'}
2025-02-01 12:36:46,567 - browser.browser - INFO - Accept alert
2025-02-01 12:36:46,567 - browser.browser - INFO - Waiting for alert to appear with timeout 10 seconds
2025-02-01 12:36:46,573 - browser.browser - INFO - Switching to alert
2025-02-01 12:36:46,573 - browser.browser - INFO - Waiting for alert to appear with timeout 10 seconds
2025-02-01 12:36:46,589 - browser.browser - INFO - Alert successfuly accept
2025-02-01 12:36:46,633 - browser.browser - INFO - Executing script: 
    document.querySelectorAll('button').forEach(function(button) {{
        if (button.textContent.includes("{keys}")) {{
            button.click();
        }}
    }});
 with arguments: {'keys': 'Click for JS Confirm'}
2025-02-01 12:36:46,648 - browser.browser - INFO - Accept alert
2025-02-01 12:36:46,648 - browser.browser - INFO - Waiting for alert to appear with timeout 10 seconds
2025-02-01 12:36:46,653 - browser.browser - INFO - Switching to alert
2025-02-01 12:36:46,653 - browser.browser - INFO - Waiting for alert to appear with timeout 10 seconds
2025-02-01 12:36:46,670 - browser.browser - INFO - Alert successfuly accept
2025-02-01 12:36:46,686 - browser.browser - INFO - Executing script: 
    window.prompt = function(message, defaultValue) {{
        return '{keys}';
    }};
     with arguments: {'keys': 'done'}
2025-02-01 12:36:46,690 - browser.browser - INFO - Executing script: 
    document.querySelectorAll('button').forEach(function(button) {{
        if (button.textContent.includes("{keys}")) {{
            button.click();
        }}
    }});
 with arguments: {'keys': 'Click for JS Prompt'}
2025-02-01 12:36:46,705 - browser.browser - INFO - Quit browser session
2025-02-01 12:36:47,232 - root - INFO - Open URL: https://the-internet.herokuapp.com/
2025-02-01 12:36:49,327 - elements.base_element - INFO - Waiting for button 'Main page -> Context Menu page' to be clickable
2025-02-01 12:36:49,351 - elements.base_element - INFO - Clicking on button 'Main page -> Context Menu page'
2025-02-01 12:36:49,602 - elements.base_element - INFO - Attempting to right-click on element: hot-spot for alert
2025-02-01 12:36:50,153 - root - INFO - Switch to alert
2025-02-01 12:36:50,154 - browser.browser - INFO - Switching to alert
2025-02-01 12:36:50,154 - browser.browser - INFO - Waiting for alert to appear with timeout 10 seconds
2025-02-01 12:36:50,165 - root - INFO - Get alert text
2025-02-01 12:36:50,170 - browser.browser - INFO - Accept alert
2025-02-01 12:36:50,171 - browser.browser - INFO - Waiting for alert to appear with timeout 10 seconds
2025-02-01 12:36:50,176 - browser.browser - INFO - Switching to alert
2025-02-01 12:36:50,176 - browser.browser - INFO - Waiting for alert to appear with timeout 10 seconds
2025-02-01 12:36:50,192 - browser.browser - INFO - Alert successfuly accept
2025-02-01 12:36:50,193 - browser.browser - INFO - Quit browser session
2025-02-01 12:36:50,072 - root - INFO - Open URL: https://the-internet.herokuapp.com/
2025-02-01 12:36:51,973 - elements.base_element - INFO - Waiting for button 'Main page -> Dynamic Content page' to be clickable
2025-02-01 12:36:51,999 - elements.base_element - INFO - Clicking on button 'Main page -> Dynamic Content page'
2025-02-01 12:37:02,794 - browser.browser - INFO - Quit browser session
2025-02-01 12:37:03,359 - root - INFO - Open URL: https://the-internet.herokuapp.com/
2025-02-01 12:37:05,492 - elements.base_element - INFO - Waiting for button 'Main page -> Horizontal Slider page' to be clickable
2025-02-01 12:37:05,516 - elements.base_element - INFO - Clicking on button 'Main page -> Horizontal Slider page'
2025-02-01 12:37:05,891 - browser.browser - INFO - Quit browser session
2025-02-01 12:37:06,450 - root - INFO - Open URL: https://the-internet.herokuapp.com/
2025-02-01 12:37:15,245 - elements.base_element - INFO - Waiting for button 'Main page -> Hovers page' to be clickable
2025-02-01 12:37:15,269 - elements.base_element - INFO - Clicking on button 'Main page -> Hovers page'
2025-02-01 12:37:26,382 - browser.browser - INFO - Get current URL
2025-02-01 12:37:26,386 - browser.browser - INFO - Return to previous page
2025-02-01 12:37:26,909 - browser.browser - INFO - Get current URL
2025-02-01 12:37:26,913 - browser.browser - INFO - Return to previous page
2025-02-01 12:37:27,412 - browser.browser - INFO - Get current URL
2025-02-01 12:37:27,415 - browser.browser - INFO - Return to previous page
2025-02-01 12:37:27,422 - browser.browser - INFO - Quit browser session
2025-02-01 12:37:29,024 - root - INFO - Open URL: https://demoqa.com/
2025-02-01 12:37:59,474 - elements.base_element - INFO - Waiting for button 'Main page -> Alerts, Frame & Windows page' to be clickable
2025-02-01 12:37:59,498 - elements.base_element - INFO - Clicking on button 'Main page -> Alerts, Frame & Windows page'
2025-02-01 12:38:00,544 - elements.base_element - ERROR - Timeout while waiting for button 'Main page -> Alerts, Frame & Windows page' to be clickable
2025-02-01 12:38:01,823 - browser.browser - INFO - Quit browser session
2025-02-01 12:38:02,476 - root - INFO - Open URL: https://the-internet.herokuapp.com/
2025-02-01 12:38:13,031 - elements.base_element - INFO - Waiting for button 'Main page -> Infinite Scroll page' to be clickable
2025-02-01 12:38:13,055 - elements.base_element - INFO - Clicking on button 'Main page -> Infinite Scroll page'
2025-02-01 12:39:43,261 - browser.browser - INFO - Quit browser session
2025-02-01 12:39:43,262 - urllib3.connectionpool - WARNING - Retrying (Retry(total=2, connect=None, read=None, redirect=None, status=None)) after connection broken by 'NewConnectionError('<urllib3.connection.HTTPConnection object at 0x7f067e11cb30>: Failed to establish a new connection: [Errno 111] Connection refused')': /session/b7e72bc7f8e95e9fa1902aaf49a87fdb
2025-02-01 12:39:43,262 - urllib3.connectionpool - WARNING - Retrying (Retry(total=1, connect=None, read=None, redirect=None, status=None)) after connection broken by 'NewConnectionError('<urllib3.connection.HTTPConnection object at 0x7f067e194fe0>: Failed to establish a new connection: [Errno 111] Connection refused')': /session/b7e72bc7f8e95e9fa1902aaf49a87fdb
2025-02-01 12:39:43,262 - urllib3.connectionpool - WARNING - Retrying (Retry(total=0, connect=None, read=None, redirect=None, status=None)) after connection broken by 'NewConnectionError('<urllib3.connection.HTTPConnection object at 0x7f067e196ba0>: Failed to establish a new connection: [Errno 111] Connection refused')': /session/b7e72bc7f8e95e9fa1902aaf49a87fdb
2025-02-01 12:40:20,047 - root - INFO - Open URL: https://the-internet.herokuapp.com/
2025-02-01 12:40:22,216 - elements.base_element - INFO - Waiting for button 'Main page -> Alerts page' to be clickable
2025-02-01 12:40:22,246 - elements.base_element - INFO - Clicking on button 'Main page -> Alerts page'
2025-02-01 12:40:22,520 - elements.base_element - INFO - Waiting for button 'JS alerts page -> Alerts button' to be clickable
2025-02-01 12:40:22,536 - elements.base_element - INFO - Clicking on button 'JS alerts page -> Alerts button'
2025-02-01 12:40:22,601 - root - INFO - Switch to alert
2025-02-01 12:40:22,601 - browser.browser - INFO - Switching to alert
2025-02-01 12:40:22,602 - browser.browser - INFO - Waiting for alert to appear with timeout 10 seconds
2025-02-01 12:40:22,612 - root - INFO - Get alert text
2025-02-01 12:40:22,618 - browser.browser - INFO - Accept alert
2025-02-01 12:40:22,618 - browser.browser - INFO - Waiting for alert to appear with timeout 10 seconds
2025-02-01 12:40:22,624 - browser.browser - INFO - Switching to alert
2025-02-01 12:40:22,624 - browser.browser - INFO - Waiting for alert to appear with timeout 10 seconds
2025-02-01 12:40:22,641 - browser.browser - INFO - Alert successfuly accept
2025-02-01 12:40:22,661 - elements.base_element - INFO - Waiting for button 'JS alerts page -> Confirm button' to be clickable
2025-02-01 12:40:22,681 - elements.base_element - INFO - Clicking on button 'JS alerts page -> Confirm button'
2025-02-01 12:40:22,739 - browser.browser - INFO - Switching to alert
2025-02-01 12:40:22,740 - browser.browser - INFO - Waiting for alert to appear with timeout 10 seconds
2025-02-01 12:40:22,750 - root - INFO - Switch to alert
2025-02-01 12:40:22,750 - browser.browser - INFO - Switching to alert
2025-02-01 12:40:22,751 - browser.browser - INFO - Waiting for alert to appear with timeout 10 seconds
2025-02-01 12:40:22,761 - root - INFO - Get alert text
2025-02-01 12:40:22,766 - browser.browser - INFO - Accept alert
2025-02-01 12:40:22,767 - browser.browser - INFO - Waiting for alert to appear with timeout 10 seconds
2025-02-01 12:40:22,772 - browser.browser - INFO - Switching to alert
2025-02-01 12:40:22,772 - browser.browser - INFO - Waiting for alert to appear with timeout 10 seconds
2025-02-01 12:40:22,788 - browser.browser - INFO - Alert successfuly accept
2025-02-01 12:40:22,801 - elements.base_element - INFO - Waiting for button 'JS alerts page -> Prompt button' to be clickable
2025-02-01 12:40:22,819 - elements.base_element - INFO - Clicking on button 'JS alerts page -> Prompt button'
2025-02-01 12:40:22,872 - browser.browser - INFO - Switching to alert
2025-02-01 12:40:22,873 - browser.browser - INFO - Waiting for alert to appear with timeout 10 seconds
2025-02-01 12:40:22,883 - root - INFO - Switch to alert
2025-02-01 12:40:22,884 - browser.browser - INFO - Switching to alert
2025-02-01 12:40:22,884 - browser.browser - INFO - Waiting for alert to appear with timeout 10 seconds
2025-02-01 12:40:22,894 - root - INFO - Get alert text
2025-02-01 12:40:22,900 - browser.browser - INFO - Switching to alert
2025-02-01 12:40:22,900 - browser.browser - INFO - Waiting for alert to appear with timeout 10 seconds
2025-02-01 12:40:22,910 - browser.browser - INFO - Sending keys in alert: done
2025-02-01 12:40:22,915 - browser.browser - INFO - Accept alert
2025-02-01 12:40:22,915 - browser.browser - INFO - Waiting for alert to appear with timeout 10 seconds
2025-02-01 12:40:22,921 - browser.browser - INFO - Switching to alert
2025-02-01 12:40:22,921 - browser.browser - INFO - Waiting for alert to appear with timeout 10 seconds
2025-02-01 12:40:22,937 - browser.browser - INFO - Alert successfuly accept
2025-02-01 12:40:22,949 - browser.browser - INFO - Quit browser session
2025-02-01 12:40:23,519 - root - INFO - Open URL: https://the-internet.herokuapp.com/
2025-02-01 12:40:25,726 - elements.base_element - INFO - Waiting for button 'Main page -> Alerts page' to be clickable
2025-02-01 12:40:25,751 - elements.base_element - INFO - Clicking on button 'Main page -> Alerts page'
2025-02-01 12:40:26,034 - browser.browser - INFO - Executing script: 
    document.querySelectorAll('button').forEach(function(button) {{
        if (button.textContent.includes("{keys}")) {{
            button.click();
        }}
    }});
 with arguments: {'keys': 'Click for JS Alert'}
2025-02-01 12:40:26,050 - browser.browser - INFO - Accept alert
2025-02-01 12:40:26,051 - browser.browser - INFO - Waiting for alert to appear with timeout 10 seconds
2025-02-01 12:40:26,056 - browser.browser - INFO - Switching to alert
2025-02-01 12:40:26,056 - browser.browser - INFO - Waiting for alert to appear with timeout 10 seconds
2025-02-01 12:40:26,073 - browser.browser - INFO - Alert successfuly accept
2025-02-01 12:40:26,119 - browser.browser - INFO - Executing script: 
    document.querySelectorAll('button').forEach(function(button) {{
        if (button.textContent.includes("{keys}")) {{
            button.click();
        }}
    }});
 with arguments: {'keys': 'Click for JS Confirm'}
2025-02-01 12:40:26,133 - browser.browser - INFO - Accept alert
2025-02-01 12:40:26,134 - browser.browser - INFO - Waiting for alert to appear with timeout 10 seconds
2025-02-01 12:40:26,139 - browser.browser - INFO - Switching to alert
2025-02-01 12:40:26,139 - browser.browser - INFO - Waiting for alert to appear with timeout 10 seconds
2025-02-01 12:40:26,155 - browser.browser - INFO - Alert successfuly accept
2025-02-01 12:40:26,172 - browser.browser - INFO - Executing script: 
    window.prompt = function(message, defaultValue) {{
        return '{keys}';
    }};
     with arguments: {'keys': 'done'}
2025-02-01 12:40:26,176 - browser.browser - INFO - Executing script: 
    document.querySelectorAll('button').forEach(function(button) {{
        if (button.textContent.includes("{keys}")) {{
            button.click();
        }}
    }});
 with arguments: {'keys': 'Click for JS Prompt'}
2025-02-01 12:40:26,192 - browser.browser - INFO - Quit browser session
2025-02-01 12:40:26,730 - root - INFO - Open URL: https://the-internet.herokuapp.com/
2025-02-01 12:40:29,333 - elements.base_element - INFO - Waiting for button 'Main page -> Context Menu page' to be clickable
2025-02-01 12:40:29,357 - elements.base_element - INFO - Clicking on button 'Main page -> Context Menu page'
2025-02-01 12:40:29,616 - elements.base_element - INFO - Attempting to right-click on element: hot-spot for alert
2025-02-01 12:40:30,180 - root - INFO - Switch to alert
2025-02-01 12:40:30,180 - browser.browser - INFO - Switching to alert
2025-02-01 12:40:30,180 - browser.browser - INFO - Waiting for alert to appear with timeout 10 seconds
2025-02-01 12:40:30,191 - root - INFO - Get alert text
2025-02-01 12:40:30,197 - browser.browser - INFO - Accept alert
2025-02-01 12:40:30,197 - browser.browser - INFO - Waiting for alert to appear with timeout 10 seconds
2025-02-01 12:40:30,202 - browser.browser - INFO - Switching to alert
2025-02-01 12:40:30,202 - browser.browser - INFO - Waiting for alert to appear with timeout 10 seconds
2025-02-01 12:40:30,218 - browser.browser - INFO - Alert successfuly accept
2025-02-01 12:40:30,218 - browser.browser - INFO - Quit browser session
2025-02-01 12:40:30,823 - root - INFO - Open URL: https://the-internet.herokuapp.com/
2025-02-01 12:40:34,389 - elements.base_element - INFO - Waiting for button 'Main page -> Dynamic Content page' to be clickable
2025-02-01 12:40:34,414 - elements.base_element - INFO - Clicking on button 'Main page -> Dynamic Content page'
2025-02-01 12:40:45,313 - browser.browser - INFO - Quit browser session
2025-02-01 12:40:45,895 - root - INFO - Open URL: https://the-internet.herokuapp.com/
2025-02-01 12:40:48,071 - elements.base_element - INFO - Waiting for button 'Main page -> Horizontal Slider page' to be clickable
2025-02-01 12:40:48,096 - elements.base_element - INFO - Clicking on button 'Main page -> Horizontal Slider page'
2025-02-01 12:40:48,499 - browser.browser - INFO - Quit browser session
2025-02-01 12:40:49,025 - root - INFO - Open URL: https://the-internet.herokuapp.com/
2025-02-01 12:40:51,211 - elements.base_element - INFO - Waiting for button 'Main page -> Hovers page' to be clickable
2025-02-01 12:40:51,236 - elements.base_element - INFO - Clicking on button 'Main page -> Hovers page'
2025-02-01 12:41:02,581 - browser.browser - INFO - Get current URL
2025-02-01 12:41:02,586 - browser.browser - INFO - Return to previous page
2025-02-01 12:41:02,402 - browser.browser - INFO - Get current URL
2025-02-01 12:41:02,405 - browser.browser - INFO - Return to previous page
2025-02-01 12:41:02,939 - browser.browser - INFO - Get current URL
2025-02-01 12:41:02,944 - browser.browser - INFO - Return to previous page
2025-02-01 12:41:02,951 - browser.browser - INFO - Quit browser session
2025-02-01 12:41:03,543 - root - INFO - Open URL: https://the-internet.herokuapp.com/
2025-02-01 12:41:05,773 - elements.base_element - INFO - Waiting for button 'Main page -> Infinite Scroll page' to be clickable
2025-02-01 12:41:05,798 - elements.base_element - INFO - Clicking on button 'Main page -> Infinite Scroll page'
2025-02-01 12:42:30,554 - browser.browser - INFO - Quit browser session
2025-02-01 12:42:30,555 - urllib3.connectionpool - WARNING - Retrying (Retry(total=2, connect=None, read=None, redirect=None, status=None)) after connection broken by 'NewConnectionError('<urllib3.connection.HTTPConnection object at 0x7f2c7e72c080>: Failed to establish a new connection: [Errno 111] Connection refused')': /session/29b33877f58e9e0741b06867d14837d8
2025-02-01 12:42:30,555 - urllib3.connectionpool - WARNING - Retrying (Retry(total=1, connect=None, read=None, redirect=None, status=None)) after connection broken by 'NewConnectionError('<urllib3.connection.HTTPConnection object at 0x7f2c7e72fa40>: Failed to establish a new connection: [Errno 111] Connection refused')': /session/29b33877f58e9e0741b06867d14837d8
2025-02-01 12:42:30,555 - urllib3.connectionpool - WARNING - Retrying (Retry(total=0, connect=None, read=None, redirect=None, status=None)) after connection broken by 'NewConnectionError('<urllib3.connection.HTTPConnection object at 0x7f2c7e72f6b0>: Failed to establish a new connection: [Errno 111] Connection refused')': /session/29b33877f58e9e0741b06867d14837d8
2025-02-01 12:42:51,264 - root - INFO - Open URL: https://the-internet.herokuapp.com/
2025-02-01 12:42:54,163 - elements.base_element - INFO - Waiting for button 'Main page -> Alerts page' to be clickable
2025-02-01 12:42:54,193 - elements.base_element - INFO - Clicking on button 'Main page -> Alerts page'
2025-02-01 12:42:54,473 - elements.base_element - INFO - Waiting for button 'JS alerts page -> Alerts button' to be clickable
2025-02-01 12:42:54,493 - elements.base_element - INFO - Clicking on button 'JS alerts page -> Alerts button'
2025-02-01 12:42:54,560 - root - INFO - Switch to alert
2025-02-01 12:42:54,560 - browser.browser - INFO - Switching to alert
2025-02-01 12:42:54,561 - browser.browser - INFO - Waiting for alert to appear with timeout 10 seconds
2025-02-01 12:42:54,571 - root - INFO - Get alert text
2025-02-01 12:42:54,577 - browser.browser - INFO - Accept alert
2025-02-01 12:42:54,577 - browser.browser - INFO - Waiting for alert to appear with timeout 10 seconds
2025-02-01 12:42:54,583 - browser.browser - INFO - Switching to alert
2025-02-01 12:42:54,583 - browser.browser - INFO - Waiting for alert to appear with timeout 10 seconds
2025-02-01 12:42:54,601 - browser.browser - INFO - Alert successfuly accept
2025-02-01 12:42:54,621 - elements.base_element - INFO - Waiting for button 'JS alerts page -> Confirm button' to be clickable
2025-02-01 12:42:54,640 - elements.base_element - INFO - Clicking on button 'JS alerts page -> Confirm button'
2025-02-01 12:42:54,694 - browser.browser - INFO - Switching to alert
2025-02-01 12:42:54,694 - browser.browser - INFO - Waiting for alert to appear with timeout 10 seconds
2025-02-01 12:42:54,705 - root - INFO - Switch to alert
2025-02-01 12:42:54,705 - browser.browser - INFO - Switching to alert
2025-02-01 12:42:54,705 - browser.browser - INFO - Waiting for alert to appear with timeout 10 seconds
2025-02-01 12:42:54,716 - root - INFO - Get alert text
2025-02-01 12:42:54,721 - browser.browser - INFO - Accept alert
2025-02-01 12:42:54,722 - browser.browser - INFO - Waiting for alert to appear with timeout 10 seconds
2025-02-01 12:42:54,727 - browser.browser - INFO - Switching to alert
2025-02-01 12:42:54,727 - browser.browser - INFO - Waiting for alert to appear with timeout 10 seconds
2025-02-01 12:42:54,743 - browser.browser - INFO - Alert successfuly accept
2025-02-01 12:42:54,755 - elements.base_element - INFO - Waiting for button 'JS alerts page -> Prompt button' to be clickable
2025-02-01 12:42:54,775 - elements.base_element - INFO - Clicking on button 'JS alerts page -> Prompt button'
2025-02-01 12:42:54,828 - browser.browser - INFO - Switching to alert
2025-02-01 12:42:54,828 - browser.browser - INFO - Waiting for alert to appear with timeout 10 seconds
2025-02-01 12:42:54,839 - root - INFO - Switch to alert
2025-02-01 12:42:54,839 - browser.browser - INFO - Switching to alert
2025-02-01 12:42:54,840 - browser.browser - INFO - Waiting for alert to appear with timeout 10 seconds
2025-02-01 12:42:54,850 - root - INFO - Get alert text
2025-02-01 12:42:54,855 - browser.browser - INFO - Switching to alert
2025-02-01 12:42:54,855 - browser.browser - INFO - Waiting for alert to appear with timeout 10 seconds
2025-02-01 12:42:54,866 - browser.browser - INFO - Sending keys in alert: done
2025-02-01 12:42:54,871 - browser.browser - INFO - Accept alert
2025-02-01 12:42:54,872 - browser.browser - INFO - Waiting for alert to appear with timeout 10 seconds
2025-02-01 12:42:54,877 - browser.browser - INFO - Switching to alert
2025-02-01 12:42:54,877 - browser.browser - INFO - Waiting for alert to appear with timeout 10 seconds
2025-02-01 12:42:54,893 - browser.browser - INFO - Alert successfuly accept
2025-02-01 12:42:54,906 - browser.browser - INFO - Quit browser session
2025-02-01 12:42:55,522 - root - INFO - Open URL: https://the-internet.herokuapp.com/
2025-02-01 12:42:58,060 - elements.base_element - INFO - Waiting for button 'Main page -> Alerts page' to be clickable
2025-02-01 12:42:58,084 - elements.base_element - INFO - Clicking on button 'Main page -> Alerts page'
2025-02-01 12:42:58,395 - browser.browser - INFO - Executing script: 
    document.querySelectorAll('button').forEach(function(button) {{
        if (button.textContent.includes("{keys}")) {{
            button.click();
        }}
    }});
 with arguments: {'keys': 'Click for JS Alert'}
2025-02-01 12:42:58,412 - browser.browser - INFO - Accept alert
2025-02-01 12:42:58,412 - browser.browser - INFO - Waiting for alert to appear with timeout 10 seconds
2025-02-01 12:42:58,418 - browser.browser - INFO - Switching to alert
2025-02-01 12:42:58,418 - browser.browser - INFO - Waiting for alert to appear with timeout 10 seconds
2025-02-01 12:42:58,435 - browser.browser - INFO - Alert successfuly accept
2025-02-01 12:42:58,479 - browser.browser - INFO - Executing script: 
    document.querySelectorAll('button').forEach(function(button) {{
        if (button.textContent.includes("{keys}")) {{
            button.click();
        }}
    }});
 with arguments: {'keys': 'Click for JS Confirm'}
2025-02-01 12:42:58,494 - browser.browser - INFO - Accept alert
2025-02-01 12:42:58,494 - browser.browser - INFO - Waiting for alert to appear with timeout 10 seconds
2025-02-01 12:42:58,500 - browser.browser - INFO - Switching to alert
2025-02-01 12:42:58,500 - browser.browser - INFO - Waiting for alert to appear with timeout 10 seconds
2025-02-01 12:42:58,516 - browser.browser - INFO - Alert successfuly accept
2025-02-01 12:42:58,532 - browser.browser - INFO - Executing script: 
    window.prompt = function(message, defaultValue) {{
        return '{keys}';
    }};
     with arguments: {'keys': 'done'}
2025-02-01 12:42:58,537 - browser.browser - INFO - Executing script: 
    document.querySelectorAll('button').forEach(function(button) {{
        if (button.textContent.includes("{keys}")) {{
            button.click();
        }}
    }});
 with arguments: {'keys': 'Click for JS Prompt'}
2025-02-01 12:42:58,552 - browser.browser - INFO - Quit browser session
2025-02-01 12:42:59,089 - root - INFO - Open URL: https://the-internet.herokuapp.com/
2025-02-01 12:43:01,667 - elements.base_element - INFO - Waiting for button 'Main page -> Context Menu page' to be clickable
2025-02-01 12:43:01,691 - elements.base_element - INFO - Clicking on button 'Main page -> Context Menu page'
2025-02-01 12:43:02,009 - elements.base_element - INFO - Attempting to right-click on element: hot-spot for alert
2025-02-01 12:43:02,558 - root - INFO - Switch to alert
2025-02-01 12:43:02,558 - browser.browser - INFO - Switching to alert
2025-02-01 12:43:02,558 - browser.browser - INFO - Waiting for alert to appear with timeout 10 seconds
2025-02-01 12:43:02,568 - root - INFO - Get alert text
2025-02-01 12:43:02,574 - browser.browser - INFO - Accept alert
2025-02-01 12:43:02,574 - browser.browser - INFO - Waiting for alert to appear with timeout 10 seconds
2025-02-01 12:43:02,579 - browser.browser - INFO - Switching to alert
2025-02-01 12:43:02,579 - browser.browser - INFO - Waiting for alert to appear with timeout 10 seconds
2025-02-01 12:43:02,595 - browser.browser - INFO - Alert successfuly accept
2025-02-01 12:43:02,595 - browser.browser - INFO - Quit browser session
2025-02-01 12:43:03,156 - root - INFO - Open URL: https://the-internet.herokuapp.com/
2025-02-01 12:43:13,068 - elements.base_element - INFO - Waiting for button 'Main page -> Dynamic Content page' to be clickable
2025-02-01 12:43:13,092 - elements.base_element - INFO - Clicking on button 'Main page -> Dynamic Content page'
2025-02-01 12:43:24,251 - browser.browser - INFO - Refresh current page
2025-02-01 12:43:35,288 - browser.browser - INFO - Refresh current page
2025-02-01 12:43:45,608 - browser.browser - INFO - Refresh current page
2025-02-01 12:43:56,164 - browser.browser - INFO - Quit browser session
2025-02-01 12:43:57,843 - root - INFO - Open URL: https://the-internet.herokuapp.com/
2025-02-01 12:44:00,958 - elements.base_element - INFO - Waiting for button 'Main page -> Horizontal Slider page' to be clickable
2025-02-01 12:44:00,983 - elements.base_element - INFO - Clicking on button 'Main page -> Horizontal Slider page'
2025-02-01 12:44:01,394 - browser.browser - INFO - Quit browser session
2025-02-01 12:44:01,939 - root - INFO - Open URL: https://the-internet.herokuapp.com/
2025-02-01 12:44:04,167 - elements.base_element - INFO - Waiting for button 'Main page -> Hovers page' to be clickable
2025-02-01 12:44:04,192 - elements.base_element - INFO - Clicking on button 'Main page -> Hovers page'
2025-02-01 12:44:14,825 - browser.browser - INFO - Get current URL
2025-02-01 12:44:14,829 - browser.browser - INFO - Return to previous page
2025-02-01 12:44:15,396 - browser.browser - INFO - Get current URL
2025-02-01 12:44:15,399 - browser.browser - INFO - Return to previous page
2025-02-01 12:44:15,969 - browser.browser - INFO - Get current URL
2025-02-01 12:44:15,973 - browser.browser - INFO - Return to previous page
2025-02-01 12:44:15,980 - browser.browser - INFO - Quit browser session
2025-02-01 12:44:16,579 - root - INFO - Open URL: https://the-internet.herokuapp.com/
2025-02-01 12:44:19,036 - elements.base_element - INFO - Waiting for button 'Main page -> File Upload page' to be clickable
2025-02-01 12:44:19,061 - elements.base_element - INFO - Clicking on button 'Main page -> File Upload page'
2025-02-01 12:44:19,748 - browser.browser - INFO - Uploading file: /mnt/c/PycharmProjects/aqa_students/test_files/SteamSetup.exe
2025-02-01 12:44:19,769 - elements.base_element - INFO - Send keys to element: Upload file page -> Select file
2025-02-01 12:44:19,799 - elements.base_element - ERROR - Error sending keys to element Upload file page -> Select file: Message: invalid argument: File not found : /mnt/c/PycharmProjects/aqa_students/test_files/SteamSetup.exe
  (Session info: chrome=132.0.6834.83)
Stacktrace:
#0 0x5580694a3a5a <unknown>
#1 0x558068fb12f0 <unknown>
#2 0x558068ff8e22 <unknown>
#3 0x558069024bc2 <unknown>
#4 0x558068ff3e78 <unknown>
#5 0x558069024d8e <unknown>
#6 0x55806904311e <unknown>
#7 0x558069024963 <unknown>
#8 0x558068ff1eec <unknown>
#9 0x558068ff313e <unknown>
#10 0x5580694701cf <unknown>
#11 0x5580694742dd <unknown>
#12 0x55806945e6d7 <unknown>
#13 0x558069474a51 <unknown>
#14 0x558069445d1e <unknown>
#15 0x558069492538 <unknown>
#16 0x55806949273a <unknown>
#17 0x5580694a26cc <unknown>
#18 0x7f42c3f41ac3 <unknown>

2025-02-01 12:44:21,081 - browser.browser - INFO - Quit browser session
2025-02-01 12:44:21,689 - root - INFO - Open URL: https://the-internet.herokuapp.com/
2025-02-01 12:44:23,941 - elements.base_element - INFO - Waiting for button 'Main page -> File Upload page' to be clickable
2025-02-01 12:44:23,967 - elements.base_element - INFO - Clicking on button 'Main page -> File Upload page'
2025-02-01 12:44:24,693 - elements.base_element - INFO - Send keys to element: Upload file page -> Hidden input
2025-02-01 12:44:24,721 - elements.base_element - ERROR - Error sending keys to element Upload file page -> Hidden input: Message: invalid argument: File not found : /mnt/c/PycharmProjects/aqa_students/test_files/SteamSetup.exe
  (Session info: chrome=132.0.6834.83)
Stacktrace:
#0 0x55adb5fe2a5a <unknown>
#1 0x55adb5af02f0 <unknown>
#2 0x55adb5b37e22 <unknown>
#3 0x55adb5b63bc2 <unknown>
#4 0x55adb5b32e78 <unknown>
#5 0x55adb5b63d8e <unknown>
#6 0x55adb5b8211e <unknown>
#7 0x55adb5b63963 <unknown>
#8 0x55adb5b30eec <unknown>
#9 0x55adb5b3213e <unknown>
#10 0x55adb5faf1cf <unknown>
#11 0x55adb5fb32dd <unknown>
#12 0x55adb5f9d6d7 <unknown>
#13 0x55adb5fb3a51 <unknown>
#14 0x55adb5f84d1e <unknown>
#15 0x55adb5fd1538 <unknown>
#16 0x55adb5fd173a <unknown>
#17 0x55adb5fe16cc <unknown>
#18 0x7fca01d4eac3 <unknown>

2025-02-01 12:44:24,775 - browser.browser - INFO - Quit browser session
2025-02-01 12:46:23,881 - root - INFO - Open URL: https://the-internet.herokuapp.com/
2025-02-01 12:46:26,636 - elements.base_element - INFO - Waiting for button 'Main page -> Alerts page' to be clickable
2025-02-01 12:46:26,673 - elements.base_element - INFO - Clicking on button 'Main page -> Alerts page'
2025-02-01 12:46:26,953 - elements.base_element - INFO - Waiting for button 'JS alerts page -> Alerts button' to be clickable
2025-02-01 12:46:26,971 - elements.base_element - INFO - Clicking on button 'JS alerts page -> Alerts button'
2025-02-01 12:46:27,034 - root - INFO - Switch to alert
2025-02-01 12:46:27,034 - browser.browser - INFO - Switching to alert
2025-02-01 12:46:27,034 - browser.browser - INFO - Waiting for alert to appear with timeout 10 seconds
2025-02-01 12:46:27,044 - root - INFO - Get alert text
2025-02-01 12:46:27,050 - browser.browser - INFO - Accept alert
2025-02-01 12:46:27,050 - browser.browser - INFO - Waiting for alert to appear with timeout 10 seconds
2025-02-01 12:46:27,055 - browser.browser - INFO - Switching to alert
2025-02-01 12:46:27,055 - browser.browser - INFO - Waiting for alert to appear with timeout 10 seconds
2025-02-01 12:46:27,071 - browser.browser - INFO - Alert successfuly accept
2025-02-01 12:46:27,090 - elements.base_element - INFO - Waiting for button 'JS alerts page -> Confirm button' to be clickable
2025-02-01 12:46:27,109 - elements.base_element - INFO - Clicking on button 'JS alerts page -> Confirm button'
2025-02-01 12:46:27,164 - browser.browser - INFO - Switching to alert
2025-02-01 12:46:27,164 - browser.browser - INFO - Waiting for alert to appear with timeout 10 seconds
2025-02-01 12:46:27,174 - root - INFO - Switch to alert
2025-02-01 12:46:27,174 - browser.browser - INFO - Switching to alert
2025-02-01 12:46:27,175 - browser.browser - INFO - Waiting for alert to appear with timeout 10 seconds
2025-02-01 12:46:27,185 - root - INFO - Get alert text
2025-02-01 12:46:27,190 - browser.browser - INFO - Accept alert
2025-02-01 12:46:27,190 - browser.browser - INFO - Waiting for alert to appear with timeout 10 seconds
2025-02-01 12:46:27,196 - browser.browser - INFO - Switching to alert
2025-02-01 12:46:27,196 - browser.browser - INFO - Waiting for alert to appear with timeout 10 seconds
2025-02-01 12:46:27,211 - browser.browser - INFO - Alert successfuly accept
2025-02-01 12:46:27,223 - elements.base_element - INFO - Waiting for button 'JS alerts page -> Prompt button' to be clickable
2025-02-01 12:46:27,242 - elements.base_element - INFO - Clicking on button 'JS alerts page -> Prompt button'
2025-02-01 12:46:27,296 - browser.browser - INFO - Switching to alert
2025-02-01 12:46:27,297 - browser.browser - INFO - Waiting for alert to appear with timeout 10 seconds
2025-02-01 12:46:27,307 - root - INFO - Switch to alert
2025-02-01 12:46:27,307 - browser.browser - INFO - Switching to alert
2025-02-01 12:46:27,307 - browser.browser - INFO - Waiting for alert to appear with timeout 10 seconds
2025-02-01 12:46:27,317 - root - INFO - Get alert text
2025-02-01 12:46:27,322 - browser.browser - INFO - Switching to alert
2025-02-01 12:46:27,323 - browser.browser - INFO - Waiting for alert to appear with timeout 10 seconds
2025-02-01 12:46:27,333 - browser.browser - INFO - Sending keys in alert: done
2025-02-01 12:46:27,338 - browser.browser - INFO - Accept alert
2025-02-01 12:46:27,338 - browser.browser - INFO - Waiting for alert to appear with timeout 10 seconds
2025-02-01 12:46:27,343 - browser.browser - INFO - Switching to alert
2025-02-01 12:46:27,344 - browser.browser - INFO - Waiting for alert to appear with timeout 10 seconds
2025-02-01 12:46:27,360 - browser.browser - INFO - Alert successfuly accept
2025-02-01 12:46:27,373 - browser.browser - INFO - Quit browser session
2025-02-01 12:46:28,035 - root - INFO - Open URL: https://the-internet.herokuapp.com/
2025-02-01 12:46:30,219 - elements.base_element - INFO - Waiting for button 'Main page -> Alerts page' to be clickable
2025-02-01 12:46:30,243 - elements.base_element - INFO - Clicking on button 'Main page -> Alerts page'
2025-02-01 12:46:30,522 - browser.browser - INFO - Executing script: 
    document.querySelectorAll('button').forEach(function(button) {{
        if (button.textContent.includes("{keys}")) {{
            button.click();
        }}
    }});
 with arguments: {'keys': 'Click for JS Alert'}
2025-02-01 12:46:30,538 - browser.browser - INFO - Accept alert
2025-02-01 12:46:30,538 - browser.browser - INFO - Waiting for alert to appear with timeout 10 seconds
2025-02-01 12:46:30,544 - browser.browser - INFO - Switching to alert
2025-02-01 12:46:30,544 - browser.browser - INFO - Waiting for alert to appear with timeout 10 seconds
2025-02-01 12:46:30,561 - browser.browser - INFO - Alert successfuly accept
2025-02-01 12:46:30,608 - browser.browser - INFO - Executing script: 
    document.querySelectorAll('button').forEach(function(button) {{
        if (button.textContent.includes("{keys}")) {{
            button.click();
        }}
    }});
 with arguments: {'keys': 'Click for JS Confirm'}
2025-02-01 12:46:30,623 - browser.browser - INFO - Accept alert
2025-02-01 12:46:30,624 - browser.browser - INFO - Waiting for alert to appear with timeout 10 seconds
2025-02-01 12:46:30,629 - browser.browser - INFO - Switching to alert
2025-02-01 12:46:30,629 - browser.browser - INFO - Waiting for alert to appear with timeout 10 seconds
2025-02-01 12:46:30,645 - browser.browser - INFO - Alert successfuly accept
2025-02-01 12:46:30,662 - browser.browser - INFO - Executing script: 
    window.prompt = function(message, defaultValue) {{
        return '{keys}';
    }};
     with arguments: {'keys': 'done'}
2025-02-01 12:46:30,666 - browser.browser - INFO - Executing script: 
    document.querySelectorAll('button').forEach(function(button) {{
        if (button.textContent.includes("{keys}")) {{
            button.click();
        }}
    }});
 with arguments: {'keys': 'Click for JS Prompt'}
2025-02-01 12:46:30,681 - browser.browser - INFO - Quit browser session
2025-02-01 12:46:31,212 - root - INFO - Open URL: https://the-internet.herokuapp.com/
2025-02-01 12:46:33,382 - elements.base_element - INFO - Waiting for button 'Main page -> Context Menu page' to be clickable
2025-02-01 12:46:33,407 - elements.base_element - INFO - Clicking on button 'Main page -> Context Menu page'
2025-02-01 12:46:33,666 - elements.base_element - INFO - Attempting to right-click on element: hot-spot for alert
2025-02-01 12:46:34,215 - root - INFO - Switch to alert
2025-02-01 12:46:34,216 - browser.browser - INFO - Switching to alert
2025-02-01 12:46:34,216 - browser.browser - INFO - Waiting for alert to appear with timeout 10 seconds
2025-02-01 12:46:34,226 - root - INFO - Get alert text
2025-02-01 12:46:34,231 - browser.browser - INFO - Accept alert
2025-02-01 12:46:34,232 - browser.browser - INFO - Waiting for alert to appear with timeout 10 seconds
2025-02-01 12:46:34,237 - browser.browser - INFO - Switching to alert
2025-02-01 12:46:34,237 - browser.browser - INFO - Waiting for alert to appear with timeout 10 seconds
2025-02-01 12:46:34,253 - browser.browser - INFO - Alert successfuly accept
2025-02-01 12:46:34,254 - browser.browser - INFO - Quit browser session
2025-02-01 12:46:34,837 - root - INFO - Open URL: https://the-internet.herokuapp.com/
2025-02-01 12:46:37,044 - elements.base_element - INFO - Waiting for button 'Main page -> Dynamic Content page' to be clickable
2025-02-01 12:46:37,068 - elements.base_element - INFO - Clicking on button 'Main page -> Dynamic Content page'
2025-02-01 12:46:47,966 - browser.browser - INFO - Quit browser session
2025-02-01 12:46:48,566 - root - INFO - Open URL: https://the-internet.herokuapp.com/
2025-02-01 12:46:50,044 - elements.base_element - INFO - Waiting for button 'Main page -> Horizontal Slider page' to be clickable
2025-02-01 12:46:50,069 - elements.base_element - INFO - Clicking on button 'Main page -> Horizontal Slider page'
2025-02-01 12:46:50,475 - browser.browser - INFO - Quit browser session
2025-02-01 12:46:51,042 - root - INFO - Open URL: https://the-internet.herokuapp.com/
2025-02-01 12:46:53,202 - elements.base_element - INFO - Waiting for button 'Main page -> Hovers page' to be clickable
2025-02-01 12:46:53,227 - elements.base_element - INFO - Clicking on button 'Main page -> Hovers page'
2025-02-01 12:47:04,471 - browser.browser - INFO - Get current URL
2025-02-01 12:47:04,475 - browser.browser - INFO - Return to previous page
2025-02-01 12:47:04,990 - browser.browser - INFO - Get current URL
2025-02-01 12:47:04,993 - browser.browser - INFO - Return to previous page
2025-02-01 12:47:05,511 - browser.browser - INFO - Get current URL
2025-02-01 12:47:05,515 - browser.browser - INFO - Return to previous page
2025-02-01 12:47:05,523 - browser.browser - INFO - Quit browser session
2025-02-01 12:47:06,133 - root - INFO - Open URL: https://the-internet.herokuapp.com/
2025-02-01 12:47:08,294 - elements.base_element - INFO - Waiting for button 'Main page -> File Upload page' to be clickable
2025-02-01 12:47:08,318 - elements.base_element - INFO - Clicking on button 'Main page -> File Upload page'
2025-02-01 12:47:08,909 - browser.browser - INFO - Uploading file: /mnt/c/PycharmProjects/aqa_students/test_files/SteamSetup.exe
2025-02-01 12:47:08,930 - elements.base_element - INFO - Send keys to element: Upload file page -> Select file
2025-02-01 12:47:08,966 - browser.browser - INFO - Executing script: 
    return document.getElementById('file-upload').value;
     with arguments: {}
2025-02-01 12:47:08,970 - elements.base_element - INFO - Waiting for button 'Upload File page -> Button upload' to be clickable
2025-02-01 12:47:08,989 - elements.base_element - INFO - Clicking on button 'Upload File page -> Button upload'
2025-02-01 12:47:10,656 - browser.browser - INFO - Quit browser session
2025-02-01 12:47:11,232 - root - INFO - Open URL: https://the-internet.herokuapp.com/
2025-02-01 12:47:20,035 - elements.base_element - INFO - Waiting for button 'Main page -> File Upload page' to be clickable
2025-02-01 12:47:20,059 - elements.base_element - INFO - Clicking on button 'Main page -> File Upload page'
2025-02-01 12:47:21,555 - elements.base_element - INFO - Send keys to element: Upload file page -> Hidden input
2025-02-01 12:47:20,936 - browser.browser - INFO - Quit browser session
2025-02-01 13:50:36,117 - WDM - INFO - ====== WebDriver manager ======
2025-02-01 13:50:38,238 - WDM - INFO - Get LATEST chromedriver version for google-chrome
2025-02-01 13:50:38,532 - WDM - INFO - Get LATEST chromedriver version for google-chrome
2025-02-01 13:50:38,751 - WDM - INFO - Driver [C:\Users\mdsmy\.wdm\drivers\chromedriver\win64\132.0.6834.159\chromedriver-win32/chromedriver.exe] found in cache
2025-02-01 13:50:39,874 - root - INFO - Open URL: https://the-internet.herokuapp.com/
2025-02-01 13:50:42,222 - elements.base_element - INFO - Waiting for button 'Main page -> Hovers page' to be clickable
2025-02-01 13:50:42,268 - elements.base_element - INFO - Clicking on button 'Main page -> Hovers page'
2025-02-01 13:50:53,363 - browser.browser - INFO - Get current URL
2025-02-01 13:50:53,366 - browser.browser - INFO - Return to previous page
2025-02-01 13:50:53,869 - browser.browser - INFO - Get current URL
2025-02-01 13:50:53,871 - browser.browser - INFO - Return to previous page
2025-02-01 13:50:54,374 - browser.browser - INFO - Get current URL
2025-02-01 13:50:54,377 - browser.browser - INFO - Return to previous page
2025-02-01 13:50:54,387 - browser.browser - INFO - Quit browser session
2025-02-01 13:51:12,726 - WDM - INFO - ====== WebDriver manager ======
2025-02-01 13:51:12,860 - WDM - INFO - Get LATEST chromedriver version for google-chrome
2025-02-01 13:53:03,555 - root - INFO - Open URL: https://the-internet.herokuapp.com/
2025-02-01 13:53:12,981 - elements.base_element - INFO - Waiting for button 'Main page -> Hovers page' to be clickable
2025-02-01 13:53:13,016 - elements.base_element - INFO - Clicking on button 'Main page -> Hovers page'
2025-02-01 13:53:24,944 - browser.browser - INFO - Get current URL
2025-02-01 13:53:24,948 - browser.browser - INFO - Return to previous page
2025-02-01 13:53:25,479 - browser.browser - INFO - Get current URL
2025-02-01 13:53:25,482 - browser.browser - INFO - Return to previous page
2025-02-01 13:53:25,995 - browser.browser - INFO - Get current URL
2025-02-01 13:53:25,998 - browser.browser - INFO - Return to previous page
2025-02-01 13:53:26,005 - browser.browser - INFO - Quit browser session
